== summary (121 run) ==
experiment                                                                                   dataset  model  n  epochs  task_clean_acc  task_adv_acc  det_clean_acc  det_adv_acc  clean_acc_e2e  robust_acc_e2e  threshold_det  val_score       infer_ms   infer_ms_adv  infer_exit_rate_adv  duration_s
-----------------------------------------------------------------------------------------  ---------  -----  -  ------  --------------  ------------  -------------  -----------  -------------  --------------  -------------  ---------  -------------  -------------  -------------------  ----------
s2/fur/pgd/3_layers/[hidden_dims=(128,64,16),detector_dims=(64,32),wrap_at=(0,)]           unsw-nb15    det  1       8          0.8730        0.1846         0.9955       0.9983         0.8689          0.9997         0.5800     0.9703  0.6095±0.0494  0.6031±0.0466               0.0000         110
s2/fur/pgd/3_layers/[hidden_dims=(128,64,16),detector_dims=(64,32),wrap_at=(0,1,2)]        unsw-nb15    det  1      10          0.8808        0.0483         0.9992       0.9978         0.8803          0.9984         0.4400     0.9700  0.9273±0.0833  0.9284±0.0766               0.0000         171
s2/fur/pgd/2_layers/[hidden_dims=(128,64),detector_dims=(64,32),wrap_at=(0,)]              unsw-nb15    det  1       9          0.8747        0.2115         0.9973       0.9982         0.8727          0.9991         0.3600     0.9698  0.6165±0.0898  0.5911±0.0896               0.0000         103
s2/fur/pgd/3_layers/[hidden_dims=(256,128,32),detector_dims=(64,32),wrap_at=(0,)]          unsw-nb15    det  1       7          0.8781        0.1595         0.9976       0.9983         0.8762          0.9994         0.5200     0.9698  0.4176±0.0964  0.4172±0.0965               0.0000          90
s2/det/pgd/2_layers/[hidden_dims=(128,64),detector_dims=(64,32),wrap_at=(0,)]              unsw-nb15    det  1       8          0.8608        0.3559         0.9976       0.9981         0.8586          0.9993         0.1900     0.9693  0.5507±0.1349  0.5371±0.1311               0.0000          70
s2/fur/pgd/2_layers/[hidden_dims=(64,32),detector_dims=(64,32),wrap_at=(0,)]               unsw-nb15    det  1      10          0.8712        0.1546         0.9976       0.9995         0.8691          0.9998         0.3000     0.9692  0.3519±0.0555  0.3556±0.0612               0.0000         116
s2/fur/pgd/2_layers/[hidden_dims=(128,64),detector_dims=(32,16),wrap_at=(0,)]              unsw-nb15    det  1      10          0.8886        0.1378         0.9977       0.9989         0.8868          0.9997         0.3800     0.9692  0.3665±0.0749  0.3572±0.0698               0.0000         116
s2/det/pgd/2_layers/[hidden_dims=(128,64),detector_dims=(32,16),wrap_at=(0,)]              unsw-nb15    det  1       8          0.8708        0.3585         0.9978       0.9966         0.8689          0.9990         0.4100     0.9689  0.6222±0.1490  0.6761±0.1191               0.0000          82
s2/fur/pgd/2_layers/[hidden_dims=(128,64),detector_dims=(32,16),wrap_at=(1,)]              unsw-nb15    det  1      10          0.8679        0.0686         0.9956       0.9966         0.8641          0.9976         0.5100     0.9689  0.5598±0.0804  0.5495±0.0821               0.0000         111
s2/fur/pgd/2_layers/[hidden_dims=(128,64),detector_dims=(32,16),wrap_at=(0,1)]             unsw-nb15    det  1      10          0.8616        0.0534         0.9985       0.9991         0.8610          0.9999         0.5000     0.9689  0.7267±0.1049  0.6601±0.0733               0.0000         137
s2/fur/pgd/3_layers/[hidden_dims=(256,128,32),detector_dims=(64,32),wrap_at=(0,2)]         unsw-nb15    det  1       8          0.8767        0.0354         0.9995       0.9994         0.8764          0.9995         0.5000     0.9688  0.6660±0.0483  0.6662±0.0512               0.0000         126
s2/det/pgd/3_layers/[hidden_dims=(128,64,16),detector_dims=(64,32),wrap_at=(0,1,2)]        unsw-nb15    det  1       9          0.8685        0.3028         0.9856       0.9953         0.8552          0.9974         0.4400     0.9687  0.8934±0.0690  0.8899±0.0697               0.0000         121
s2/fur/pgd/2_layers/[hidden_dims=(32,16),detector_dims=(64,32),wrap_at=(0,)]               unsw-nb15    det  1       8          0.8639        0.1477         0.9976       0.9988         0.8616          0.9991         0.4500     0.9687  0.3564±0.0671  0.3543±0.0650               0.0000          99
s2/fur/pgd/2_layers/[hidden_dims=(128,64),detector_dims=(64,32),wrap_at=(0,1)]             unsw-nb15    det  1       9          0.8696        0.0685         0.9990       0.9993         0.8688          0.9997         0.5500     0.9687  0.6428±0.0490  0.6435±0.0518               0.0000         123
s2/fur/pgd/3_layers/[hidden_dims=(256,128,32),detector_dims=(64,32),wrap_at=(0,1,2)]       unsw-nb15    det  1       8          0.8756        0.0650         0.9971       0.9991         0.8733          0.9994         0.4000     0.9687  0.7456±0.1729  0.6952±0.0679               0.0000         137
s2/det/pgd/3_layers/[hidden_dims=(128,64,16),detector_dims=(64,32),wrap_at=(0,)]           unsw-nb15    det  1       8          0.8633        0.3683         0.9919       0.9962         0.8568          0.9984         0.4400     0.9684  0.6445±0.1396  0.6562±0.1527               0.0000          93
s2/det/pgd/3_layers/[hidden_dims=(256,128,32),detector_dims=(64,32),wrap_at=(0,2)]         unsw-nb15    det  1      10          0.8842        0.3536         0.9986       0.9946         0.8830          0.9968         0.5000     0.9682  0.8030±0.0872  0.8252±0.1401               0.0000         122
s2/fur/pgd/3_layers/[hidden_dims=(128,64,16),detector_dims=(64,32),wrap_at=(0,2)]          unsw-nb15    det  1       8          0.8765        0.0660         0.9990       0.9982         0.8760          0.9995         0.5000     0.9682  0.5641±0.0822  0.5607±0.0840               0.0000         122
s2/det/pgd/2_layers/[hidden_dims=(128,64),detector_dims=(64,32),wrap_at=(0,1)]             unsw-nb15    det  1       8          0.8789        0.3239         0.9964       0.9978         0.8757          0.9993         0.5000     0.9680  0.5231±0.0783  0.5792±0.1456               0.0000          88
s2/det/pgd/2_layers/[hidden_dims=(64,32),detector_dims=(32,16),wrap_at=(0,1)]              unsw-nb15    det  1      10          0.8647        0.4191         0.9919       0.9946         0.8573          0.9964         0.4400     0.9678  0.4973±0.0912  0.5126±0.0939               0.0000         111
s2/fur/pgd/2_layers/[hidden_dims=(64,32),detector_dims=(32,16),wrap_at=(0,)]               unsw-nb15    det  1       6          0.8599        0.1583         0.9979       0.9984         0.8580          0.9993         0.2700     0.9678  0.3528±0.0631  0.3544±0.0646               0.0000          74
s2/det/pgd/2_layers/[hidden_dims=(32,16),detector_dims=(64,32),wrap_at=(0,1)]              unsw-nb15    det  1      10          0.8717        0.3142         0.9828       0.9946         0.8573          0.9977         0.5000     0.9676  0.4934±0.0753  0.7236±0.1893               0.0000         109
s2/det/pgd/2_layers/[hidden_dims=(32,16),detector_dims=(64,32),wrap_at=(0,)]               unsw-nb15    det  1       8          0.8543        0.3572         0.9944       0.9936         0.8493          0.9980         0.3800     0.9675  0.5541±0.1246  0.5592±0.1314               0.0000          80
s2/det/pgd/2_layers/[hidden_dims=(64,32),detector_dims=(64,32),wrap_at=(0,)]               unsw-nb15    det  1       8          0.8665        0.3791         0.9943       0.9978         0.8625          0.9992         0.3200     0.9675  0.5554±0.1358  0.5439±0.1197               0.0000          79
s2/det/pgd/2_layers/[hidden_dims=(128,64),detector_dims=(32,16),wrap_at=(0,1)]             unsw-nb15    det  1       8          0.8728        0.4056         0.9911       0.9960         0.8648          0.9976         0.4800     0.9675  0.7708±0.1058  0.7758±0.1056               0.0000          86
s2/fur/pgd/2_layers/[hidden_dims=(64,32),detector_dims=(64,32),wrap_at=(0,1)]              unsw-nb15    det  1       6          0.8561        0.1247         0.9939       0.9955         0.8523          0.9987         0.5100     0.9675  0.6422±0.0517  0.6342±0.0462               0.0000          90
s2/det/pgd/2_layers/[hidden_dims=(32,16),detector_dims=(32,16),wrap_at=(0,)]               unsw-nb15    det  1      10          0.8659        0.3448         0.9937       0.9927         0.8620          0.9974         0.5100     0.9673  0.4866±0.1472  0.5396±0.2025               0.0000         102
s2/det/pgd/2_layers/[hidden_dims=(64,32),detector_dims=(32,16),wrap_at=(0,)]               unsw-nb15    det  1       6          0.8515        0.4059         0.9934       0.9955         0.8464          0.9987         0.4600     0.9673  0.5637±0.1829  0.4117±0.0634               0.0000          64
s2/fur/pgd/2_layers/[hidden_dims=(32,16),detector_dims=(32,16),wrap_at=(0,)]               unsw-nb15    det  1      10          0.8585        0.1243         0.9901       0.9967         0.8493          0.9977         0.2200     0.9673  0.5777±0.0690  0.5545±0.0575               0.0000         124
s2/fur/pgd/2_layers/[hidden_dims=(32,16),detector_dims=(64,32),wrap_at=(0,1)]              unsw-nb15    det  1       9          0.8687        0.0716         0.9951       0.9980         0.8658          0.9987         0.4900     0.9672  0.6717±0.0936  0.6327±0.0618               0.0000         124
s2/det/pgd/3_layers/[hidden_dims=(256,128,32),detector_dims=(64,32),wrap_at=(0,)]          unsw-nb15    det  1       7          0.8834        0.3825         0.9967       0.9957         0.8806          0.9976         0.4000     0.9671  0.7206±0.1427  0.7242±0.1398               0.0000          79
s2/det/pgd/2_layers/[hidden_dims=(64,32),detector_dims=(64,32),wrap_at=(0,1)]              unsw-nb15    det  1       6          0.8553        0.4627         0.9921       0.9939         0.8501          0.9979         0.4800     0.9670  0.7454±0.1065  0.7689±0.1108               0.0000          62
s2/det/pgd/2_layers/[hidden_dims=(128,64),detector_dims=(32,16),wrap_at=(1,)]              unsw-nb15    det  1      10          0.8680        0.3277         0.9638       0.9896         0.8348          0.9930         0.4000     0.9666  0.5106±0.0759  0.5223±0.1311               0.0000          97
s2/det/pgd/2_layers/[hidden_dims=(128,64),detector_dims=(64,32),wrap_at=(1,)]              unsw-nb15    det  1       8          0.8692        0.3665         0.9653       0.9921         0.8365          0.9972         0.4000     0.9662  0.4584±0.1057  0.5014±0.0877               0.0000          78
s2/det/pgd/3_layers/[hidden_dims=(128,64,16),detector_dims=(64,32),wrap_at=(0,2)]          unsw-nb15    det  1      10          0.8772        0.3441         0.9962       0.9952         0.8751          0.9977         0.5000     0.9661  0.7540±0.0932  0.7508±0.0921               0.0000         122
s2/fur/pgd/2_layers/[hidden_dims=(32,16),detector_dims=(32,16),wrap_at=(0,1)]              unsw-nb15    det  1       8          0.8625        0.0958         0.9958       0.9967         0.8587          0.9978         0.5000     0.9661  0.5532±0.0807  0.5571±0.0802               0.0000         110
s2/fur/pgd/2_layers/[hidden_dims=(64,32),detector_dims=(32,16),wrap_at=(0,1)]              unsw-nb15    det  1       7          0.8669        0.1049         0.9982       0.9982         0.8653          0.9987         0.5000     0.9659  0.6626±0.0813  0.6584±0.1694               0.0000         100
s2/fur/pgd/2_layers/[hidden_dims=(64,32),detector_dims=(64,32),wrap_at=(1,)]               unsw-nb15    det  1       9          0.8731        0.1153         0.9934       0.9948         0.8688          0.9968         0.5500     0.9658  0.6024±0.0595  0.5979±0.0754               0.0000         102
s2/fur/pgd/2_layers/[hidden_dims=(128,64),detector_dims=(64,32),wrap_at=(1,)]              unsw-nb15    det  1       8          0.8717        0.1012         0.9913       0.9957         0.8648          0.9975         0.5000     0.9658  0.3791±0.0900  0.3689±0.0743               0.0000          91
s2/fur/pgd/2_layers/[hidden_dims=(64,32),detector_dims=(32,16),wrap_at=(1,)]               unsw-nb15    det  1      10          0.8697        0.0928         0.9903       0.9932         0.8608          0.9959         0.2300     0.9654  0.5467±0.0668  0.5551±0.0599               0.0000         118
s2/det/pgd/3_layers/[hidden_dims=(256,128,32),detector_dims=(64,32),wrap_at=(0,1,2)]       unsw-nb15    det  1       8          0.8814        0.3745         0.9877       0.9946         0.8713          0.9971         0.4200     0.9650  0.8836±0.0671  0.8753±0.0651               0.0000         106
s2/fur/pgd/2_layers/[hidden_dims=(32,16),detector_dims=(64,32),wrap_at=(1,)]               unsw-nb15    det  1      10          0.8698        0.1094         0.9931       0.9898         0.8638          0.9922         0.6300     0.9650  0.5546±0.0636  0.5556±0.0608               0.0000         108
s2/det/pgd/2_layers/[hidden_dims=(32,16),detector_dims=(32,16),wrap_at=(0,1)]              unsw-nb15    det  1       8          0.8550        0.4034         0.9872       0.9906         0.8434          0.9951         0.4900     0.9648  0.8744±0.1989  0.8112±0.1532               0.0000          90
s2/det/pgd/2_layers/[hidden_dims=(64,32),detector_dims=(64,32),wrap_at=(1,)]               unsw-nb15    det  1      10          0.8755        0.3138         0.9663       0.9886         0.8436          0.9933         0.2900     0.9648  0.7317±0.1955  0.4621±0.1204               0.0000          97
s2/fur/adaptive/3_layers/[hidden_dims=(128,64,16),detector_dims=(64,32),wrap_at=(0,1,2)]   unsw-nb15    det  1      10          0.8674        0.2559         0.9083       0.9463         0.7920          0.9974         0.3500     0.9643  0.9425±0.0635  0.8779±0.0462               0.0000         343
s2/fur/adaptive/3_layers/[hidden_dims=(256,128,32),detector_dims=(64,32),wrap_at=(0,)]     unsw-nb15    det  1      10          0.8517        0.1716         0.9644       0.9642         0.8188          0.9984         0.4300     0.9643  0.5984±0.0407  0.5977±0.0387               0.0000         232
s2/det/pgd/2_layers/[hidden_dims=(32,16),detector_dims=(64,32),wrap_at=(1,)]               unsw-nb15    det  1      10          0.8739        0.3452         0.9784       0.9845         0.8564          0.9908         0.4300     0.9634  0.5612±0.1370  0.5838±0.1432               0.0000          94
s2/det/pgd/2_layers/[hidden_dims=(64,32),detector_dims=(32,16),wrap_at=(1,)]               unsw-nb15    det  1      10          0.8654        0.3410         0.9432       0.9742         0.8111          0.9909         0.5300     0.9628  0.4069±0.0671  0.4287±0.0590               0.0000          96
s2/fur/pgd/3_layers/[hidden_dims=(128,64,16),detector_dims=(64,32),wrap_at=(2,)]           unsw-nb15    det  1      10          0.8687        0.0406         0.9775       0.9834         0.8478          0.9851         0.6400     0.9624  0.4321±0.0929  0.4589±0.1352               0.0000         125
s2/fur/adaptive/2_layers/[hidden_dims=(128,64),detector_dims=(64,32),wrap_at=(0,1)]        unsw-nb15    det  1      10          0.8792        0.2547         0.9539       0.9532         0.8361          0.9982         0.4300     0.9622  0.6312±0.0486  0.6313±0.0451               0.0000         259
s2/fur/pgd/2_layers/[hidden_dims=(32,16),detector_dims=(32,16),wrap_at=(1,)]               unsw-nb15    det  1       7          0.8539        0.1560         0.9808       0.9815         0.8372          0.9863         0.5100     0.9600  0.5581±0.0644  0.5211±0.1899               0.0000          84
s2/det/pgd/2_layers/[hidden_dims=(32,16),detector_dims=(32,16),wrap_at=(1,)]               unsw-nb15    det  1      10          0.8701        0.3493         0.9628       0.9753         0.8379          0.9880         0.5400     0.9598  0.6635±0.2131  0.6781±0.2338               0.0000          94
s2/fur/pgd/3_layers/[hidden_dims=(256,128,32),detector_dims=(64,32),wrap_at=(2,)]          unsw-nb15    det  1       6          0.8583        0.0574         0.9844       0.9837         0.8463          0.9865         0.3900     0.9581  0.6251±0.0582  0.6195±0.0536               0.0000          81
s2/fur/adaptive/3_layers/[hidden_dims=(128,64,16),detector_dims=(64,32),wrap_at=(0,2)]     unsw-nb15    det  1      10          0.8615        0.2149         0.9033       0.8892         0.7888          0.9927         0.4400     0.9562  0.6153±0.1029  0.5899±0.0909               0.0000         287
s2/fur/adaptive/3_layers/[hidden_dims=(128,64,16),detector_dims=(64,32),wrap_at=(0,)]      unsw-nb15    det  1      10          0.8789        0.2313         0.9366       0.9503         0.8178          0.9933         0.3800     0.9543  0.4424±0.1101  0.4525±0.1129               0.0000         229
s2/fur/adaptive/2_layers/[hidden_dims=(128,64),detector_dims=(64,32),wrap_at=(0,)]         unsw-nb15    det  1      10          0.8857        0.1735         0.9386       0.9363         0.8272          0.9969         0.5100     0.9541  0.5478±0.0737  0.5542±0.0838               0.0000         215
s2/fur/adaptive/2_layers/[hidden_dims=(128,64),detector_dims=(32,16),wrap_at=(0,1)]        unsw-nb15    det  1      10          0.8711        0.3238         0.8862       0.9311         0.7744          0.9932         0.4400     0.9518  0.8148±0.0715  0.8118±0.0728               0.0000         274
s2/fur/adaptive/2_layers/[hidden_dims=(64,32),detector_dims=(64,32),wrap_at=(0,1)]         unsw-nb15    det  1      10          0.8766        0.3441         0.8262       0.9194         0.7235          0.9910         0.3800     0.9513  0.6388±0.0487  0.6314±0.0478               0.0000         267
s2/det/pgd/3_layers/[hidden_dims=(128,64,16),detector_dims=(64,32),wrap_at=(2,)]           unsw-nb15    det  1      10          0.8652        0.2798         0.9259       0.9415         0.7942          0.9546         0.5000     0.9512  0.6766±0.1446  0.6938±0.1518               0.0000         112
s2/fur/adaptive/3_layers/[hidden_dims=(256,128,32),detector_dims=(64,32),wrap_at=(0,1,2)]  unsw-nb15    det  1      10          0.9019        0.2443         0.8859       0.9549         0.7927          0.9962         0.4100     0.9501  0.8809±0.0494  0.8811±0.0481               0.0000         365
s2/det/pgd/3_layers/[hidden_dims=(256,128,32),detector_dims=(64,32),wrap_at=(2,)]          unsw-nb15    det  1      10          0.8794        0.3866         0.8684       0.9579         0.7528          0.9691         0.4000     0.9481  0.5096±0.1061  0.4729±0.0626               0.0000         107
s2/fur/adaptive/2_layers/[hidden_dims=(64,32),detector_dims=(32,16),wrap_at=(0,1)]         unsw-nb15    det  1      10          0.8885        0.2710         0.8645       0.8873         0.7653          0.9926         0.4400     0.9438  0.6434±0.0425  0.6459±0.0437               0.0000         263
s2/fur/adaptive/2_layers/[hidden_dims=(32,16),detector_dims=(64,32),wrap_at=(0,1)]         unsw-nb15    det  1      10          0.8726        0.2617         0.9200       0.7494         0.7978          0.9754         0.5000     0.9412  0.6398±0.1556  0.5778±0.1211               0.0000         265
s2/fur/adaptive/2_layers/[hidden_dims=(64,32),detector_dims=(64,32),wrap_at=(0,)]          unsw-nb15    det  1      10          0.8939        0.3151         0.8633       0.9482         0.7628          0.9937         0.3300     0.9410  0.3671±0.0634  0.3669±0.0666               0.0000         200
s2/fur/adaptive/2_layers/[hidden_dims=(64,32),detector_dims=(32,16),wrap_at=(1,)]          unsw-nb15    det  1       8          0.8739        0.2755         0.9827       0.7032         0.8579          0.9745         0.6500     0.9382  0.3750±0.0655  0.3806±0.0681               0.0000         167
s2/fur/adaptive/3_layers/[hidden_dims=(128,64,16),detector_dims=(64,32),wrap_at=(2,)]      unsw-nb15    det  1      10          0.8682        0.2256         0.8718       0.8086         0.7511          0.9837         0.4900     0.9378  0.6045±0.0443  0.6035±0.0475               0.0000         227
s2/clo/pgd/3_layers/[hidden_dims=(256,128,32),wrap_at=(0,)]                                unsw-nb15    adv  1       7          0.8162        0.8144              -            -         0.8162          0.8144              -     0.9373  0.2712±0.0399  0.2788±0.0349               0.0000          81
s2/fur/adaptive/2_layers/[hidden_dims=(32,16),detector_dims=(32,16),wrap_at=(0,1)]         unsw-nb15    det  1       6          0.8762        0.3876         0.9715       0.5912         0.8506          0.9743         0.5800     0.9370  0.6344±0.0497  0.6349±0.0479               0.0000         161
s2/fur/adaptive/2_layers/[hidden_dims=(128,64),detector_dims=(32,16),wrap_at=(0,)]         unsw-nb15    det  1      10          0.9019        0.2849         0.8839       0.9256         0.7906          0.9905         0.4500     0.9367  0.5622±0.0668  0.5518±0.0686               0.0000         212
s2/fur/adaptive/3_layers/[hidden_dims=(256,128,32),detector_dims=(64,32),wrap_at=(0,2)]    unsw-nb15    det  1       5          0.8164        0.2963         0.9011       0.6848         0.7569          0.9701         0.5200     0.9367  0.8120±0.0557  0.8152±0.0548               0.0000         149
s2/clo/pgd/2_layers/[hidden_dims=(80,32),wrap_at=(0,)]                                     unsw-nb15    adv  1      10          0.8157        0.8122              -            -         0.8157          0.8122              -     0.9366  0.3067±0.0656  0.3065±0.0638               0.0000         106
s2/clo/pgd/3_layers/[hidden_dims=(192,64,16),wrap_at=(0,)]                                 unsw-nb15    adv  1       7          0.8164        0.8119              -            -         0.8164          0.8119              -     0.9366  0.2635±0.0414  0.2623±0.0417               0.0000          84
s2/clo/pgd/2_layers/[hidden_dims=(80,32),wrap_at=(0,1)]                                    unsw-nb15    adv  1       9          0.8160        0.8124              -            -         0.8160          0.8124              -     0.9363  0.2636±0.0482  0.2500±0.0485               0.0000          96
s2/clo/pgd/2_layers/[hidden_dims=(80,32),wrap_at=(1,)]                                     unsw-nb15    adv  1      10          0.8160        0.8118              -            -         0.8160          0.8118              -     0.9362  0.2638±0.0484  0.2663±0.0453               0.0000         107
s2/det/adaptive/2_layers/[hidden_dims=(128,64),detector_dims=(32,16),wrap_at=(1,)]         unsw-nb15    det  1       9          0.8776        0.6222         0.9251       0.3662         0.8108          0.9549         0.4900     0.9358  0.3970±0.1126  0.3578±0.0704               0.0000         180
s2/clo/pgd/3_layers/[hidden_dims=(256,128,32),wrap_at=(0,1,2)]                             unsw-nb15    adv  1       5          0.8140        0.8062              -            -         0.8140          0.8062              -     0.9354  0.3213±0.0608  0.3141±0.0581               0.0000          68
s2/clo/pgd/3_layers/[hidden_dims=(256,128,32),wrap_at=(0,2)]                               unsw-nb15    adv  1       5          0.8158        0.8055              -            -         0.8158          0.8055              -     0.9352  0.2724±0.0423  0.2713±0.0408               0.0000          68
s2/clo/pgd/3_layers/[hidden_dims=(256,128,32),wrap_at=(2,)]                                unsw-nb15    adv  1       5          0.8148        0.8059              -            -         0.8148          0.8059              -     0.9350  0.3118±0.0488  0.3196±0.0560               0.0000          57
s2/fur/adaptive/2_layers/[hidden_dims=(32,16),detector_dims=(64,32),wrap_at=(1,)]          unsw-nb15    det  1      10          0.8671        0.2494         0.9400       0.7555         0.8125          0.9741         0.5200     0.9345  0.4548±0.1466  0.3721±0.0655               0.0000         194
s2/clo/pgd/2_layers/[hidden_dims=(160,64),wrap_at=(0,)]                                    unsw-nb15    adv  1       6          0.8167        0.8109              -            -         0.8167          0.8109              -     0.9344  0.2609±0.0422  0.2629±0.0441               0.0000          58
s2/clo/pgd/2_layers/[hidden_dims=(48,16),wrap_at=(1,)]                                     unsw-nb15    adv  1      10          0.8202        0.8064              -            -         0.8202          0.8064              -     0.9338  0.2615±0.0475  0.2588±0.0459               0.0000          92
s2/clo/pgd/2_layers/[hidden_dims=(48,16),wrap_at=(0,)]                                     unsw-nb15    adv  1      10          0.8233        0.8129              -            -         0.8233          0.8129              -     0.9329  0.2607±0.0434  0.2605±0.0454               0.0000         104
s2/clo/pgd/2_layers/[hidden_dims=(160,64),wrap_at=(1,)]                                    unsw-nb15    adv  1       6          0.8207        0.8071              -            -         0.8207          0.8071              -     0.9325  0.2688±0.0483  0.2658±0.0472               0.0000          61
s2/clo/pgd/2_layers/[hidden_dims=(48,16),wrap_at=(0,1)]                                    unsw-nb15    adv  1      10          0.8223        0.8067              -            -         0.8223          0.8067              -     0.9323  0.3335±0.1023  0.2582±0.0449               0.0000         111
s2/clo/pgd/2_layers/[hidden_dims=(160,64),wrap_at=(0,1)]                                   unsw-nb15    adv  1       8          0.8307        0.8190              -            -         0.8307          0.8190              -     0.9313  0.2737±0.0513  0.2662±0.0464               0.0000          87
s2/fur/adaptive/2_layers/[hidden_dims=(128,64),detector_dims=(64,32),wrap_at=(1,)]         unsw-nb15    det  1       6          0.8736        0.3368         0.8235       0.6739         0.7088          0.9733         0.5000     0.9311  0.4381±0.1396  0.3584±0.0670               0.0000         134
s2/clo/pgd/3_layers/[hidden_dims=(192,64,16),wrap_at=(2,)]                                 unsw-nb15    adv  1       7          0.8227        0.8045              -            -         0.8227          0.8045              -     0.9304  0.3184±0.0580  0.3196±0.0582               0.0000          78
s2/clo/pgd/3_layers/[hidden_dims=(192,64,16),wrap_at=(0,1,2)]                              unsw-nb15    adv  1      10          0.8209        0.8000              -            -         0.8209          0.8000              -     0.9300  0.3182±0.0575  0.3198±0.0588               0.0000         130
s2/fur/adaptive/2_layers/[hidden_dims=(128,64),detector_dims=(32,16),wrap_at=(1,)]         unsw-nb15    det  1       6          0.8752        0.2903         0.9016       0.7187         0.8007          0.9803         0.5100     0.9289  0.5930±0.0851  0.5927±0.1365               0.0000         128
s2/fur/adaptive/2_layers/[hidden_dims=(64,32),detector_dims=(32,16),wrap_at=(0,)]          unsw-nb15    det  1      10          0.8899        0.4039         0.8297       0.8621         0.7303          0.9831         0.3700     0.9288  0.3738±0.0614  0.3723±0.0638               0.0000         194
s2/clo/pgd/3_layers/[hidden_dims=(192,64,16),wrap_at=(0,2)]                                unsw-nb15    adv  1       8          0.8298        0.7986              -            -         0.8298          0.7986              -     0.9268  0.2863±0.0430  0.2689±0.0411               0.0000          99
s2/det/adaptive/3_layers/[hidden_dims=(256,128,32),detector_dims=(64,32),wrap_at=(0,1,2)]  unsw-nb15    det  1       9          0.8882        0.6117         0.5282       0.8634         0.4357          0.9831         0.4600     0.9255  0.8869±0.0497  0.9176±0.1061               0.0000         278
s2/fur/adaptive/3_layers/[hidden_dims=(256,128,32),detector_dims=(64,32),wrap_at=(2,)]     unsw-nb15    det  1       6          0.8589        0.2144         0.8548       0.8020         0.7294          0.9683         0.4300     0.9255  0.5198±0.1052  0.4924±0.1170               0.0000         144
s2/fur/adaptive/2_layers/[hidden_dims=(64,32),detector_dims=(64,32),wrap_at=(1,)]          unsw-nb15    det  1       7          0.8717        0.3811         0.8649       0.6947         0.7510          0.9865         0.4600     0.9247  0.5560±0.0704  0.5483±0.0693               0.0000         143
s2/det/adaptive/2_layers/[hidden_dims=(64,32),detector_dims=(64,32),wrap_at=(0,1)]         unsw-nb15    det  1       8          0.8840        0.6420         0.7152       0.5512         0.6231          0.9841         0.4900     0.9228  0.6625±0.0876  0.6189±0.0535               0.0000         198
s2/det/adaptive/2_layers/[hidden_dims=(64,32),detector_dims=(32,16),wrap_at=(0,1)]         unsw-nb15    det  1      10          0.8687        0.6554         0.8429       0.5321         0.7266          0.9732         0.5000     0.9207  0.5472±0.0801  0.5366±0.0803               0.0000         242
s2/det/adaptive/2_layers/[hidden_dims=(64,32),detector_dims=(32,16),wrap_at=(1,)]          unsw-nb15    det  1       7          0.8805        0.5890         0.9648       0.3583         0.8519          0.9442         0.5600     0.9183  0.3781±0.0890  0.3665±0.0798               0.0000         136
s2/det/adaptive/2_layers/[hidden_dims=(64,32),detector_dims=(64,32),wrap_at=(1,)]          unsw-nb15    det  1       9          0.8803        0.6257         0.9297       0.3487         0.8242          0.9581         0.5500     0.9140  0.4333±0.1359  0.3979±0.0981               0.0000         180
s2/det/adaptive/3_layers/[hidden_dims=(256,128,32),detector_dims=(64,32),wrap_at=(0,)]     unsw-nb15    det  1      10          0.8778        0.5494         0.8349       0.6681         0.7269          0.9744         0.5000     0.9109  0.5996±0.0404  0.6674±0.1235               0.0000         214
s2/det/adaptive/3_layers/[hidden_dims=(256,128,32),detector_dims=(64,32),wrap_at=(2,)]     unsw-nb15    det  1       9          0.8835        0.5657         0.6270       0.6242         0.5329          0.9066         0.4500     0.9100  0.6085±0.0442  0.6009±0.0432               0.0000         189
s2/det/adaptive/3_layers/[hidden_dims=(128,64,16),detector_dims=(64,32),wrap_at=(0,)]      unsw-nb15    det  1       5          0.8472        0.6541         0.9721       0.2329         0.8251          0.8859         0.6300     0.9031  0.4341±0.1166  0.4165±0.0988               0.0000         104
s2/fur/adaptive/2_layers/[hidden_dims=(32,16),detector_dims=(32,16),wrap_at=(0,)]          unsw-nb15    det  1      10          0.8595        0.3699         0.8378       0.7561         0.7083          0.9571         0.4800     0.9029  0.5676±0.0819  0.5696±0.0793               0.0000         206
s2/det/adaptive/3_layers/[hidden_dims=(128,64,16),detector_dims=(64,32),wrap_at=(2,)]      unsw-nb15    det  1       6          0.8778        0.5479         0.9405       0.3688         0.8266          0.8984         0.6200     0.9016  0.5039±0.1052  0.4924±0.1016               0.0000         132
s2/fur/adaptive/2_layers/[hidden_dims=(32,16),detector_dims=(32,16),wrap_at=(1,)]          unsw-nb15    det  1       8          0.8592        0.3049         0.8555       0.6792         0.7335          0.9477         0.5300     0.9010  0.6428±0.1207  0.6403±0.4019               0.0000         167
s2/det/adaptive/2_layers/[hidden_dims=(128,64),detector_dims=(64,32),wrap_at=(1,)]         unsw-nb15    det  1       6          0.8687        0.6113         0.9491       0.3081         0.8225          0.9082         0.5200     0.8995  0.3511±0.0646  0.3482±0.0671               0.0000         117
s2/det/adaptive/3_layers/[hidden_dims=(128,64,16),detector_dims=(64,32),wrap_at=(0,2)]     unsw-nb15    det  1       7          0.8807        0.6287         0.7507       0.5798         0.6572          0.9660         0.5100     0.8991  0.5489±0.0727  0.5558±0.0706               0.0000         175
s2/det/adaptive/2_layers/[hidden_dims=(128,64),detector_dims=(64,32),wrap_at=(0,1)]        unsw-nb15    det  1       7          0.8852        0.6492         0.8249       0.5820         0.7252          0.9584         0.5300     0.8961  0.5427±0.0781  0.5443±0.0799               0.0000         174
s2/det/adaptive/3_layers/[hidden_dims=(128,64,16),detector_dims=(64,32),wrap_at=(0,1,2)]   unsw-nb15    det  1      10          0.8877        0.6199         0.7156       0.5697         0.6175          0.9853         0.5000     0.8845  0.6482±0.0458  0.6769±0.1109               0.0000         312
s2/det/adaptive/3_layers/[hidden_dims=(256,128,32),detector_dims=(64,32),wrap_at=(0,2)]    unsw-nb15    det  1       9          0.8912        0.5977         0.3987       0.9424         0.3296          0.9848         0.3800     0.8833  0.7762±0.1011  0.7852±0.0910               0.0000         224
s2/det/adaptive/2_layers/[hidden_dims=(32,16),detector_dims=(64,32),wrap_at=(0,1)]         unsw-nb15    det  1       5          0.8530        0.6351         0.6483       0.5884         0.5333          0.9371         0.4800     0.8750  0.7674±0.1059  0.7680±0.1136               0.0000         121
s2/det/adaptive/2_layers/[hidden_dims=(32,16),detector_dims=(64,32),wrap_at=(1,)]          unsw-nb15    det  1       5          0.8528        0.6666         0.8820       0.1897         0.7696          0.8328         0.6200     0.8721  0.5787±0.0914  0.5903±0.0913               0.0000          94
s2/det/adaptive/2_layers/[hidden_dims=(32,16),detector_dims=(64,32),wrap_at=(0,)]          unsw-nb15    det  1      10          0.8829        0.6236         0.6097       0.8145         0.5045          0.9815         0.4400     0.8676  0.3957±0.0507  0.3979±0.0576               0.0000         178
s2/det/adaptive/2_layers/[hidden_dims=(32,16),detector_dims=(32,16),wrap_at=(0,1)]         unsw-nb15    det  1       9          0.8756        0.6036         0.7365       0.6155         0.6185          0.9667         0.5000     0.8581  0.6763±0.0546  0.7714±0.1769               0.0000         206
s2/det/adaptive/2_layers/[hidden_dims=(64,32),detector_dims=(64,32),wrap_at=(0,)]          unsw-nb15    det  1      10          0.8857        0.6513         0.4859       0.8205         0.3926          0.9780         0.4500     0.8571  0.4114±0.1101  0.3536±0.0631               0.0000         189
s2/fur/adaptive/2_layers/[hidden_dims=(32,16),detector_dims=(64,32),wrap_at=(0,)]          unsw-nb15    det  1       5          0.8470        0.6007         0.6156       0.5809         0.4814          0.9087         0.4800     0.8453  0.3776±0.0738  0.3581±0.0635               0.0000         102
s2/det/adaptive/2_layers/[hidden_dims=(128,64),detector_dims=(32,16),wrap_at=(0,1)]        unsw-nb15    det  1       7          0.8753        0.6451         0.6896       0.5318         0.5725          0.9799         0.5000     0.8431  0.5340±0.0804  0.5468±0.0799               0.0000         171
s2/det/adaptive/2_layers/[hidden_dims=(64,32),detector_dims=(32,16),wrap_at=(0,)]          unsw-nb15    det  1       5          0.8733        0.6345         0.9725       0.3028         0.8518          0.9349         0.6600     0.8366  0.5575±0.0970  0.3652±0.0613               0.0000          90
s2/det/adaptive/2_layers/[hidden_dims=(128,64),detector_dims=(64,32),wrap_at=(0,)]         unsw-nb15    det  1       6          0.8657        0.6226         0.4183       0.7760         0.3075          0.9569         0.3400     0.8259  0.5435±0.0707  0.5451±0.0706               0.0000         111
s2/det/adaptive/2_layers/[hidden_dims=(128,64),detector_dims=(32,16),wrap_at=(0,)]         unsw-nb15    det  1       5          0.8619        0.6575         0.9728       0.2447         0.8403          0.8997         0.6000     0.8240  0.5465±0.0629  0.5474±0.0597               0.0000          98
s2/det/adaptive/2_layers/[hidden_dims=(32,16),detector_dims=(32,16),wrap_at=(0,)]          unsw-nb15    det  1       5          0.8514        0.6319         0.9045       0.2299         0.7770          0.7976         0.5700     0.8193  0.4324±0.0863  0.4084±0.0596               0.0000          92
s2/det/adaptive/2_layers/[hidden_dims=(32,16),detector_dims=(32,16),wrap_at=(1,)]          unsw-nb15    det  1       7          0.8566        0.6557         0.6242       0.5687         0.4912          0.9557         0.5000     0.8005  0.3806±0.0593  0.3925±0.0665               0.0000         123

== val_score: esperimento x dataset ==
experiment                                                                                 unsw-nb15
-----------------------------------------------------------------------------------------  ---------
s2/det/pgd/2_layers/[hidden_dims=(32,16),detector_dims=(32,16),wrap_at=(0,)]                  0.9673
s2/det/pgd/2_layers/[hidden_dims=(32,16),detector_dims=(32,16),wrap_at=(1,)]                  0.9598
s2/det/pgd/2_layers/[hidden_dims=(32,16),detector_dims=(32,16),wrap_at=(0,1)]                 0.9648
s2/det/pgd/2_layers/[hidden_dims=(32,16),detector_dims=(64,32),wrap_at=(0,)]                  0.9675
s2/det/pgd/2_layers/[hidden_dims=(32,16),detector_dims=(64,32),wrap_at=(1,)]                  0.9634
s2/det/pgd/2_layers/[hidden_dims=(32,16),detector_dims=(64,32),wrap_at=(0,1)]                 0.9676
s2/det/pgd/2_layers/[hidden_dims=(64,32),detector_dims=(32,16),wrap_at=(0,)]                  0.9673
s2/det/pgd/2_layers/[hidden_dims=(64,32),detector_dims=(32,16),wrap_at=(1,)]                  0.9628
s2/det/pgd/2_layers/[hidden_dims=(64,32),detector_dims=(32,16),wrap_at=(0,1)]                 0.9678
s2/det/pgd/2_layers/[hidden_dims=(64,32),detector_dims=(64,32),wrap_at=(0,)]                  0.9675
s2/det/pgd/2_layers/[hidden_dims=(64,32),detector_dims=(64,32),wrap_at=(1,)]                  0.9648
s2/det/pgd/2_layers/[hidden_dims=(64,32),detector_dims=(64,32),wrap_at=(0,1)]                 0.9670
s2/det/pgd/2_layers/[hidden_dims=(128,64),detector_dims=(32,16),wrap_at=(0,)]                 0.9689
s2/det/pgd/2_layers/[hidden_dims=(128,64),detector_dims=(32,16),wrap_at=(1,)]                 0.9666
s2/det/pgd/2_layers/[hidden_dims=(128,64),detector_dims=(32,16),wrap_at=(0,1)]                0.9675
s2/det/pgd/2_layers/[hidden_dims=(128,64),detector_dims=(64,32),wrap_at=(0,)]                 0.9693
s2/det/pgd/2_layers/[hidden_dims=(128,64),detector_dims=(64,32),wrap_at=(1,)]                 0.9662
s2/det/pgd/2_layers/[hidden_dims=(128,64),detector_dims=(64,32),wrap_at=(0,1)]                0.9680
s2/det/pgd/3_layers/[hidden_dims=(128,64,16),detector_dims=(64,32),wrap_at=(0,)]              0.9684
s2/det/pgd/3_layers/[hidden_dims=(128,64,16),detector_dims=(64,32),wrap_at=(2,)]              0.9512
s2/det/pgd/3_layers/[hidden_dims=(128,64,16),detector_dims=(64,32),wrap_at=(0,2)]             0.9661
s2/det/pgd/3_layers/[hidden_dims=(128,64,16),detector_dims=(64,32),wrap_at=(0,1,2)]           0.9687
s2/det/pgd/3_layers/[hidden_dims=(256,128,32),detector_dims=(64,32),wrap_at=(0,)]             0.9671
s2/det/pgd/3_layers/[hidden_dims=(256,128,32),detector_dims=(64,32),wrap_at=(2,)]             0.9481
s2/det/pgd/3_layers/[hidden_dims=(256,128,32),detector_dims=(64,32),wrap_at=(0,2)]            0.9682
s2/det/pgd/3_layers/[hidden_dims=(256,128,32),detector_dims=(64,32),wrap_at=(0,1,2)]          0.9650
s2/det/adaptive/2_layers/[hidden_dims=(32,16),detector_dims=(32,16),wrap_at=(0,)]             0.8193
s2/det/adaptive/2_layers/[hidden_dims=(32,16),detector_dims=(32,16),wrap_at=(1,)]             0.8005
s2/det/adaptive/2_layers/[hidden_dims=(32,16),detector_dims=(32,16),wrap_at=(0,1)]            0.8581
s2/det/adaptive/2_layers/[hidden_dims=(32,16),detector_dims=(64,32),wrap_at=(0,)]             0.8676
s2/det/adaptive/2_layers/[hidden_dims=(32,16),detector_dims=(64,32),wrap_at=(1,)]             0.8721
s2/det/adaptive/2_layers/[hidden_dims=(32,16),detector_dims=(64,32),wrap_at=(0,1)]            0.8750
s2/det/adaptive/2_layers/[hidden_dims=(64,32),detector_dims=(32,16),wrap_at=(0,)]             0.8366
s2/det/adaptive/2_layers/[hidden_dims=(64,32),detector_dims=(32,16),wrap_at=(1,)]             0.9183
s2/det/adaptive/2_layers/[hidden_dims=(64,32),detector_dims=(32,16),wrap_at=(0,1)]            0.9207
s2/det/adaptive/2_layers/[hidden_dims=(64,32),detector_dims=(64,32),wrap_at=(0,)]             0.8571
s2/det/adaptive/2_layers/[hidden_dims=(64,32),detector_dims=(64,32),wrap_at=(1,)]             0.9140
s2/det/adaptive/2_layers/[hidden_dims=(64,32),detector_dims=(64,32),wrap_at=(0,1)]            0.9228
s2/det/adaptive/2_layers/[hidden_dims=(128,64),detector_dims=(32,16),wrap_at=(0,)]            0.8240
s2/det/adaptive/2_layers/[hidden_dims=(128,64),detector_dims=(32,16),wrap_at=(1,)]            0.9358
s2/det/adaptive/2_layers/[hidden_dims=(128,64),detector_dims=(32,16),wrap_at=(0,1)]           0.8431
s2/det/adaptive/2_layers/[hidden_dims=(128,64),detector_dims=(64,32),wrap_at=(0,)]            0.8259
s2/det/adaptive/2_layers/[hidden_dims=(128,64),detector_dims=(64,32),wrap_at=(1,)]            0.8995
s2/det/adaptive/2_layers/[hidden_dims=(128,64),detector_dims=(64,32),wrap_at=(0,1)]           0.8961
s2/det/adaptive/3_layers/[hidden_dims=(128,64,16),detector_dims=(64,32),wrap_at=(0,)]         0.9031
s2/det/adaptive/3_layers/[hidden_dims=(128,64,16),detector_dims=(64,32),wrap_at=(2,)]         0.9016
s2/det/adaptive/3_layers/[hidden_dims=(128,64,16),detector_dims=(64,32),wrap_at=(0,2)]        0.8991
s2/det/adaptive/3_layers/[hidden_dims=(128,64,16),detector_dims=(64,32),wrap_at=(0,1,2)]      0.8845
s2/det/adaptive/3_layers/[hidden_dims=(256,128,32),detector_dims=(64,32),wrap_at=(0,)]        0.9109
s2/det/adaptive/3_layers/[hidden_dims=(256,128,32),detector_dims=(64,32),wrap_at=(2,)]        0.9100
s2/det/adaptive/3_layers/[hidden_dims=(256,128,32),detector_dims=(64,32),wrap_at=(0,2)]       0.8833
s2/det/adaptive/3_layers/[hidden_dims=(256,128,32),detector_dims=(64,32),wrap_at=(0,1,2)]     0.9255
s2/fur/pgd/2_layers/[hidden_dims=(32,16),detector_dims=(32,16),wrap_at=(0,)]                  0.9673
s2/fur/pgd/2_layers/[hidden_dims=(32,16),detector_dims=(32,16),wrap_at=(1,)]                  0.9600
s2/fur/pgd/2_layers/[hidden_dims=(32,16),detector_dims=(32,16),wrap_at=(0,1)]                 0.9661
s2/fur/pgd/2_layers/[hidden_dims=(32,16),detector_dims=(64,32),wrap_at=(0,)]                  0.9687
s2/fur/pgd/2_layers/[hidden_dims=(32,16),detector_dims=(64,32),wrap_at=(1,)]                  0.9650
s2/fur/pgd/2_layers/[hidden_dims=(32,16),detector_dims=(64,32),wrap_at=(0,1)]                 0.9672
s2/fur/pgd/2_layers/[hidden_dims=(64,32),detector_dims=(32,16),wrap_at=(0,)]                  0.9678
s2/fur/pgd/2_layers/[hidden_dims=(64,32),detector_dims=(32,16),wrap_at=(1,)]                  0.9654
s2/fur/pgd/2_layers/[hidden_dims=(64,32),detector_dims=(32,16),wrap_at=(0,1)]                 0.9659
s2/fur/pgd/2_layers/[hidden_dims=(64,32),detector_dims=(64,32),wrap_at=(0,)]                  0.9692
s2/fur/pgd/2_layers/[hidden_dims=(64,32),detector_dims=(64,32),wrap_at=(1,)]                  0.9658
s2/fur/pgd/2_layers/[hidden_dims=(64,32),detector_dims=(64,32),wrap_at=(0,1)]                 0.9675
s2/fur/pgd/2_layers/[hidden_dims=(128,64),detector_dims=(32,16),wrap_at=(0,)]                 0.9692
s2/fur/pgd/2_layers/[hidden_dims=(128,64),detector_dims=(32,16),wrap_at=(1,)]                 0.9689
s2/fur/pgd/2_layers/[hidden_dims=(128,64),detector_dims=(32,16),wrap_at=(0,1)]                0.9689
s2/fur/pgd/2_layers/[hidden_dims=(128,64),detector_dims=(64,32),wrap_at=(0,)]                 0.9698
s2/fur/pgd/2_layers/[hidden_dims=(128,64),detector_dims=(64,32),wrap_at=(1,)]                 0.9658
s2/fur/pgd/2_layers/[hidden_dims=(128,64),detector_dims=(64,32),wrap_at=(0,1)]                0.9687
s2/fur/pgd/3_layers/[hidden_dims=(128,64,16),detector_dims=(64,32),wrap_at=(0,)]              0.9703
s2/fur/pgd/3_layers/[hidden_dims=(128,64,16),detector_dims=(64,32),wrap_at=(2,)]              0.9624
s2/fur/pgd/3_layers/[hidden_dims=(128,64,16),detector_dims=(64,32),wrap_at=(0,2)]             0.9682
s2/fur/pgd/3_layers/[hidden_dims=(128,64,16),detector_dims=(64,32),wrap_at=(0,1,2)]           0.9700
s2/fur/pgd/3_layers/[hidden_dims=(256,128,32),detector_dims=(64,32),wrap_at=(0,)]             0.9698
s2/fur/pgd/3_layers/[hidden_dims=(256,128,32),detector_dims=(64,32),wrap_at=(2,)]             0.9581
s2/fur/pgd/3_layers/[hidden_dims=(256,128,32),detector_dims=(64,32),wrap_at=(0,2)]            0.9688
s2/fur/pgd/3_layers/[hidden_dims=(256,128,32),detector_dims=(64,32),wrap_at=(0,1,2)]          0.9687
s2/fur/adaptive/2_layers/[hidden_dims=(32,16),detector_dims=(32,16),wrap_at=(0,)]             0.9029
s2/fur/adaptive/2_layers/[hidden_dims=(32,16),detector_dims=(32,16),wrap_at=(1,)]             0.9010
s2/fur/adaptive/2_layers/[hidden_dims=(32,16),detector_dims=(32,16),wrap_at=(0,1)]            0.9370
s2/fur/adaptive/2_layers/[hidden_dims=(32,16),detector_dims=(64,32),wrap_at=(0,)]             0.8453
s2/fur/adaptive/2_layers/[hidden_dims=(32,16),detector_dims=(64,32),wrap_at=(1,)]             0.9345
s2/fur/adaptive/2_layers/[hidden_dims=(32,16),detector_dims=(64,32),wrap_at=(0,1)]            0.9412
s2/fur/adaptive/2_layers/[hidden_dims=(64,32),detector_dims=(32,16),wrap_at=(0,)]             0.9288
s2/fur/adaptive/2_layers/[hidden_dims=(64,32),detector_dims=(32,16),wrap_at=(1,)]             0.9382
s2/fur/adaptive/2_layers/[hidden_dims=(64,32),detector_dims=(32,16),wrap_at=(0,1)]            0.9438
s2/fur/adaptive/2_layers/[hidden_dims=(64,32),detector_dims=(64,32),wrap_at=(0,)]             0.9410
s2/fur/adaptive/2_layers/[hidden_dims=(64,32),detector_dims=(64,32),wrap_at=(1,)]             0.9247
s2/fur/adaptive/2_layers/[hidden_dims=(64,32),detector_dims=(64,32),wrap_at=(0,1)]            0.9513
s2/fur/adaptive/2_layers/[hidden_dims=(128,64),detector_dims=(32,16),wrap_at=(0,)]            0.9367
s2/fur/adaptive/2_layers/[hidden_dims=(128,64),detector_dims=(32,16),wrap_at=(1,)]            0.9289
s2/fur/adaptive/2_layers/[hidden_dims=(128,64),detector_dims=(32,16),wrap_at=(0,1)]           0.9518
s2/fur/adaptive/2_layers/[hidden_dims=(128,64),detector_dims=(64,32),wrap_at=(0,)]            0.9541
s2/fur/adaptive/2_layers/[hidden_dims=(128,64),detector_dims=(64,32),wrap_at=(1,)]            0.9311
s2/fur/adaptive/2_layers/[hidden_dims=(128,64),detector_dims=(64,32),wrap_at=(0,1)]           0.9622
s2/fur/adaptive/3_layers/[hidden_dims=(128,64,16),detector_dims=(64,32),wrap_at=(0,)]         0.9543
s2/fur/adaptive/3_layers/[hidden_dims=(128,64,16),detector_dims=(64,32),wrap_at=(2,)]         0.9378
s2/fur/adaptive/3_layers/[hidden_dims=(128,64,16),detector_dims=(64,32),wrap_at=(0,2)]        0.9562
s2/fur/adaptive/3_layers/[hidden_dims=(128,64,16),detector_dims=(64,32),wrap_at=(0,1,2)]      0.9643
s2/fur/adaptive/3_layers/[hidden_dims=(256,128,32),detector_dims=(64,32),wrap_at=(0,)]        0.9643
s2/fur/adaptive/3_layers/[hidden_dims=(256,128,32),detector_dims=(64,32),wrap_at=(2,)]        0.9255
s2/fur/adaptive/3_layers/[hidden_dims=(256,128,32),detector_dims=(64,32),wrap_at=(0,2)]       0.9367
s2/fur/adaptive/3_layers/[hidden_dims=(256,128,32),detector_dims=(64,32),wrap_at=(0,1,2)]     0.9501
s2/clo/pgd/2_layers/[hidden_dims=(48,16),wrap_at=(0,)]                                        0.9329
s2/clo/pgd/2_layers/[hidden_dims=(48,16),wrap_at=(1,)]                                        0.9338
s2/clo/pgd/2_layers/[hidden_dims=(48,16),wrap_at=(0,1)]                                       0.9323
s2/clo/pgd/2_layers/[hidden_dims=(80,32),wrap_at=(0,)]                                        0.9366
s2/clo/pgd/2_layers/[hidden_dims=(80,32),wrap_at=(1,)]                                        0.9362
s2/clo/pgd/2_layers/[hidden_dims=(80,32),wrap_at=(0,1)]                                       0.9363
s2/clo/pgd/2_layers/[hidden_dims=(160,64),wrap_at=(0,)]                                       0.9344
s2/clo/pgd/2_layers/[hidden_dims=(160,64),wrap_at=(1,)]                                       0.9325
s2/clo/pgd/2_layers/[hidden_dims=(160,64),wrap_at=(0,1)]                                      0.9313
s2/clo/pgd/3_layers/[hidden_dims=(192,64,16),wrap_at=(0,)]                                    0.9366
s2/clo/pgd/3_layers/[hidden_dims=(192,64,16),wrap_at=(2,)]                                    0.9304
s2/clo/pgd/3_layers/[hidden_dims=(192,64,16),wrap_at=(0,2)]                                   0.9268
s2/clo/pgd/3_layers/[hidden_dims=(192,64,16),wrap_at=(0,1,2)]                                 0.9300
s2/clo/pgd/3_layers/[hidden_dims=(256,128,32),wrap_at=(0,)]                                   0.9373
s2/clo/pgd/3_layers/[hidden_dims=(256,128,32),wrap_at=(2,)]                                   0.9350
s2/clo/pgd/3_layers/[hidden_dims=(256,128,32),wrap_at=(0,2)]                                  0.9352
s2/clo/pgd/3_layers/[hidden_dims=(256,128,32),wrap_at=(0,1,2)]                                0.9354