== summary (121 run) ==
experiment                                                                                        dataset  model  n  epochs  task_clean_acc  task_adv_acc  det_clean_acc  det_adv_acc  clean_acc_e2e  robust_acc_e2e  threshold_det  val_score       infer_ms   infer_ms_adv  infer_exit_rate_adv  duration_s
-----------------------------------------------------------------------------------------  --------------  -----  -  ------  --------------  ------------  -------------  -----------  -------------  --------------  -------------  ---------  -------------  -------------  -------------------  ----------
s2/fur/pgd/2_layers/[hidden_dims=(128,64),detector_dims=(64,32),wrap_at=(0,)]              cseecicids2017    det  1       9          0.9037        0.0357         0.9997       0.9997         0.9035          0.9998         0.5600     0.9667  0.3642±0.0693  0.3617±0.0658               0.0000         127
s2/fur/pgd/3_layers/[hidden_dims=(128,64,16),detector_dims=(64,32),wrap_at=(0,2)]          cseecicids2017    det  1      10          0.8948        0.0006         0.9999       0.9994         0.8948          1.0000         0.5000     0.9666  0.6677±0.0674  0.6602±0.0558               0.0000         185
s2/fur/pgd/2_layers/[hidden_dims=(64,32),detector_dims=(32,16),wrap_at=(0,1)]              cseecicids2017    det  1      10          0.8976        0.0004         0.9999       0.9999         0.8975          0.9999         0.3000     0.9663  0.5541±0.0952  0.6219±0.1971               0.0000         164
s2/fur/pgd/2_layers/[hidden_dims=(128,64),detector_dims=(64,32),wrap_at=(0,1)]             cseecicids2017    det  1      10          0.8933        0.0011         0.9999       0.9999         0.8933          0.9999         0.4900     0.9661  0.6469±0.0485  0.6444±0.0457               0.0000         159
s2/fur/pgd/3_layers/[hidden_dims=(256,128,32),detector_dims=(64,32),wrap_at=(0,1,2)]       cseecicids2017    det  1       7          0.8955        0.0000         0.9999       0.9999         0.8955          0.9999         0.6600     0.9661  0.6647±0.0465  0.6615±0.0453               0.0000         154
s2/det/pgd/2_layers/[hidden_dims=(128,64),detector_dims=(32,16),wrap_at=(0,1)]             cseecicids2017    det  1      10          0.8996        0.2367         0.9994       0.9991         0.8993          0.9994         0.5000     0.9660  0.5511±0.0830  0.5278±0.0790               0.0000         129
s2/det/pgd/2_layers/[hidden_dims=(128,64),detector_dims=(64,32),wrap_at=(0,)]              cseecicids2017    det  1       9          0.9034        0.2041         0.9992       0.9992         0.9030          0.9995         0.3400     0.9660  0.7274±0.1034  0.7266±0.1065               0.0000         101
s2/det/pgd/3_layers/[hidden_dims=(128,64,16),detector_dims=(64,32),wrap_at=(0,)]           cseecicids2017    det  1      10          0.8930        0.1259         0.9997       0.9990         0.8928          0.9993         0.4300     0.9660  0.6969±0.1704  0.7188±0.1411               0.0000         136
s2/det/pgd/3_layers/[hidden_dims=(256,128,32),detector_dims=(64,32),wrap_at=(0,)]          cseecicids2017    det  1       8          0.8965        0.2411         0.9997       0.9987         0.8964          0.9992         0.4000     0.9659  0.7000±0.1130  0.6240±0.0623               0.0000         113
s2/fur/pgd/3_layers/[hidden_dims=(128,64,16),detector_dims=(64,32),wrap_at=(0,)]           cseecicids2017    det  1      10          0.8913        0.0404         0.9997       0.9993         0.8912          0.9994         0.4800     0.9659  0.4578±0.1103  0.4753±0.1174               0.0000         162
s2/fur/pgd/2_layers/[hidden_dims=(128,64),detector_dims=(32,16),wrap_at=(0,1)]             cseecicids2017    det  1       7          0.8964        0.0017         0.9999       0.9996         0.8964          0.9997         0.5000     0.9658  0.5610±0.0840  0.5592±0.0832               0.0000         114
s2/fur/pgd/3_layers/[hidden_dims=(128,64,16),detector_dims=(64,32),wrap_at=(0,1,2)]        cseecicids2017    det  1      10          0.8974        0.0000         0.9999       1.0000         0.8973          1.0000         0.4800     0.9658  0.9261±0.1132  0.8944±0.0556               0.0000         207
s2/fur/pgd/2_layers/[hidden_dims=(32,16),detector_dims=(32,16),wrap_at=(0,)]               cseecicids2017    det  1      10          0.8984        0.0120         0.9995       0.9995         0.8981          0.9997         0.3000     0.9657  0.4011±0.0879  0.3747±0.0826               0.0000         144
s2/fur/pgd/2_layers/[hidden_dims=(64,32),detector_dims=(64,32),wrap_at=(0,1)]              cseecicids2017    det  1       8          0.9089        0.0009         0.9998       0.9999         0.9088          0.9999         0.4200     0.9657  0.5740±0.0930  0.5730±0.0926               0.0000         126
s2/fur/pgd/3_layers/[hidden_dims=(256,128,32),detector_dims=(64,32),wrap_at=(0,2)]         cseecicids2017    det  1       7          0.8967        0.0010         0.9999       0.9994         0.8966          0.9995         0.5500     0.9657  0.6424±0.0982  0.6027±0.0942               0.0000         136
s2/det/pgd/2_layers/[hidden_dims=(64,32),detector_dims=(64,32),wrap_at=(0,1)]              cseecicids2017    det  1      10          0.9074        0.2434         0.9997       0.9988         0.9073          0.9990         0.5000     0.9656  0.7943±0.1144  0.7971±0.1164               0.0000         128
s2/det/pgd/2_layers/[hidden_dims=(128,64),detector_dims=(64,32),wrap_at=(0,1)]             cseecicids2017    det  1      10          0.8993        0.1167         0.9986       0.9995         0.8980          0.9996         0.5000     0.9656  0.8374±0.4205  0.5856±0.1764               0.0000         123
s2/fur/pgd/2_layers/[hidden_dims=(64,32),detector_dims=(64,32),wrap_at=(0,)]               cseecicids2017    det  1      10          0.8996        0.0044         1.0000       0.9994         0.8996          0.9995         0.7000     0.9656  0.3673±0.0644  0.3626±0.0604               0.0000         135
s2/fur/pgd/2_layers/[hidden_dims=(128,64),detector_dims=(32,16),wrap_at=(0,)]              cseecicids2017    det  1      10          0.9098        0.0337         0.9998       0.9992         0.9096          0.9993         0.4300     0.9655  0.5755±0.0836  0.5791±0.0817               0.0000         133
s2/fur/pgd/2_layers/[hidden_dims=(128,64),detector_dims=(32,16),wrap_at=(1,)]              cseecicids2017    det  1      10          0.8914        0.0001         0.9995       0.9988         0.8911          0.9988         0.6400     0.9654  0.6867±0.2204  0.5092±0.1982               0.0000         139
s2/fur/pgd/3_layers/[hidden_dims=(256,128,32),detector_dims=(64,32),wrap_at=(0,)]          cseecicids2017    det  1       6          0.8956        0.0668         1.0000       0.9988         0.8955          0.9988         0.7000     0.9654  0.6174±0.0476  0.6174±0.0467               0.0000          98
s2/det/pgd/3_layers/[hidden_dims=(128,64,16),detector_dims=(64,32),wrap_at=(0,2)]          cseecicids2017    det  1       9          0.8976        0.1583         0.9980       0.9978         0.8962          0.9982         0.5000     0.9653  0.6216±0.1842  0.5944±0.1671               0.0000         133
s2/fur/pgd/2_layers/[hidden_dims=(32,16),detector_dims=(64,32),wrap_at=(0,1)]              cseecicids2017    det  1      10          0.8880        0.0003         1.0000       0.9999         0.8880          0.9999         0.5000     0.9653  0.6484±0.1525  0.7618±0.1341               0.0000         163
s2/fur/pgd/2_layers/[hidden_dims=(64,32),detector_dims=(32,16),wrap_at=(0,)]               cseecicids2017    det  1      10          0.8938        0.0104         0.9986       0.9992         0.8926          0.9994         0.3000     0.9653  0.4940±0.1271  0.3586±0.0624               0.0000         136
s2/det/pgd/2_layers/[hidden_dims=(128,64),detector_dims=(32,16),wrap_at=(0,)]              cseecicids2017    det  1       8          0.8910        0.1301         0.9987       0.9988         0.8901          0.9993         0.4600     0.9651  0.6600±0.1364  0.5625±0.1445               0.0000          99
s2/det/pgd/3_layers/[hidden_dims=(256,128,32),detector_dims=(64,32),wrap_at=(0,2)]         cseecicids2017    det  1       7          0.8903        0.2514         0.9987       0.9989         0.8895          0.9990         0.5000     0.9651  0.6664±0.0600  0.6685±0.0644               0.0000         107
s2/fur/pgd/2_layers/[hidden_dims=(32,16),detector_dims=(32,16),wrap_at=(0,1)]              cseecicids2017    det  1       9          0.9017        0.0011         0.9999       0.9993         0.9016          0.9997         0.5000     0.9651  0.6468±0.0451  0.6422±0.0486               0.0000         152
s2/fur/pgd/2_layers/[hidden_dims=(32,16),detector_dims=(64,32),wrap_at=(0,)]               cseecicids2017    det  1       8          0.9028        0.0023         0.9995       0.9983         0.9025          0.9983         0.3700     0.9651  0.5589±0.0814  0.5561±0.0823               0.0000         113
s2/fur/pgd/2_layers/[hidden_dims=(64,32),detector_dims=(32,16),wrap_at=(1,)]               cseecicids2017    det  1      10          0.9015        0.0008         0.9990       0.9985         0.9009          0.9985         0.3500     0.9649  0.5644±0.0704  0.6000±0.1140               0.0000         137
s2/fur/pgd/2_layers/[hidden_dims=(128,64),detector_dims=(64,32),wrap_at=(1,)]              cseecicids2017    det  1       6          0.8901        0.0025         0.9993       0.9987         0.8896          0.9988         0.5900     0.9648  0.3768±0.0785  0.5498±0.1357               0.0000          86
s2/det/pgd/2_layers/[hidden_dims=(64,32),detector_dims=(64,32),wrap_at=(0,)]               cseecicids2017    det  1      10          0.8924        0.1795         0.9984       0.9988         0.8912          0.9990         0.4000     0.9647  0.5588±0.1423  0.5620±0.1434               0.0000         115
s2/det/pgd/2_layers/[hidden_dims=(32,16),detector_dims=(64,32),wrap_at=(0,1)]              cseecicids2017    det  1      10          0.8942        0.1772         0.9987       0.9984         0.8932          0.9987         0.5000     0.9645  0.8168±0.1747  0.8102±0.1283               0.0000         131
s2/fur/pgd/2_layers/[hidden_dims=(64,32),detector_dims=(64,32),wrap_at=(1,)]               cseecicids2017    det  1       7          0.8986        0.0014         0.9998       0.9983         0.8984          0.9991         0.4500     0.9644  0.3686±0.0664  0.3694±0.0662               0.0000         100
s2/det/pgd/2_layers/[hidden_dims=(32,16),detector_dims=(64,32),wrap_at=(0,)]               cseecicids2017    det  1      10          0.8985        0.1365         0.9989       0.9956         0.8979          0.9968         0.5000     0.9637  0.4608±0.0764  0.4958±0.1149               0.0000         119
s2/det/pgd/2_layers/[hidden_dims=(64,32),detector_dims=(32,16),wrap_at=(0,1)]              cseecicids2017    det  1      10          0.8959        0.1556         0.9965       0.9969         0.8933          0.9971         0.5000     0.9635  0.6434±0.1486  0.5156±0.0989               0.0000         130
s2/fur/pgd/3_layers/[hidden_dims=(128,64,16),detector_dims=(64,32),wrap_at=(2,)]           cseecicids2017    det  1      10          0.8924        0.0009         0.9988       0.9955         0.8913          0.9964         0.4600     0.9633  0.5107±0.1016  0.5078±0.1012               0.0000         153
s2/det/pgd/3_layers/[hidden_dims=(256,128,32),detector_dims=(64,32),wrap_at=(0,1,2)]       cseecicids2017    det  1      10          0.8992        0.2175         0.9970       0.9944         0.8975          0.9957         0.4500     0.9632  0.8816±0.0571  0.8822±0.0571               0.0000         162
s2/det/pgd/2_layers/[hidden_dims=(128,64),detector_dims=(64,32),wrap_at=(1,)]              cseecicids2017    det  1      10          0.8938        0.2727         0.9974       0.9938         0.8925          0.9962         0.5000     0.9627  0.4181±0.0620  0.4197±0.0603               0.0000         116
s2/fur/pgd/2_layers/[hidden_dims=(32,16),detector_dims=(64,32),wrap_at=(1,)]               cseecicids2017    det  1      10          0.8981        0.0010         0.9973       0.9976         0.8956          0.9985         0.4900     0.9627  0.3572±0.0574  0.3633±0.0624               0.0000         143
s2/fur/adaptive/2_layers/[hidden_dims=(64,32),detector_dims=(64,32),wrap_at=(1,)]          cseecicids2017    det  1      10          0.8880        0.0837         0.9936       0.9339         0.8827          0.9978         0.3300     0.9626  0.5661±0.0688  0.5618±0.0721               0.0000         256
s2/det/pgd/2_layers/[hidden_dims=(64,32),detector_dims=(32,16),wrap_at=(0,)]               cseecicids2017    det  1       9          0.9096        0.3210         0.9974       0.9949         0.9076          0.9962         0.6800     0.9619  0.6000±0.1546  0.6110±0.1561               0.0000         104
s2/det/pgd/3_layers/[hidden_dims=(128,64,16),detector_dims=(64,32),wrap_at=(0,1,2)]        cseecicids2017    det  1      10          0.9057        0.1671         0.9945       0.9932         0.9013          0.9944         0.4800     0.9619  0.9668±0.1379  0.9337±0.0696               0.0000         165
s2/fur/pgd/2_layers/[hidden_dims=(32,16),detector_dims=(32,16),wrap_at=(1,)]               cseecicids2017    det  1      10          0.8942        0.0021         0.9976       0.9938         0.8929          0.9942         0.4300     0.9618  0.5988±0.0623  0.6005±0.0641               0.0000         132
s2/det/pgd/2_layers/[hidden_dims=(32,16),detector_dims=(32,16),wrap_at=(0,1)]              cseecicids2017    det  1      10          0.8954        0.2866         0.9962       0.9925         0.8925          0.9939         0.4900     0.9617  0.8273±0.1722  0.8193±0.1691               0.0000         129
s2/fur/adaptive/3_layers/[hidden_dims=(128,64,16),detector_dims=(64,32),wrap_at=(0,2)]     cseecicids2017    det  1       9          0.8940        0.0940         0.9939       0.9813         0.8895          0.9956         0.4300     0.9617  0.6277±0.1163  0.6559±0.0919               0.0000         306
s2/fur/adaptive/3_layers/[hidden_dims=(256,128,32),detector_dims=(64,32),wrap_at=(0,)]     cseecicids2017    det  1      10          0.9050        0.0982         0.9936       0.9921         0.9003          0.9976         0.3500     0.9616  0.4303±0.0281  0.4864±0.0900               0.0000         269
s2/det/pgd/2_layers/[hidden_dims=(32,16),detector_dims=(32,16),wrap_at=(0,)]               cseecicids2017    det  1      10          0.8945        0.1779         0.9944       0.9948         0.8903          0.9957         0.4400     0.9615  0.4774±0.1474  0.5017±0.1351               0.0000         122
s2/fur/adaptive/2_layers/[hidden_dims=(128,64),detector_dims=(64,32),wrap_at=(0,)]         cseecicids2017    det  1      10          0.8996        0.0572         0.9906       0.9924         0.8923          0.9976         0.2900     0.9615  0.3783±0.0916  0.3685±0.0810               0.0000         263
s2/fur/adaptive/3_layers/[hidden_dims=(128,64,16),detector_dims=(64,32),wrap_at=(0,)]      cseecicids2017    det  1      10          0.8943        0.0764         0.9909       0.9890         0.8875          0.9969         0.4000     0.9608  0.6184±0.0734  0.6201±0.0757               0.0000         276
s2/fur/adaptive/3_layers/[hidden_dims=(128,64,16),detector_dims=(64,32),wrap_at=(0,1,2)]   cseecicids2017    det  1       7          0.8858        0.0485         0.9915       0.9694         0.8802          0.9958         0.3400     0.9606  0.6483±0.0408  0.6487±0.0415               0.0000         289
s2/fur/pgd/3_layers/[hidden_dims=(256,128,32),detector_dims=(64,32),wrap_at=(2,)]          cseecicids2017    det  1       7          0.8929        0.0041         0.9939       0.9943         0.8870          0.9958         0.4300     0.9602  0.6189±0.0476  0.6160±0.0453               0.0000         111
s2/det/pgd/2_layers/[hidden_dims=(64,32),detector_dims=(64,32),wrap_at=(1,)]               cseecicids2017    det  1      10          0.9058        0.2867         0.9932       0.9899         0.9003          0.9907         0.4700     0.9599  0.4427±0.0658  0.4831±0.1200               0.0000         114
s2/fur/adaptive/2_layers/[hidden_dims=(32,16),detector_dims=(64,32),wrap_at=(0,1)]         cseecicids2017    det  1      10          0.8959        0.1169         0.9919       0.9738         0.8886          0.9983         0.3700     0.9599  0.6767±0.0942  0.6333±0.0553               0.0000         333
s2/fur/adaptive/3_layers/[hidden_dims=(256,128,32),detector_dims=(64,32),wrap_at=(0,1,2)]  cseecicids2017    det  1       8          0.8929        0.1095         0.9780       0.9673         0.8733          0.9971         0.3600     0.9589  0.8403±0.0404  0.7779±0.1614               0.0000         362
s2/fur/adaptive/2_layers/[hidden_dims=(64,32),detector_dims=(32,16),wrap_at=(1,)]          cseecicids2017    det  1       9          0.8915        0.0852         0.9934       0.9411         0.8852          0.9925         0.4900     0.9587  0.3770±0.0827  0.3621±0.0680               0.0000         219
s2/fur/adaptive/2_layers/[hidden_dims=(64,32),detector_dims=(32,16),wrap_at=(0,1)]         cseecicids2017    det  1       5          0.8873        0.1768         0.9633       0.9348         0.8529          0.9976         0.3000     0.9580  0.8161±0.2041  0.6296±0.0581               0.0000         172
s2/fur/adaptive/2_layers/[hidden_dims=(128,64),detector_dims=(32,16),wrap_at=(0,1)]        cseecicids2017    det  1       7          0.8982        0.1489         0.9698       0.9621         0.8719          0.9987         0.3200     0.9580  0.6232±0.0417  0.6222±0.0425               0.0000         232
s2/fur/adaptive/2_layers/[hidden_dims=(128,64),detector_dims=(64,32),wrap_at=(0,1)]        cseecicids2017    det  1       8          0.8957        0.1770         0.9826       0.9677         0.8812          0.9978         0.4200     0.9567  0.7180±0.1086  0.6966±0.1106               0.0000         262
s2/det/pgd/2_layers/[hidden_dims=(64,32),detector_dims=(32,16),wrap_at=(1,)]               cseecicids2017    det  1      10          0.9066        0.1929         0.9897       0.9841         0.8986          0.9860         0.4700     0.9566  0.4408±0.0563  0.4727±0.1163               0.0000         116
s2/det/pgd/2_layers/[hidden_dims=(32,16),detector_dims=(64,32),wrap_at=(1,)]               cseecicids2017    det  1      10          0.8973        0.1737         0.9880       0.9879         0.8882          0.9908         0.4400     0.9564  0.5713±0.1475  0.5811±0.1489               0.0000         119
s2/fur/adaptive/2_layers/[hidden_dims=(128,64),detector_dims=(32,16),wrap_at=(0,)]         cseecicids2017    det  1      10          0.8913        0.0626         0.9863       0.9895         0.8822          0.9960         0.4200     0.9564  0.3584±0.0650  0.3559±0.0670               0.0000         244
s2/fur/adaptive/2_layers/[hidden_dims=(64,32),detector_dims=(64,32),wrap_at=(0,1)]         cseecicids2017    det  1       8          0.8996        0.1623         0.9692       0.9676         0.8733          0.9977         0.3900     0.9561  0.6420±0.0488  0.6418±0.0648               0.0000         260
s2/det/pgd/2_layers/[hidden_dims=(128,64),detector_dims=(32,16),wrap_at=(1,)]              cseecicids2017    det  1      10          0.8913        0.1047         0.9905       0.9821         0.8846          0.9848         0.5100     0.9549  0.5863±0.1123  0.5797±0.1007               0.0000         122
s2/fur/adaptive/2_layers/[hidden_dims=(32,16),detector_dims=(32,16),wrap_at=(0,1)]         cseecicids2017    det  1      10          0.8961        0.1453         0.9880       0.9324         0.8860          0.9912         0.4400     0.9527  0.6411±0.0465  0.6351±0.0470               0.0000         314
s2/fur/adaptive/2_layers/[hidden_dims=(128,64),detector_dims=(32,16),wrap_at=(1,)]         cseecicids2017    det  1       7          0.8952        0.1114         0.9879       0.9284         0.8852          0.9936         0.6400     0.9521  0.5815±0.0477  0.5563±0.0563               0.0000         179
s2/det/pgd/2_layers/[hidden_dims=(32,16),detector_dims=(32,16),wrap_at=(1,)]               cseecicids2017    det  1      10          0.8945        0.1035         0.9866       0.9814         0.8839          0.9831         0.4600     0.9512  0.6021±0.1522  0.7191±0.1480               0.0000         111
s2/fur/adaptive/3_layers/[hidden_dims=(256,128,32),detector_dims=(64,32),wrap_at=(0,2)]    cseecicids2017    det  1       5          0.8947        0.1926         0.9868       0.8262         0.8820          0.9645         0.5200     0.9459  0.4642±0.0382  0.4680±0.0403               0.0000         195
s2/fur/adaptive/3_layers/[hidden_dims=(256,128,32),detector_dims=(64,32),wrap_at=(2,)]     cseecicids2017    det  1       6          0.8858        0.3531         0.9470       0.7845         0.8362          0.9799         0.3200     0.9456  0.6115±0.0445  0.6154±0.0463               0.0000         167
s2/fur/adaptive/2_layers/[hidden_dims=(32,16),detector_dims=(64,32),wrap_at=(1,)]          cseecicids2017    det  1       7          0.8996        0.2451         0.9534       0.8011         0.8548          0.9931         0.3900     0.9446  0.3691±0.0751  0.3624±0.0719               0.0000         176
s2/fur/adaptive/2_layers/[hidden_dims=(128,64),detector_dims=(64,32),wrap_at=(1,)]         cseecicids2017    det  1       5          0.8959        0.2091         0.9898       0.8181         0.8861          0.9873         0.7000     0.9443  0.5882±0.0500  0.5900±0.0557               0.0000         140
s2/fur/adaptive/2_layers/[hidden_dims=(32,16),detector_dims=(32,16),wrap_at=(1,)]          cseecicids2017    det  1       8          0.8881        0.2702         0.9860       0.6959         0.8765          0.9653         0.4900     0.9328  0.3718±0.0852  0.4350±0.1375               0.0000         196
s2/fur/adaptive/2_layers/[hidden_dims=(64,32),detector_dims=(64,32),wrap_at=(0,)]          cseecicids2017    det  1       8          0.9037        0.1593         0.9417       0.9630         0.8597          0.9874         0.4100     0.9321  0.5536±0.0752  0.5562±0.0686               0.0000         203
s2/fur/adaptive/2_layers/[hidden_dims=(32,16),detector_dims=(32,16),wrap_at=(0,)]          cseecicids2017    det  1      10          0.8938        0.2804         0.9574       0.8677         0.8596          0.9722         0.4500     0.9305  0.5527±0.0856  0.5682±0.0811               0.0000         247
s2/fur/adaptive/3_layers/[hidden_dims=(128,64,16),detector_dims=(64,32),wrap_at=(2,)]      cseecicids2017    det  1      10          0.8943        0.0440         0.9647       0.9011         0.8610          0.9452         0.5900     0.9289  0.4986±0.1036  0.5130±0.0985               0.0000         265
s2/clo/pgd/3_layers/[hidden_dims=(256,128,32),wrap_at=(2,)]                                cseecicids2017    adv  1      10          0.8841        0.8734              -            -         0.8841          0.8734              -     0.9268  0.2375±0.0343  0.2253±0.0323               0.0000         133
s2/clo/pgd/3_layers/[hidden_dims=(192,64,16),wrap_at=(2,)]                                 cseecicids2017    adv  1      10          0.8886        0.8798              -            -         0.8886          0.8798              -     0.9262  0.3585±0.0728  0.3606±0.0724               0.0000         140
s2/fur/adaptive/2_layers/[hidden_dims=(64,32),detector_dims=(32,16),wrap_at=(0,)]          cseecicids2017    det  1      10          0.9019        0.2753         0.9473       0.9264         0.8670          0.9780         0.4400     0.9261  0.5719±0.0466  0.5558±0.0701               0.0000         253
s2/clo/pgd/3_layers/[hidden_dims=(256,128,32),wrap_at=(0,2)]                               cseecicids2017    adv  1      10          0.8884        0.8789              -            -         0.8884          0.8789              -     0.9256  0.2313±0.0338  0.2345±0.0315               0.0000         148
s2/clo/pgd/3_layers/[hidden_dims=(256,128,32),wrap_at=(0,1,2)]                             cseecicids2017    adv  1      10          0.8889        0.8781              -            -         0.8889          0.8781              -     0.9256  0.2332±0.0319  0.2283±0.0326               0.0000         155
s2/clo/pgd/3_layers/[hidden_dims=(256,128,32),wrap_at=(0,)]                                cseecicids2017    adv  1       8          0.8826        0.8743              -            -         0.8826          0.8743              -     0.9255  0.2315±0.0323  0.2319±0.0312               0.0000         104
s2/clo/pgd/3_layers/[hidden_dims=(192,64,16),wrap_at=(0,)]                                 cseecicids2017    adv  1      10          0.8872        0.8767              -            -         0.8872          0.8767              -     0.9253  0.2311±0.0312  0.2302±0.0325               0.0000         140
s2/clo/pgd/3_layers/[hidden_dims=(192,64,16),wrap_at=(0,1,2)]                              cseecicids2017    adv  1      10          0.8858        0.8772              -            -         0.8858          0.8772              -     0.9253  0.2194±0.0297  0.2258±0.0303               0.0000         169
s2/clo/pgd/2_layers/[hidden_dims=(160,64),wrap_at=(1,)]                                    cseecicids2017    adv  1      10          0.8865        0.8756              -            -         0.8865          0.8755              -     0.9250  0.2128±0.0351  0.2103±0.0413               0.0000         110
s2/clo/pgd/3_layers/[hidden_dims=(192,64,16),wrap_at=(0,2)]                                cseecicids2017    adv  1      10          0.8868        0.8746              -            -         0.8868          0.8746              -     0.9246  0.3572±0.0708  0.3575±0.0706               0.0000         157
s2/clo/pgd/2_layers/[hidden_dims=(160,64),wrap_at=(0,)]                                    cseecicids2017    adv  1      10          0.8845        0.8722              -            -         0.8845          0.8722              -     0.9245  0.2417±0.0584  0.2348±0.0486               0.0000         120
s2/clo/pgd/2_layers/[hidden_dims=(160,64),wrap_at=(0,1)]                                   cseecicids2017    adv  1      10          0.8841        0.8715              -            -         0.8840          0.8715              -     0.9239  0.2397±0.0562  0.2347±0.0461               0.0000         130
s2/clo/pgd/2_layers/[hidden_dims=(80,32),wrap_at=(1,)]                                     cseecicids2017    adv  1      10          0.8853        0.8708              -            -         0.8853          0.8708              -     0.9234  0.2697±0.0465  0.2418±0.0418               0.0000         112
s2/clo/pgd/2_layers/[hidden_dims=(80,32),wrap_at=(0,)]                                     cseecicids2017    adv  1      10          0.8822        0.8692              -            -         0.8822          0.8692              -     0.9231  0.3211±0.0732  0.3205±0.0728               0.0000         125
s2/clo/pgd/2_layers/[hidden_dims=(80,32),wrap_at=(0,1)]                                    cseecicids2017    adv  1      10          0.8842        0.8679              -            -         0.8842          0.8679              -     0.9223  0.3690±0.1005  0.3336±0.0753               0.0000         143
s2/clo/pgd/2_layers/[hidden_dims=(48,16),wrap_at=(0,1)]                                    cseecicids2017    adv  1      10          0.8786        0.8657              -            -         0.8786          0.8657              -     0.9207  0.2541±0.0697  0.2360±0.0494               0.0000         128
s2/det/pgd/3_layers/[hidden_dims=(256,128,32),detector_dims=(64,32),wrap_at=(2,)]          cseecicids2017    det  1      10          0.8965        0.1784         0.9544       0.9516         0.8688          0.9576         0.4900     0.9205  0.3992±0.0573  0.4266±0.1018               0.0000         140
s2/clo/pgd/2_layers/[hidden_dims=(48,16),wrap_at=(1,)]                                     cseecicids2017    adv  1      10          0.8830        0.8673              -            -         0.8829          0.8673              -     0.9205  0.2387±0.0378  0.2365±0.0520               0.0000         116
s2/clo/pgd/2_layers/[hidden_dims=(48,16),wrap_at=(0,)]                                     cseecicids2017    adv  1      10          0.8824        0.8665              -            -         0.8824          0.8665              -     0.9194  0.3354±0.0684  0.3379±0.0655               0.0000         114
s2/det/pgd/3_layers/[hidden_dims=(128,64,16),detector_dims=(64,32),wrap_at=(2,)]           cseecicids2017    det  1      10          0.8986        0.1577         0.9530       0.9360         0.8691          0.9479         0.3500     0.9193  0.7275±0.0818  0.7285±0.0795               0.0000         141
s2/fur/adaptive/2_layers/[hidden_dims=(32,16),detector_dims=(64,32),wrap_at=(0,)]          cseecicids2017    det  1       6          0.9020        0.2893         0.9277       0.8920         0.8468          0.9727         0.4000     0.9090  0.5733±0.0846  0.5600±0.0708               0.0000         152
s2/det/adaptive/3_layers/[hidden_dims=(128,64,16),detector_dims=(64,32),wrap_at=(0,1,2)]   cseecicids2017    det  1       7          0.8970        0.7694         0.8161       0.7914         0.7482          0.9672         0.4500     0.9021  0.9563±0.0564  0.9232±0.0833               0.0000         264
s2/det/adaptive/2_layers/[hidden_dims=(128,64),detector_dims=(64,32),wrap_at=(0,)]         cseecicids2017    det  1       5          0.8957        0.7717         0.8853       0.6869         0.7970          0.9504         0.4800     0.8966  0.5757±0.0487  0.5639±0.0544               0.0000         116
s2/det/adaptive/3_layers/[hidden_dims=(128,64,16),detector_dims=(64,32),wrap_at=(0,)]      cseecicids2017    det  1       8          0.9110        0.8289         0.8291       0.6215         0.7604          0.9303         0.4500     0.8957  0.6322±0.0764  0.6024±0.0432               0.0000         207
s2/det/adaptive/3_layers/[hidden_dims=(256,128,32),detector_dims=(64,32),wrap_at=(2,)]     cseecicids2017    det  1       5          0.8925        0.8266         0.7632       0.4517         0.6845          0.8725         0.4900     0.8944  0.6056±0.0486  0.6041±0.0460               0.0000         122
s2/det/adaptive/2_layers/[hidden_dims=(64,32),detector_dims=(32,16),wrap_at=(0,)]          cseecicids2017    det  1       8          0.8915        0.7637         0.8892       0.4230         0.7974          0.9805         0.5000     0.8943  0.5608±0.0611  0.5601±0.0625               0.0000         188
s2/det/adaptive/2_layers/[hidden_dims=(128,64),detector_dims=(64,32),wrap_at=(0,1)]        cseecicids2017    det  1       6          0.8943        0.8333         0.5942       0.7533         0.5170          0.9870         0.4500     0.8897  0.6027±0.0882  0.6127±0.0823               0.0000         174
s2/det/adaptive/2_layers/[hidden_dims=(128,64),detector_dims=(32,16),wrap_at=(0,1)]        cseecicids2017    det  1      10          0.8996        0.8360         0.7442       0.6947         0.6718          0.9580         0.4800     0.8885  0.6476±0.0789  0.5967±0.1275               0.0000         295
s2/det/adaptive/2_layers/[hidden_dims=(32,16),detector_dims=(32,16),wrap_at=(0,1)]         cseecicids2017    det  1       5          0.9020        0.7976         0.8052       0.4765         0.7375          0.9384         0.4900     0.8836  0.5573±0.0782  0.5537±0.0763               0.0000         150
s2/det/adaptive/3_layers/[hidden_dims=(128,64,16),detector_dims=(64,32),wrap_at=(2,)]      cseecicids2017    det  1       6          0.9036        0.8170         0.3844       0.6118         0.3295          0.8864         0.4700     0.8836  0.5947±0.0521  0.5855±0.0426               0.0000         147
s2/det/adaptive/2_layers/[hidden_dims=(64,32),detector_dims=(64,32),wrap_at=(0,1)]         cseecicids2017    det  1       6          0.9068        0.8371         0.4754       0.8926         0.4098          0.9836         0.4400     0.8829  0.5690±0.0915  0.6084±0.1005               0.0000         178
s2/det/adaptive/3_layers/[hidden_dims=(256,128,32),detector_dims=(64,32),wrap_at=(0,1,2)]  cseecicids2017    det  1       6          0.8967        0.8378         0.8833       0.2879         0.7954          0.9286         0.5000     0.8815  0.9088±0.0560  0.9029±0.0555               0.0000         223
s2/det/adaptive/3_layers/[hidden_dims=(256,128,32),detector_dims=(64,32),wrap_at=(0,2)]    cseecicids2017    det  1       5          0.9004        0.8400         0.7523       0.8312         0.6902          0.9639         0.4500     0.8798  0.7778±0.0863  0.7648±0.0877               0.0000         155
s2/det/adaptive/2_layers/[hidden_dims=(128,64),detector_dims=(32,16),wrap_at=(1,)]         cseecicids2017    det  1       5          0.8900        0.7956         0.9586       0.1937         0.8607          0.9346         0.5200     0.8793  0.5957±0.0636  0.6157±0.0922               0.0000         119
s2/det/adaptive/2_layers/[hidden_dims=(64,32),detector_dims=(64,32),wrap_at=(1,)]          cseecicids2017    det  1       9          0.8968        0.7901         0.9636       0.1427         0.8740          0.9231         0.5700     0.8787  0.3783±0.0878  0.3807±0.0714               0.0000         208
s2/det/adaptive/3_layers/[hidden_dims=(128,64,16),detector_dims=(64,32),wrap_at=(0,2)]     cseecicids2017    det  1       8          0.8965        0.8149         0.9046       0.4123         0.8151          0.9232         0.5100     0.8778  0.6162±0.0860  0.6352±0.1061               0.0000         251
s2/det/adaptive/2_layers/[hidden_dims=(128,64),detector_dims=(64,32),wrap_at=(1,)]         cseecicids2017    det  1       7          0.9009        0.8093         0.9810       0.1200         0.8862          0.9251         0.5700     0.8663  0.3673±0.0809  0.4567±0.1361               0.0000         169
s2/det/adaptive/2_layers/[hidden_dims=(128,64),detector_dims=(32,16),wrap_at=(0,)]         cseecicids2017    det  1       5          0.8996        0.8281         0.4964       0.6851         0.4606          0.9870         0.4200     0.8552  0.6024±0.0874  0.5615±0.0665               0.0000         120
s2/det/adaptive/3_layers/[hidden_dims=(256,128,32),detector_dims=(64,32),wrap_at=(0,)]     cseecicids2017    det  1       5          0.8937        0.7744         0.8944       0.5407         0.7980          0.9015         0.5400     0.8546  0.6089±0.0459  0.5028±0.1658               0.0000         126
s2/det/adaptive/2_layers/[hidden_dims=(32,16),detector_dims=(64,32),wrap_at=(1,)]          cseecicids2017    det  1       5          0.8879        0.7439         0.9239       0.1662         0.8359          0.8899         0.5400     0.8536  0.5737±0.0600  0.5739±0.0549               0.0000         122
s2/det/adaptive/2_layers/[hidden_dims=(64,32),detector_dims=(64,32),wrap_at=(0,)]          cseecicids2017    det  1      10          0.8924        0.8122         0.8095       0.4838         0.7340          0.9671         0.5000     0.8515  0.5967±0.0635  0.5902±0.0590               0.0000         226
s2/det/adaptive/2_layers/[hidden_dims=(32,16),detector_dims=(64,32),wrap_at=(0,1)]         cseecicids2017    det  1       5          0.8988        0.8083         0.7852       0.5440         0.7179          0.9775         0.5000     0.8395  0.6788±0.0978  0.6264±0.0509               0.0000         157
s2/det/adaptive/2_layers/[hidden_dims=(64,32),detector_dims=(32,16),wrap_at=(0,1)]         cseecicids2017    det  1       5          0.8910        0.8087         0.8737       0.3937         0.7718          0.9781         0.5200     0.8385  0.7918±0.0725  0.6106±0.1154               0.0000         150
s2/det/adaptive/2_layers/[hidden_dims=(32,16),detector_dims=(32,16),wrap_at=(0,)]          cseecicids2017    det  1       5          0.8850        0.7567         0.8959       0.3620         0.8154          0.9179         0.5200     0.8383  0.3882±0.0991  0.3762±0.0900               0.0000         117
s2/det/adaptive/2_layers/[hidden_dims=(64,32),detector_dims=(32,16),wrap_at=(1,)]          cseecicids2017    det  1       6          0.8906        0.8145         0.9565       0.1344         0.8583          0.9381         0.5700     0.8358  0.3855±0.0891  0.3702±0.0821               0.0000         139
s2/det/adaptive/2_layers/[hidden_dims=(32,16),detector_dims=(32,16),wrap_at=(1,)]          cseecicids2017    det  1       5          0.8926        0.7682         0.6611       0.4484         0.5952          0.9269         0.4900     0.8084  0.5703±0.0480  0.5657±0.0532               0.0000         116
s2/det/adaptive/2_layers/[hidden_dims=(32,16),detector_dims=(64,32),wrap_at=(0,)]          cseecicids2017    det  1       5          0.8908        0.7941         0.8482       0.3466         0.7661          0.9713         0.5200     0.8002  0.3931±0.0820  0.3721±0.0833               0.0000         118

== val_score: esperimento x dataset ==
experiment                                                                                 cseecicids2017
-----------------------------------------------------------------------------------------  --------------
s2/det/pgd/2_layers/[hidden_dims=(32,16),detector_dims=(32,16),wrap_at=(0,)]                       0.9615
s2/det/pgd/2_layers/[hidden_dims=(32,16),detector_dims=(32,16),wrap_at=(1,)]                       0.9512
s2/det/pgd/2_layers/[hidden_dims=(32,16),detector_dims=(32,16),wrap_at=(0,1)]                      0.9617
s2/det/pgd/2_layers/[hidden_dims=(32,16),detector_dims=(64,32),wrap_at=(0,)]                       0.9637
s2/det/pgd/2_layers/[hidden_dims=(32,16),detector_dims=(64,32),wrap_at=(1,)]                       0.9564
s2/det/pgd/2_layers/[hidden_dims=(32,16),detector_dims=(64,32),wrap_at=(0,1)]                      0.9645
s2/det/pgd/2_layers/[hidden_dims=(64,32),detector_dims=(32,16),wrap_at=(0,)]                       0.9619
s2/det/pgd/2_layers/[hidden_dims=(64,32),detector_dims=(32,16),wrap_at=(1,)]                       0.9566
s2/det/pgd/2_layers/[hidden_dims=(64,32),detector_dims=(32,16),wrap_at=(0,1)]                      0.9635
s2/det/pgd/2_layers/[hidden_dims=(64,32),detector_dims=(64,32),wrap_at=(0,)]                       0.9647
s2/det/pgd/2_layers/[hidden_dims=(64,32),detector_dims=(64,32),wrap_at=(1,)]                       0.9599
s2/det/pgd/2_layers/[hidden_dims=(64,32),detector_dims=(64,32),wrap_at=(0,1)]                      0.9656
s2/det/pgd/2_layers/[hidden_dims=(128,64),detector_dims=(32,16),wrap_at=(0,)]                      0.9651
s2/det/pgd/2_layers/[hidden_dims=(128,64),detector_dims=(32,16),wrap_at=(1,)]                      0.9549
s2/det/pgd/2_layers/[hidden_dims=(128,64),detector_dims=(32,16),wrap_at=(0,1)]                     0.9660
s2/det/pgd/2_layers/[hidden_dims=(128,64),detector_dims=(64,32),wrap_at=(0,)]                      0.9660
s2/det/pgd/2_layers/[hidden_dims=(128,64),detector_dims=(64,32),wrap_at=(1,)]                      0.9627
s2/det/pgd/2_layers/[hidden_dims=(128,64),detector_dims=(64,32),wrap_at=(0,1)]                     0.9656
s2/det/pgd/3_layers/[hidden_dims=(128,64,16),detector_dims=(64,32),wrap_at=(0,)]                   0.9660
s2/det/pgd/3_layers/[hidden_dims=(128,64,16),detector_dims=(64,32),wrap_at=(2,)]                   0.9193
s2/det/pgd/3_layers/[hidden_dims=(128,64,16),detector_dims=(64,32),wrap_at=(0,2)]                  0.9653
s2/det/pgd/3_layers/[hidden_dims=(128,64,16),detector_dims=(64,32),wrap_at=(0,1,2)]                0.9619
s2/det/pgd/3_layers/[hidden_dims=(256,128,32),detector_dims=(64,32),wrap_at=(0,)]                  0.9659
s2/det/pgd/3_layers/[hidden_dims=(256,128,32),detector_dims=(64,32),wrap_at=(2,)]                  0.9205
s2/det/pgd/3_layers/[hidden_dims=(256,128,32),detector_dims=(64,32),wrap_at=(0,2)]                 0.9651
s2/det/pgd/3_layers/[hidden_dims=(256,128,32),detector_dims=(64,32),wrap_at=(0,1,2)]               0.9632
s2/det/adaptive/2_layers/[hidden_dims=(32,16),detector_dims=(32,16),wrap_at=(0,)]                  0.8383
s2/det/adaptive/2_layers/[hidden_dims=(32,16),detector_dims=(32,16),wrap_at=(1,)]                  0.8084
s2/det/adaptive/2_layers/[hidden_dims=(32,16),detector_dims=(32,16),wrap_at=(0,1)]                 0.8836
s2/det/adaptive/2_layers/[hidden_dims=(32,16),detector_dims=(64,32),wrap_at=(0,)]                  0.8002
s2/det/adaptive/2_layers/[hidden_dims=(32,16),detector_dims=(64,32),wrap_at=(1,)]                  0.8536
s2/det/adaptive/2_layers/[hidden_dims=(32,16),detector_dims=(64,32),wrap_at=(0,1)]                 0.8395
s2/det/adaptive/2_layers/[hidden_dims=(64,32),detector_dims=(32,16),wrap_at=(0,)]                  0.8943
s2/det/adaptive/2_layers/[hidden_dims=(64,32),detector_dims=(32,16),wrap_at=(1,)]                  0.8358
s2/det/adaptive/2_layers/[hidden_dims=(64,32),detector_dims=(32,16),wrap_at=(0,1)]                 0.8385
s2/det/adaptive/2_layers/[hidden_dims=(64,32),detector_dims=(64,32),wrap_at=(0,)]                  0.8515
s2/det/adaptive/2_layers/[hidden_dims=(64,32),detector_dims=(64,32),wrap_at=(1,)]                  0.8787
s2/det/adaptive/2_layers/[hidden_dims=(64,32),detector_dims=(64,32),wrap_at=(0,1)]                 0.8829
s2/det/adaptive/2_layers/[hidden_dims=(128,64),detector_dims=(32,16),wrap_at=(0,)]                 0.8552
s2/det/adaptive/2_layers/[hidden_dims=(128,64),detector_dims=(32,16),wrap_at=(1,)]                 0.8793
s2/det/adaptive/2_layers/[hidden_dims=(128,64),detector_dims=(32,16),wrap_at=(0,1)]                0.8885
s2/det/adaptive/2_layers/[hidden_dims=(128,64),detector_dims=(64,32),wrap_at=(0,)]                 0.8966
s2/det/adaptive/2_layers/[hidden_dims=(128,64),detector_dims=(64,32),wrap_at=(1,)]                 0.8663
s2/det/adaptive/2_layers/[hidden_dims=(128,64),detector_dims=(64,32),wrap_at=(0,1)]                0.8897
s2/det/adaptive/3_layers/[hidden_dims=(128,64,16),detector_dims=(64,32),wrap_at=(0,)]              0.8957
s2/det/adaptive/3_layers/[hidden_dims=(128,64,16),detector_dims=(64,32),wrap_at=(2,)]              0.8836
s2/det/adaptive/3_layers/[hidden_dims=(128,64,16),detector_dims=(64,32),wrap_at=(0,2)]             0.8778
s2/det/adaptive/3_layers/[hidden_dims=(128,64,16),detector_dims=(64,32),wrap_at=(0,1,2)]           0.9021
s2/det/adaptive/3_layers/[hidden_dims=(256,128,32),detector_dims=(64,32),wrap_at=(0,)]             0.8546
s2/det/adaptive/3_layers/[hidden_dims=(256,128,32),detector_dims=(64,32),wrap_at=(2,)]             0.8944
s2/det/adaptive/3_layers/[hidden_dims=(256,128,32),detector_dims=(64,32),wrap_at=(0,2)]            0.8798
s2/det/adaptive/3_layers/[hidden_dims=(256,128,32),detector_dims=(64,32),wrap_at=(0,1,2)]          0.8815
s2/fur/pgd/2_layers/[hidden_dims=(32,16),detector_dims=(32,16),wrap_at=(0,)]                       0.9657
s2/fur/pgd/2_layers/[hidden_dims=(32,16),detector_dims=(32,16),wrap_at=(1,)]                       0.9618
s2/fur/pgd/2_layers/[hidden_dims=(32,16),detector_dims=(32,16),wrap_at=(0,1)]                      0.9651
s2/fur/pgd/2_layers/[hidden_dims=(32,16),detector_dims=(64,32),wrap_at=(0,)]                       0.9651
s2/fur/pgd/2_layers/[hidden_dims=(32,16),detector_dims=(64,32),wrap_at=(1,)]                       0.9627
s2/fur/pgd/2_layers/[hidden_dims=(32,16),detector_dims=(64,32),wrap_at=(0,1)]                      0.9653
s2/fur/pgd/2_layers/[hidden_dims=(64,32),detector_dims=(32,16),wrap_at=(0,)]                       0.9653
s2/fur/pgd/2_layers/[hidden_dims=(64,32),detector_dims=(32,16),wrap_at=(1,)]                       0.9649
s2/fur/pgd/2_layers/[hidden_dims=(64,32),detector_dims=(32,16),wrap_at=(0,1)]                      0.9663
s2/fur/pgd/2_layers/[hidden_dims=(64,32),detector_dims=(64,32),wrap_at=(0,)]                       0.9656
s2/fur/pgd/2_layers/[hidden_dims=(64,32),detector_dims=(64,32),wrap_at=(1,)]                       0.9644
s2/fur/pgd/2_layers/[hidden_dims=(64,32),detector_dims=(64,32),wrap_at=(0,1)]                      0.9657
s2/fur/pgd/2_layers/[hidden_dims=(128,64),detector_dims=(32,16),wrap_at=(0,)]                      0.9655
s2/fur/pgd/2_layers/[hidden_dims=(128,64),detector_dims=(32,16),wrap_at=(1,)]                      0.9654
s2/fur/pgd/2_layers/[hidden_dims=(128,64),detector_dims=(32,16),wrap_at=(0,1)]                     0.9658
s2/fur/pgd/2_layers/[hidden_dims=(128,64),detector_dims=(64,32),wrap_at=(0,)]                      0.9667
s2/fur/pgd/2_layers/[hidden_dims=(128,64),detector_dims=(64,32),wrap_at=(1,)]                      0.9648
s2/fur/pgd/2_layers/[hidden_dims=(128,64),detector_dims=(64,32),wrap_at=(0,1)]                     0.9661
s2/fur/pgd/3_layers/[hidden_dims=(128,64,16),detector_dims=(64,32),wrap_at=(0,)]                   0.9659
s2/fur/pgd/3_layers/[hidden_dims=(128,64,16),detector_dims=(64,32),wrap_at=(2,)]                   0.9633
s2/fur/pgd/3_layers/[hidden_dims=(128,64,16),detector_dims=(64,32),wrap_at=(0,2)]                  0.9666
s2/fur/pgd/3_layers/[hidden_dims=(128,64,16),detector_dims=(64,32),wrap_at=(0,1,2)]                0.9658
s2/fur/pgd/3_layers/[hidden_dims=(256,128,32),detector_dims=(64,32),wrap_at=(0,)]                  0.9654
s2/fur/pgd/3_layers/[hidden_dims=(256,128,32),detector_dims=(64,32),wrap_at=(2,)]                  0.9602
s2/fur/pgd/3_layers/[hidden_dims=(256,128,32),detector_dims=(64,32),wrap_at=(0,2)]                 0.9657
s2/fur/pgd/3_layers/[hidden_dims=(256,128,32),detector_dims=(64,32),wrap_at=(0,1,2)]               0.9661
s2/fur/adaptive/2_layers/[hidden_dims=(32,16),detector_dims=(32,16),wrap_at=(0,)]                  0.9305
s2/fur/adaptive/2_layers/[hidden_dims=(32,16),detector_dims=(32,16),wrap_at=(1,)]                  0.9328
s2/fur/adaptive/2_layers/[hidden_dims=(32,16),detector_dims=(32,16),wrap_at=(0,1)]                 0.9527
s2/fur/adaptive/2_layers/[hidden_dims=(32,16),detector_dims=(64,32),wrap_at=(0,)]                  0.9090
s2/fur/adaptive/2_layers/[hidden_dims=(32,16),detector_dims=(64,32),wrap_at=(1,)]                  0.9446
s2/fur/adaptive/2_layers/[hidden_dims=(32,16),detector_dims=(64,32),wrap_at=(0,1)]                 0.9599
s2/fur/adaptive/2_layers/[hidden_dims=(64,32),detector_dims=(32,16),wrap_at=(0,)]                  0.9261
s2/fur/adaptive/2_layers/[hidden_dims=(64,32),detector_dims=(32,16),wrap_at=(1,)]                  0.9587
s2/fur/adaptive/2_layers/[hidden_dims=(64,32),detector_dims=(32,16),wrap_at=(0,1)]                 0.9580
s2/fur/adaptive/2_layers/[hidden_dims=(64,32),detector_dims=(64,32),wrap_at=(0,)]                  0.9321
s2/fur/adaptive/2_layers/[hidden_dims=(64,32),detector_dims=(64,32),wrap_at=(1,)]                  0.9626
s2/fur/adaptive/2_layers/[hidden_dims=(64,32),detector_dims=(64,32),wrap_at=(0,1)]                 0.9561
s2/fur/adaptive/2_layers/[hidden_dims=(128,64),detector_dims=(32,16),wrap_at=(0,)]                 0.9564
s2/fur/adaptive/2_layers/[hidden_dims=(128,64),detector_dims=(32,16),wrap_at=(1,)]                 0.9521
s2/fur/adaptive/2_layers/[hidden_dims=(128,64),detector_dims=(32,16),wrap_at=(0,1)]                0.9580
s2/fur/adaptive/2_layers/[hidden_dims=(128,64),detector_dims=(64,32),wrap_at=(0,)]                 0.9615
s2/fur/adaptive/2_layers/[hidden_dims=(128,64),detector_dims=(64,32),wrap_at=(1,)]                 0.9443
s2/fur/adaptive/2_layers/[hidden_dims=(128,64),detector_dims=(64,32),wrap_at=(0,1)]                0.9567
s2/fur/adaptive/3_layers/[hidden_dims=(128,64,16),detector_dims=(64,32),wrap_at=(0,)]              0.9608
s2/fur/adaptive/3_layers/[hidden_dims=(128,64,16),detector_dims=(64,32),wrap_at=(2,)]              0.9289
s2/fur/adaptive/3_layers/[hidden_dims=(128,64,16),detector_dims=(64,32),wrap_at=(0,2)]             0.9617
s2/fur/adaptive/3_layers/[hidden_dims=(128,64,16),detector_dims=(64,32),wrap_at=(0,1,2)]           0.9606
s2/fur/adaptive/3_layers/[hidden_dims=(256,128,32),detector_dims=(64,32),wrap_at=(0,)]             0.9616
s2/fur/adaptive/3_layers/[hidden_dims=(256,128,32),detector_dims=(64,32),wrap_at=(2,)]             0.9456
s2/fur/adaptive/3_layers/[hidden_dims=(256,128,32),detector_dims=(64,32),wrap_at=(0,2)]            0.9459
s2/fur/adaptive/3_layers/[hidden_dims=(256,128,32),detector_dims=(64,32),wrap_at=(0,1,2)]          0.9589
s2/clo/pgd/2_layers/[hidden_dims=(48,16),wrap_at=(0,)]                                             0.9194
s2/clo/pgd/2_layers/[hidden_dims=(48,16),wrap_at=(1,)]                                             0.9205
s2/clo/pgd/2_layers/[hidden_dims=(48,16),wrap_at=(0,1)]                                            0.9207
s2/clo/pgd/2_layers/[hidden_dims=(80,32),wrap_at=(0,)]                                             0.9231
s2/clo/pgd/2_layers/[hidden_dims=(80,32),wrap_at=(1,)]                                             0.9234
s2/clo/pgd/2_layers/[hidden_dims=(80,32),wrap_at=(0,1)]                                            0.9223
s2/clo/pgd/2_layers/[hidden_dims=(160,64),wrap_at=(0,)]                                            0.9245
s2/clo/pgd/2_layers/[hidden_dims=(160,64),wrap_at=(1,)]                                            0.9250
s2/clo/pgd/2_layers/[hidden_dims=(160,64),wrap_at=(0,1)]                                           0.9239
s2/clo/pgd/3_layers/[hidden_dims=(192,64,16),wrap_at=(0,)]                                         0.9253
s2/clo/pgd/3_layers/[hidden_dims=(192,64,16),wrap_at=(2,)]                                         0.9262
s2/clo/pgd/3_layers/[hidden_dims=(192,64,16),wrap_at=(0,2)]                                        0.9246
s2/clo/pgd/3_layers/[hidden_dims=(192,64,16),wrap_at=(0,1,2)]                                      0.9253
s2/clo/pgd/3_layers/[hidden_dims=(256,128,32),wrap_at=(0,)]                                        0.9255
s2/clo/pgd/3_layers/[hidden_dims=(256,128,32),wrap_at=(2,)]                                        0.9268
s2/clo/pgd/3_layers/[hidden_dims=(256,128,32),wrap_at=(0,2)]                                       0.9256
s2/clo/pgd/3_layers/[hidden_dims=(256,128,32),wrap_at=(0,1,2)]                                     0.9256