== summary (121 run) ==
experiment                                                                                    dataset  model  n  epochs  task_clean_acc  task_adv_acc  det_clean_acc  det_adv_acc  clean_acc_e2e  robust_acc_e2e  threshold_det  val_score       infer_ms   infer_ms_adv  infer_exit_rate_adv  duration_s
-----------------------------------------------------------------------------------------  ----------  -----  -  ------  --------------  ------------  -------------  -----------  -------------  --------------  -------------  ---------  -------------  -------------  -------------------  ----------
s2/fur/pgd/3_layers/[hidden_dims=(256,128,32),detector_dims=(64,32),wrap_at=(0,2)]         cicids2017    det  1      10          0.9943        0.0091         1.0000       0.9998         0.9943          1.0000         0.5000     0.9968  0.5694±0.0789  0.5548±0.0831               0.0000         176
s2/fur/pgd/2_layers/[hidden_dims=(128,64),detector_dims=(64,32),wrap_at=(0,1)]             cicids2017    det  1      10          0.9941        0.0209         1.0000       0.9998         0.9941          0.9999         0.5000     0.9966  0.5764±0.0846  0.5749±0.0852               0.0000         158
s2/fur/pgd/3_layers/[hidden_dims=(128,64,16),detector_dims=(64,32),wrap_at=(0,)]           cicids2017    det  1      10          0.9935        0.1098         0.9999       0.9999         0.9933          0.9999         0.3000     0.9966  0.6189±0.0544  0.6156±0.0641               0.0000         160
s2/fur/pgd/2_layers/[hidden_dims=(128,64),detector_dims=(32,16),wrap_at=(0,)]              cicids2017    det  1      10          0.9939        0.1100         0.9999       0.9999         0.9938          1.0000         0.3000     0.9965  0.5833±0.0529  0.5818±0.0501               0.0000         131
s2/fur/pgd/2_layers/[hidden_dims=(128,64),detector_dims=(32,16),wrap_at=(0,1)]             cicids2017    det  1      10          0.9939        0.0167         1.0000       0.9998         0.9939          0.9999         0.5000     0.9965  0.7546±0.1540  0.8473±0.1547               0.0000         158
s2/det/pgd/3_layers/[hidden_dims=(256,128,32),detector_dims=(64,32),wrap_at=(0,2)]         cicids2017    det  1      10          0.9941        0.5507         0.9996       0.9998         0.9938          1.0000         0.5000     0.9964  0.6768±0.0522  0.6781±0.0576               0.0000         141
s2/det/pgd/2_layers/[hidden_dims=(128,64),detector_dims=(32,16),wrap_at=(0,1)]             cicids2017    det  1      10          0.9942        0.4290         0.9995       0.9995         0.9938          0.9998         0.5000     0.9963  0.7749±0.1029  0.7627±0.0952               0.0000         127
s2/fur/pgd/3_layers/[hidden_dims=(256,128,32),detector_dims=(64,32),wrap_at=(0,1,2)]       cicids2017    det  1      10          0.9937        0.0102         0.9998       0.9997         0.9936          0.9998         0.4700     0.9963  0.8951±0.0559  0.8993±0.0528               0.0000         202
s2/fur/pgd/3_layers/[hidden_dims=(128,64,16),detector_dims=(64,32),wrap_at=(0,2)]          cicids2017    det  1      10          0.9942        0.0115         0.9999       0.9997         0.9941          0.9998         0.5000     0.9962  0.5831±0.0860  0.5804±0.0911               0.0000         172
s2/fur/pgd/2_layers/[hidden_dims=(128,64),detector_dims=(64,32),wrap_at=(0,)]              cicids2017    det  1       9          0.9938        0.0832         0.9999       0.9999         0.9938          1.0000         0.1000     0.9961  0.3719±0.0746  0.3835±0.0684               0.0000         123
s2/fur/pgd/2_layers/[hidden_dims=(32,16),detector_dims=(64,32),wrap_at=(0,)]               cicids2017    det  1      10          0.9934        0.0387         0.9997       0.9998         0.9931          0.9999         0.3000     0.9960  0.3677±0.0654  0.3718±0.0682               0.0000         124
s2/fur/pgd/2_layers/[hidden_dims=(64,32),detector_dims=(32,16),wrap_at=(0,1)]              cicids2017    det  1      10          0.9931        0.0231         0.9999       0.9999         0.9930          1.0000         0.5000     0.9960  0.6310±0.1610  0.6161±0.1448               0.0000         154
s2/fur/pgd/2_layers/[hidden_dims=(64,32),detector_dims=(64,32),wrap_at=(0,)]               cicids2017    det  1      10          0.9938        0.0426         0.9999       0.9998         0.9938          0.9999         0.5700     0.9960  0.5599±0.0725  0.6132±0.1526               0.0000         126
s2/fur/pgd/2_layers/[hidden_dims=(128,64),detector_dims=(64,32),wrap_at=(1,)]              cicids2017    det  1      10          0.9940        0.0601         0.9995       0.9993         0.9934          0.9994         0.2700     0.9960  0.3807±0.0877  0.3815±0.0873               0.0000         132
s2/fur/pgd/3_layers/[hidden_dims=(128,64,16),detector_dims=(64,32),wrap_at=(0,1,2)]        cicids2017    det  1      10          0.9938        0.0091         0.9999       0.9997         0.9937          0.9999         0.5500     0.9960  0.9248±0.0605  1.0472±0.2111               0.0000         195
s2/fur/pgd/3_layers/[hidden_dims=(256,128,32),detector_dims=(64,32),wrap_at=(0,)]          cicids2017    det  1       7          0.9924        0.2526         0.9999       0.9997         0.9923          0.9999         0.6800     0.9960  0.6547±0.0786  0.6175±0.0533               0.0000         117
s2/det/pgd/2_layers/[hidden_dims=(128,64),detector_dims=(64,32),wrap_at=(0,1)]             cicids2017    det  1      10          0.9939        0.4312         0.9992       0.9994         0.9932          0.9997         0.5000     0.9959  0.5188±0.0897  0.5209±0.0912               0.0000         125
s2/det/pgd/3_layers/[hidden_dims=(128,64,16),detector_dims=(64,32),wrap_at=(0,)]           cicids2017    det  1      10          0.9938        0.5029         0.9996       0.9995         0.9934          0.9996         0.2400     0.9959  0.6909±0.1639  0.6778±0.1643               0.0000         127
s2/det/pgd/3_layers/[hidden_dims=(256,128,32),detector_dims=(64,32),wrap_at=(0,)]          cicids2017    det  1       7          0.9933        0.6058         0.9995       0.9988         0.9929          0.9999         0.4200     0.9959  0.4297±0.1031  0.4316±0.1049               0.0000          92
s2/det/pgd/2_layers/[hidden_dims=(128,64),detector_dims=(64,32),wrap_at=(0,)]              cicids2017    det  1       9          0.9935        0.4329         0.9997       0.9996         0.9932          0.9997         0.4300     0.9958  0.5548±0.1358  0.6949±0.1772               0.0000          99
s2/fur/pgd/2_layers/[hidden_dims=(64,32),detector_dims=(32,16),wrap_at=(0,)]               cicids2017    det  1       9          0.9935        0.0872         0.9997       0.9996         0.9933          0.9997         0.7600     0.9958  0.3690±0.0667  0.3676±0.0637               0.0000         118
s2/fur/pgd/2_layers/[hidden_dims=(32,16),detector_dims=(32,16),wrap_at=(0,)]               cicids2017    det  1      10          0.9928        0.0248         0.9998       0.9998         0.9927          0.9999         0.4600     0.9957  0.5647±0.0739  0.5686±0.0573               0.0000         133
s2/det/pgd/2_layers/[hidden_dims=(128,64),detector_dims=(32,16),wrap_at=(0,)]              cicids2017    det  1      10          0.9935        0.5018         0.9991       0.9995         0.9927          0.9996         0.3500     0.9954  0.4729±0.0967  0.5700±0.1525               0.0000         113
s2/fur/adaptive/3_layers/[hidden_dims=(256,128,32),detector_dims=(64,32),wrap_at=(0,)]     cicids2017    det  1      10          0.9942        0.2141         0.9982       0.9949         0.9924          0.9997         0.4100     0.9954  0.5937±0.0494  0.5814±0.0578               0.0000         267
s2/det/pgd/3_layers/[hidden_dims=(128,64,16),detector_dims=(64,32),wrap_at=(0,2)]          cicids2017    det  1       9          0.9938        0.5517         0.9991       0.9991         0.9931          0.9997         0.5000     0.9953  0.5403±0.1148  0.5468±0.1305               0.0000         127
s2/det/pgd/2_layers/[hidden_dims=(64,32),detector_dims=(32,16),wrap_at=(0,)]               cicids2017    det  1      10          0.9936        0.4128         0.9989       0.9995         0.9925          0.9997         0.4500     0.9952  0.5896±0.1617  0.5722±0.1158               0.0000         114
s2/fur/pgd/2_layers/[hidden_dims=(32,16),detector_dims=(64,32),wrap_at=(0,1)]              cicids2017    det  1      10          0.9927        0.0066         1.0000       0.9999         0.9926          1.0000         0.5000     0.9952  0.5760±0.0885  0.5735±0.0849               0.0000         158
s2/fur/pgd/2_layers/[hidden_dims=(32,16),detector_dims=(32,16),wrap_at=(0,1)]              cicids2017    det  1       9          0.9919        0.0201         0.9998       0.9997         0.9917          0.9998         0.5000     0.9949  0.6491±0.0438  0.6490±0.0468               0.0000         142
s2/fur/pgd/2_layers/[hidden_dims=(64,32),detector_dims=(64,32),wrap_at=(1,)]               cicids2017    det  1      10          0.9936        0.0803         0.9994       0.9985         0.9930          0.9990         0.6500     0.9949  0.5968±0.0519  0.6704±0.1419               0.0000         127
s2/fur/pgd/2_layers/[hidden_dims=(64,32),detector_dims=(64,32),wrap_at=(0,1)]              cicids2017    det  1       7          0.9927        0.0386         0.9998       0.9997         0.9926          0.9998         0.5000     0.9949  0.6173±0.1043  0.6032±0.0899               0.0000         112
s2/det/pgd/2_layers/[hidden_dims=(64,32),detector_dims=(64,32),wrap_at=(0,)]               cicids2017    det  1      10          0.9934        0.4716         0.9993       0.9986         0.9929          0.9991         0.4400     0.9948  0.5636±0.1359  0.6173±0.1134               0.0000         113
s2/fur/pgd/2_layers/[hidden_dims=(128,64),detector_dims=(32,16),wrap_at=(1,)]              cicids2017    det  1       9          0.9931        0.0407         0.9988       0.9989         0.9920          0.9992         0.2700     0.9946  0.5646±0.0737  0.5586±0.0749               0.0000         114
s2/det/pgd/2_layers/[hidden_dims=(64,32),detector_dims=(32,16),wrap_at=(0,1)]              cicids2017    det  1      10          0.9939        0.4305         0.9981       0.9971         0.9921          0.9984         0.5000     0.9940  0.4993±0.0986  0.4984±0.0980               0.0000         121
s2/det/pgd/2_layers/[hidden_dims=(64,32),detector_dims=(64,32),wrap_at=(0,1)]              cicids2017    det  1      10          0.9935        0.5169         0.9977       0.9973         0.9915          0.9983         0.5000     0.9938  0.5499±0.0974  0.5119±0.0914               0.0000         121
s2/det/pgd/2_layers/[hidden_dims=(32,16),detector_dims=(64,32),wrap_at=(0,1)]              cicids2017    det  1      10          0.9928        0.3484         0.9983       0.9979         0.9914          0.9988         0.5000     0.9935  0.7887±0.1114  0.7712±0.1142               0.0000         122
s2/fur/adaptive/3_layers/[hidden_dims=(128,64,16),detector_dims=(64,32),wrap_at=(0,2)]     cicids2017    det  1      10          0.9940        0.2369         0.9891       0.9623         0.9833          0.9998         0.3800     0.9934  0.5649±0.0852  0.5642±0.0850               0.0000         310
s2/fur/adaptive/2_layers/[hidden_dims=(128,64),detector_dims=(64,32),wrap_at=(0,)]         cicids2017    det  1      10          0.9926        0.0847         0.9965       0.9943         0.9892          0.9997         0.4600     0.9931  0.5569±0.0711  0.5611±0.0651               0.0000         238
s2/fur/adaptive/2_layers/[hidden_dims=(128,64),detector_dims=(64,32),wrap_at=(0,1)]        cicids2017    det  1       9          0.9940        0.3905         0.9765       0.9054         0.9709          0.9996         0.3100     0.9929  0.6536±0.0674  0.6640±0.0487               0.0000         282
s2/fur/adaptive/3_layers/[hidden_dims=(128,64,16),detector_dims=(64,32),wrap_at=(0,)]      cicids2017    det  1      10          0.9940        0.1101         0.9956       0.9913         0.9898          0.9993         0.4600     0.9929  0.5080±0.1028  0.5151±0.0968               0.0000         247
s2/det/pgd/3_layers/[hidden_dims=(128,64,16),detector_dims=(64,32),wrap_at=(0,1,2)]        cicids2017    det  1      10          0.9942        0.5606         0.9965       0.9973         0.9909          0.9984         0.4800     0.9926  0.8723±0.0646  0.8639±0.0660               0.0000         150
s2/det/pgd/2_layers/[hidden_dims=(32,16),detector_dims=(32,16),wrap_at=(0,)]               cicids2017    det  1      10          0.9928        0.4632         0.9963       0.9975         0.9895          0.9991         0.1800     0.9924  0.6511±0.2232  0.4643±0.1109               0.0000         111
s2/det/pgd/2_layers/[hidden_dims=(32,16),detector_dims=(64,32),wrap_at=(0,)]               cicids2017    det  1      10          0.9933        0.4366         0.9974       0.9964         0.9911          0.9972         0.4800     0.9922  0.5979±0.1518  0.5916±0.1594               0.0000         109
s2/det/pgd/3_layers/[hidden_dims=(256,128,32),detector_dims=(64,32),wrap_at=(0,1,2)]       cicids2017    det  1       7          0.9922        0.5596         0.9966       0.9969         0.9892          0.9983         0.4600     0.9922  0.6744±0.0510  0.6719±0.0548               0.0000         112
s2/fur/pgd/2_layers/[hidden_dims=(32,16),detector_dims=(64,32),wrap_at=(1,)]               cicids2017    det  1      10          0.9931        0.0985         0.9965       0.9968         0.9897          0.9978         0.3400     0.9915  0.3726±0.0668  0.3664±0.0683               0.0000         126
s2/fur/adaptive/2_layers/[hidden_dims=(64,32),detector_dims=(32,16),wrap_at=(0,1)]         cicids2017    det  1      10          0.9933        0.2913         0.9669       0.9239         0.9606          0.9997         0.3400     0.9913  0.6385±0.0501  0.6407±0.0507               0.0000         309
s2/fur/adaptive/3_layers/[hidden_dims=(256,128,32),detector_dims=(64,32),wrap_at=(0,2)]    cicids2017    det  1       7          0.9926        0.3385         0.9802       0.9496         0.9730          1.0000         0.3400     0.9913  0.7602±0.0842  0.7939±0.0709               0.0000         244
s2/fur/adaptive/2_layers/[hidden_dims=(32,16),detector_dims=(64,32),wrap_at=(0,1)]         cicids2017    det  1      10          0.9922        0.1232         0.9867       0.9202         0.9793          0.9993         0.3900     0.9910  0.5598±0.0822  0.5549±0.0818               0.0000         306
s2/fur/adaptive/3_layers/[hidden_dims=(128,64,16),detector_dims=(64,32),wrap_at=(2,)]      cicids2017    det  1       9          0.9922        0.0850         0.9967       0.9129         0.9889          0.9977         0.6600     0.9903  0.4239±0.1143  0.4684±0.1225               0.0000         226
s2/fur/adaptive/3_layers/[hidden_dims=(256,128,32),detector_dims=(64,32),wrap_at=(0,1,2)]  cicids2017    det  1       6          0.9929        0.3332         0.9471       0.8041         0.9405          0.9997         0.3500     0.9901  0.8514±0.0398  0.8499±0.0418               0.0000         242
s2/det/pgd/2_layers/[hidden_dims=(32,16),detector_dims=(32,16),wrap_at=(0,1)]              cicids2017    det  1      10          0.9931        0.3511         0.9949       0.9958         0.9886          0.9972         0.5000     0.9900  0.5312±0.1122  0.5431±0.1166               0.0000         124
s2/det/pgd/2_layers/[hidden_dims=(128,64),detector_dims=(64,32),wrap_at=(1,)]              cicids2017    det  1      10          0.9939        0.4924         0.9947       0.9933         0.9890          0.9954         0.3800     0.9900  0.5490±0.1346  0.5596±0.1400               0.0000         110
s2/fur/pgd/2_layers/[hidden_dims=(64,32),detector_dims=(32,16),wrap_at=(1,)]               cicids2017    det  1      10          0.9926        0.0598         0.9969       0.9969         0.9896          0.9973         0.4600     0.9898  0.5714±0.0836  0.6506±0.1333               0.0000         129
s2/det/pgd/2_layers/[hidden_dims=(64,32),detector_dims=(64,32),wrap_at=(1,)]               cicids2017    det  1      10          0.9937        0.4021         0.9930       0.9918         0.9871          0.9954         0.4900     0.9894  0.5855±0.1504  0.5631±0.1532               0.0000         110
s2/fur/adaptive/2_layers/[hidden_dims=(32,16),detector_dims=(32,16),wrap_at=(1,)]          cicids2017    det  1      10          0.9928        0.0882         0.9946       0.9110         0.9875          0.9953         0.5800     0.9891  0.5728±0.0566  0.5688±0.0606               0.0000         233
s2/fur/adaptive/2_layers/[hidden_dims=(128,64),detector_dims=(32,16),wrap_at=(0,)]         cicids2017    det  1       9          0.9940        0.1961         0.9899       0.9864         0.9841          0.9994         0.3800     0.9891  0.3788±0.0942  0.3800±0.0858               0.0000         220
s2/fur/adaptive/3_layers/[hidden_dims=(128,64,16),detector_dims=(64,32),wrap_at=(0,1,2)]   cicids2017    det  1       5          0.9923        0.1291         0.9990       0.8668         0.9914          0.9958         0.5300     0.9891  0.6401±0.0445  0.6409±0.0453               0.0000         214
s2/fur/adaptive/2_layers/[hidden_dims=(32,16),detector_dims=(32,16),wrap_at=(0,1)]         cicids2017    det  1       9          0.9918        0.2305         0.9724       0.8543         0.9649          0.9986         0.3600     0.9888  0.7175±0.1112  0.6664±0.0567               0.0000         276
s2/fur/pgd/3_layers/[hidden_dims=(256,128,32),detector_dims=(64,32),wrap_at=(2,)]          cicids2017    det  1       8          0.9935        0.0319         0.9934       0.9918         0.9871          0.9935         0.3500     0.9863  0.7380±0.1491  0.6978±0.1313               0.0000         126
s2/fur/adaptive/2_layers/[hidden_dims=(128,64),detector_dims=(32,16),wrap_at=(1,)]         cicids2017    det  1       8          0.9934        0.1962         0.9837       0.8562         0.9773          0.9978         0.4600     0.9860  0.6049±0.0816  0.6023±0.0835               0.0000         200
s2/fur/adaptive/2_layers/[hidden_dims=(64,32),detector_dims=(64,32),wrap_at=(0,)]          cicids2017    det  1      10          0.9931        0.2347         0.9817       0.9617         0.9752          0.9993         0.3200     0.9859  0.4506±0.1040  0.3766±0.0696               0.0000         240
s2/fur/adaptive/2_layers/[hidden_dims=(128,64),detector_dims=(32,16),wrap_at=(0,1)]        cicids2017    det  1       9          0.9929        0.4402         0.9815       0.9609         0.9746          0.9995         0.4800     0.9855  0.7059±0.1144  0.6576±0.0630               0.0000         292
s2/det/pgd/2_layers/[hidden_dims=(128,64),detector_dims=(32,16),wrap_at=(1,)]              cicids2017    det  1      10          0.9941        0.3950         0.9871       0.9896         0.9815          0.9947         0.4800     0.9847  0.5946±0.1415  0.6590±0.1951               0.0000         111
s2/fur/adaptive/2_layers/[hidden_dims=(64,32),detector_dims=(64,32),wrap_at=(0,1)]         cicids2017    det  1       6          0.9908        0.3185         0.9568       0.8771         0.9485          0.9995         0.3700     0.9844  0.6244±0.0444  0.6306±0.0472               0.0000         188
s2/clo/pgd/3_layers/[hidden_dims=(256,128,32),wrap_at=(0,)]                                cicids2017    adv  1      10          0.9920        0.9855              -            -         0.9920          0.9855              -     0.9835  0.3641±0.0620  0.3577±0.0662               0.0000         125
s2/fur/adaptive/2_layers/[hidden_dims=(64,32),detector_dims=(64,32),wrap_at=(1,)]          cicids2017    det  1       8          0.9917        0.2623         0.9761       0.8249         0.9679          0.9982         0.5000     0.9830  0.3702±0.0783  0.3667±0.0729               0.0000         191
s2/clo/pgd/3_layers/[hidden_dims=(192,64,16),wrap_at=(0,)]                                 cicids2017    adv  1      10          0.9918        0.9839              -            -         0.9918          0.9839              -     0.9829  0.3604±0.0739  0.3590±0.0777               0.0000         130
s2/clo/pgd/3_layers/[hidden_dims=(256,128,32),wrap_at=(2,)]                                cicids2017    adv  1      10          0.9919        0.9858              -            -         0.9919          0.9857              -     0.9828  0.2325±0.0315  0.2309±0.0332               0.0000         129
s2/clo/pgd/3_layers/[hidden_dims=(256,128,32),wrap_at=(0,1,2)]                             cicids2017    adv  1      10          0.9915        0.9847              -            -         0.9915          0.9847              -     0.9828  0.3038±0.0490  0.3052±0.0498               0.0000         155
s2/clo/pgd/2_layers/[hidden_dims=(160,64),wrap_at=(1,)]                                    cicids2017    adv  1      10          0.9920        0.9835              -            -         0.9920          0.9835              -     0.9825  0.2100±0.0376  0.2058±0.0372               0.0000         105
s2/clo/pgd/3_layers/[hidden_dims=(192,64,16),wrap_at=(2,)]                                 cicids2017    adv  1      10          0.9915        0.9839              -            -         0.9915          0.9839              -     0.9825  0.3479±0.0645  0.3453±0.0648               0.0000         132
s2/clo/pgd/2_layers/[hidden_dims=(160,64),wrap_at=(0,1)]                                   cicids2017    adv  1      10          0.9918        0.9836              -            -         0.9918          0.9836              -     0.9823  0.2416±0.0577  0.2325±0.0444               0.0000         128
s2/clo/pgd/3_layers/[hidden_dims=(256,128,32),wrap_at=(0,2)]                               cicids2017    adv  1      10          0.9915        0.9842              -            -         0.9915          0.9842              -     0.9823  0.3626±0.0690  0.3597±0.0717               0.0000         141
s2/det/pgd/2_layers/[hidden_dims=(64,32),detector_dims=(32,16),wrap_at=(1,)]               cicids2017    det  1      10          0.9939        0.4812         0.9894       0.9859         0.9840          0.9900         0.4900     0.9822  0.6590±0.1447  0.7106±0.0983               0.0000         113
s2/fur/adaptive/2_layers/[hidden_dims=(64,32),detector_dims=(32,16),wrap_at=(1,)]          cicids2017    det  1       9          0.9933        0.1496         0.9823       0.8838         0.9758          0.9972         0.4100     0.9821  0.3697±0.0756  0.3620±0.0750               0.0000         212
s2/fur/adaptive/3_layers/[hidden_dims=(256,128,32),detector_dims=(64,32),wrap_at=(2,)]     cicids2017    det  1       7          0.9934        0.2663         0.9931       0.7776         0.9865          0.9965         0.6500     0.9821  0.5905±0.0430  0.5811±0.0473               0.0000         196
s2/clo/pgd/3_layers/[hidden_dims=(192,64,16),wrap_at=(0,2)]                                cicids2017    adv  1      10          0.9917        0.9830              -            -         0.9916          0.9830              -     0.9821  0.3654±0.0681  0.3596±0.0688               0.0000         152
s2/clo/pgd/2_layers/[hidden_dims=(160,64),wrap_at=(0,)]                                    cicids2017    adv  1      10          0.9916        0.9835              -            -         0.9916          0.9835              -     0.9820  0.2132±0.0376  0.2079±0.0374               0.0000         107
s2/clo/pgd/3_layers/[hidden_dims=(192,64,16),wrap_at=(0,1,2)]                              cicids2017    adv  1      10          0.9917        0.9818              -            -         0.9917          0.9818              -     0.9804  0.2278±0.0300  0.2375±0.0341               0.0000         150
s2/clo/pgd/2_layers/[hidden_dims=(80,32),wrap_at=(0,)]                                     cicids2017    adv  1      10          0.9908        0.9801              -            -         0.9908          0.9801              -     0.9797  0.2086±0.0368  0.2094±0.0428               0.0000         100
s2/det/pgd/2_layers/[hidden_dims=(32,16),detector_dims=(64,32),wrap_at=(1,)]               cicids2017    det  1      10          0.9931        0.5575         0.9871       0.9788         0.9812          0.9887         0.5300     0.9795  0.5676±0.1466  0.5589±0.1413               0.0000         115
s2/fur/pgd/2_layers/[hidden_dims=(32,16),detector_dims=(32,16),wrap_at=(1,)]               cicids2017    det  1       8          0.9914        0.1467         0.9897       0.9857         0.9818          0.9886         0.5300     0.9795  0.3789±0.0705  0.4269±0.0888               0.0000         104
s2/fur/adaptive/2_layers/[hidden_dims=(64,32),detector_dims=(32,16),wrap_at=(0,)]          cicids2017    det  1      10          0.9940        0.2667         0.9754       0.9699         0.9697          0.9990         0.4500     0.9787  0.3685±0.0749  0.3605±0.0683               0.0000         227
s2/clo/pgd/2_layers/[hidden_dims=(80,32),wrap_at=(1,)]                                     cicids2017    adv  1      10          0.9906        0.9780              -            -         0.9906          0.9780              -     0.9782  0.3108±0.0783  0.3044±0.0794               0.0000         117
s2/clo/pgd/2_layers/[hidden_dims=(80,32),wrap_at=(0,1)]                                    cicids2017    adv  1      10          0.9902        0.9774              -            -         0.9902          0.9774              -     0.9775  0.2395±0.0419  0.2319±0.0470               0.0000         128
s2/clo/pgd/2_layers/[hidden_dims=(48,16),wrap_at=(0,)]                                     cicids2017    adv  1      10          0.9900        0.9767              -            -         0.9900          0.9767              -     0.9750  0.3037±0.0772  0.2830±0.0873               0.0000         103
s2/fur/adaptive/2_layers/[hidden_dims=(32,16),detector_dims=(64,32),wrap_at=(1,)]          cicids2017    det  1       6          0.9889        0.3929         0.9622       0.6589         0.9523          0.9967         0.4600     0.9747  0.3621±0.0665  0.4776±0.1245               0.0000         155
s2/clo/pgd/2_layers/[hidden_dims=(48,16),wrap_at=(1,)]                                     cicids2017    adv  1      10          0.9903        0.9738              -            -         0.9903          0.9738              -     0.9728  0.2969±0.0587  0.2801±0.0718               0.0000         113
s2/clo/pgd/2_layers/[hidden_dims=(48,16),wrap_at=(0,1)]                                    cicids2017    adv  1      10          0.9897        0.9724              -            -         0.9896          0.9724              -     0.9718  0.2539±0.0680  0.2403±0.0571               0.0000         125
s2/fur/adaptive/2_layers/[hidden_dims=(128,64),detector_dims=(64,32),wrap_at=(1,)]         cicids2017    det  1       5          0.9893        0.4889         0.9740       0.5202         0.9637          0.9943         0.6000     0.9701  0.5654±0.0614  0.5706±0.0537               0.0000         121
s2/det/pgd/2_layers/[hidden_dims=(32,16),detector_dims=(32,16),wrap_at=(1,)]               cicids2017    det  1      10          0.9924        0.4043         0.9806       0.9594         0.9751          0.9726         0.5500     0.9635  0.6088±0.1532  0.6021±0.1532               0.0000         108
s2/fur/pgd/3_layers/[hidden_dims=(128,64,16),detector_dims=(64,32),wrap_at=(2,)]           cicids2017    det  1       6          0.9932        0.0678         0.9747       0.9637         0.9690          0.9670         0.5100     0.9599  0.5341±0.1630  0.4809±0.1166               0.0000          96
s2/fur/adaptive/2_layers/[hidden_dims=(32,16),detector_dims=(64,32),wrap_at=(0,)]          cicids2017    det  1      10          0.9932        0.4319         0.9257       0.9109         0.9200          0.9972         0.3800     0.9595  0.3632±0.0739  0.3593±0.0681               0.0000         236
s2/det/adaptive/3_layers/[hidden_dims=(256,128,32),detector_dims=(64,32),wrap_at=(0,1,2)]  cicids2017    det  1      10          0.9940        0.9372         0.9485       0.5438         0.9431          0.9980         0.5000     0.9499  0.7267±0.1545  0.7515±0.1345               0.0000         339
s2/det/pgd/3_layers/[hidden_dims=(256,128,32),detector_dims=(64,32),wrap_at=(2,)]          cicids2017    det  1      10          0.9945        0.6037         0.9520       0.9520         0.9475          0.9733         0.5400     0.9455  0.4601±0.1082  0.4834±0.1499               0.0000         129
s2/det/adaptive/2_layers/[hidden_dims=(128,64),detector_dims=(64,32),wrap_at=(0,1)]        cicids2017    det  1       9          0.9936        0.9088         0.6212       0.7956         0.6154          0.9984         0.4700     0.9439  0.6796±0.0603  0.6535±0.0516               0.0000         252
s2/fur/adaptive/2_layers/[hidden_dims=(32,16),detector_dims=(32,16),wrap_at=(0,)]          cicids2017    det  1       7          0.9912        0.5931         0.9056       0.6323         0.8981          0.9950         0.4700     0.9420  0.3548±0.0647  0.3554±0.0623               0.0000         165
s2/det/adaptive/2_layers/[hidden_dims=(128,64),detector_dims=(64,32),wrap_at=(1,)]         cicids2017    det  1      10          0.9938        0.9073         0.9964       0.0782         0.9905          0.9852         0.6400     0.9409  0.5642±0.0617  0.5679±0.0611               0.0000         224
s2/det/adaptive/3_layers/[hidden_dims=(256,128,32),detector_dims=(64,32),wrap_at=(0,)]     cicids2017    det  1       7          0.9933        0.9398         0.8364       0.6861         0.8308          0.9915         0.4600     0.9356  0.6439±0.0535  0.6414±0.0680               0.0000         166
s2/det/adaptive/2_layers/[hidden_dims=(128,64),detector_dims=(32,16),wrap_at=(0,1)]        cicids2017    det  1      10          0.9939        0.9424         0.8659       0.6947         0.8602          0.9977         0.4800     0.9354  0.6295±0.0455  0.7113±0.0986               0.0000         280
s2/det/adaptive/2_layers/[hidden_dims=(128,64),detector_dims=(64,32),wrap_at=(0,)]         cicids2017    det  1       7          0.9929        0.9279         0.7338       0.7135         0.7292          0.9960         0.4400     0.9346  0.5640±0.0649  0.5591±0.0605               0.0000         157
s2/det/adaptive/2_layers/[hidden_dims=(32,16),detector_dims=(32,16),wrap_at=(0,)]          cicids2017    det  1       6          0.9898        0.8942         0.5447       0.6953         0.5368          0.9947         0.4800     0.9340  0.3825±0.0615  0.3769±0.0592               0.0000         126
s2/det/adaptive/2_layers/[hidden_dims=(64,32),detector_dims=(64,32),wrap_at=(0,1)]         cicids2017    det  1      10          0.9932        0.9210         0.9166       0.4635         0.9104          0.9988         0.5000     0.9315  0.5656±0.0840  0.5335±0.0853               0.0000         282
s2/det/adaptive/3_layers/[hidden_dims=(128,64,16),detector_dims=(64,32),wrap_at=(2,)]      cicids2017    det  1       8          0.9903        0.9014         0.0546       0.9900         0.0499          0.9989         0.4700     0.9298  0.5209±0.0958  0.5238±0.0954               0.0000         189
s2/det/pgd/3_layers/[hidden_dims=(128,64,16),detector_dims=(64,32),wrap_at=(2,)]           cicids2017    det  1      10          0.9936        0.4915         0.9413       0.9523         0.9371          0.9725         0.4800     0.9282  0.7220±0.1302  0.7209±0.1252               0.0000         131
s2/det/adaptive/3_layers/[hidden_dims=(128,64,16),detector_dims=(64,32),wrap_at=(0,1,2)]   cicids2017    det  1       7          0.9932        0.9226         0.5105       0.7328         0.5045          0.9986         0.4800     0.9276  0.8971±0.0565  0.9340±0.1199               0.0000         241
s2/det/adaptive/2_layers/[hidden_dims=(64,32),detector_dims=(32,16),wrap_at=(1,)]          cicids2017    det  1       6          0.9917        0.8720         0.9886       0.0938         0.9815          0.9647         0.6100     0.9258  0.5636±0.0626  0.5544±0.0693               0.0000         132
s2/det/adaptive/2_layers/[hidden_dims=(64,32),detector_dims=(64,32),wrap_at=(1,)]          cicids2017    det  1       7          0.9921        0.8960         0.9874       0.0895         0.9817          0.9847         0.6100     0.9226  0.3928±0.0902  0.3851±0.0855               0.0000         146
s2/det/adaptive/3_layers/[hidden_dims=(128,64,16),detector_dims=(64,32),wrap_at=(0,2)]     cicids2017    det  1      10          0.9941        0.9159         0.9004       0.6734         0.8948          0.9937         0.5100     0.9209  0.6633±0.0476  0.6645±0.0456               0.0000         284
s2/det/adaptive/2_layers/[hidden_dims=(128,64),detector_dims=(32,16),wrap_at=(0,)]         cicids2017    det  1       9          0.9933        0.9421         0.8179       0.6914         0.8124          0.9929         0.4700     0.9206  0.5797±0.0472  0.5685±0.0520               0.0000         198
s2/det/adaptive/2_layers/[hidden_dims=(32,16),detector_dims=(64,32),wrap_at=(0,1)]         cicids2017    det  1       9          0.9921        0.9126         0.3107       0.9513         0.3045          0.9997         0.4200     0.9197  0.5546±0.0754  0.5552±0.0751               0.0000         248
s2/det/adaptive/2_layers/[hidden_dims=(128,64),detector_dims=(32,16),wrap_at=(1,)]         cicids2017    det  1       7          0.9923        0.8890         0.9862       0.0905         0.9793          0.9765         0.5400     0.9186  0.3657±0.0842  0.3666±0.0863               0.0000         156
s2/det/adaptive/3_layers/[hidden_dims=(256,128,32),detector_dims=(64,32),wrap_at=(0,2)]    cicids2017    det  1       5          0.9924        0.9397         0.8389       0.5596         0.8327          0.9876         0.4900     0.9185  0.5664±0.0915  0.6374±0.1485               0.0000         144
s2/det/adaptive/2_layers/[hidden_dims=(64,32),detector_dims=(32,16),wrap_at=(0,)]          cicids2017    det  1      10          0.9935        0.9108         0.9716       0.3059         0.9655          0.9888         0.6100     0.9175  0.5789±0.0987  0.3784±0.0841               0.0000         227
s2/det/adaptive/2_layers/[hidden_dims=(32,16),detector_dims=(64,32),wrap_at=(1,)]          cicids2017    det  1       6          0.9906        0.8717         0.9830       0.0885         0.9751          0.9576         0.5700     0.8968  0.3784±0.0942  0.3735±0.0889               0.0000         130
s2/det/adaptive/3_layers/[hidden_dims=(128,64,16),detector_dims=(64,32),wrap_at=(0,)]      cicids2017    det  1       8          0.9932        0.9092         0.4461       0.7496         0.4405          0.9945         0.4500     0.8928  0.5903±0.0472  0.5908±0.0436               0.0000         189
s2/det/adaptive/2_layers/[hidden_dims=(64,32),detector_dims=(64,32),wrap_at=(0,)]          cicids2017    det  1       8          0.9929        0.9157         0.9492       0.2996         0.9427          0.9852         0.5800     0.8904  0.5528±0.0683  0.5506±0.0692               0.0000         182
s2/det/adaptive/2_layers/[hidden_dims=(32,16),detector_dims=(32,16),wrap_at=(1,)]          cicids2017    det  1       7          0.9921        0.8842         0.9842       0.0780         0.9771          0.9614         0.6300     0.8865  0.3899±0.0677  0.3698±0.0700               0.0000         149
s2/det/adaptive/2_layers/[hidden_dims=(32,16),detector_dims=(32,16),wrap_at=(0,1)]         cicids2017    det  1       5          0.9883        0.8724         0.9866       0.1064         0.9762          0.9768         0.5800     0.8696  0.6139±0.0885  0.5457±0.0805               0.0000         143
s2/det/adaptive/2_layers/[hidden_dims=(64,32),detector_dims=(32,16),wrap_at=(0,1)]         cicids2017    det  1       5          0.9904        0.8763         0.9914       0.1090         0.9828          0.9821         0.5900     0.8369  0.5965±0.0924  0.5673±0.0808               0.0000         138
s2/det/adaptive/2_layers/[hidden_dims=(32,16),detector_dims=(64,32),wrap_at=(0,)]          cicids2017    det  1       5          0.9883        0.8822         0.9897       0.0964         0.9784          0.9775         0.6100     0.8062  0.5840±0.0596  0.5867±0.0606               0.0000         117
s2/det/adaptive/3_layers/[hidden_dims=(256,128,32),detector_dims=(64,32),wrap_at=(2,)]     cicids2017    det  1       5          0.9921        0.8522         0.7750       0.3142         0.7707          0.9715         0.4900     0.7316  0.6314±0.0733  0.6331±0.0719               0.0000         118

== val_score: esperimento x dataset ==
experiment                                                                                 cicids2017
-----------------------------------------------------------------------------------------  ----------
s2/det/pgd/2_layers/[hidden_dims=(32,16),detector_dims=(32,16),wrap_at=(0,)]                   0.9924
s2/det/pgd/2_layers/[hidden_dims=(32,16),detector_dims=(32,16),wrap_at=(1,)]                   0.9635
s2/det/pgd/2_layers/[hidden_dims=(32,16),detector_dims=(32,16),wrap_at=(0,1)]                  0.9900
s2/det/pgd/2_layers/[hidden_dims=(32,16),detector_dims=(64,32),wrap_at=(0,)]                   0.9922
s2/det/pgd/2_layers/[hidden_dims=(32,16),detector_dims=(64,32),wrap_at=(1,)]                   0.9795
s2/det/pgd/2_layers/[hidden_dims=(32,16),detector_dims=(64,32),wrap_at=(0,1)]                  0.9935
s2/det/pgd/2_layers/[hidden_dims=(64,32),detector_dims=(32,16),wrap_at=(0,)]                   0.9952
s2/det/pgd/2_layers/[hidden_dims=(64,32),detector_dims=(32,16),wrap_at=(1,)]                   0.9822
s2/det/pgd/2_layers/[hidden_dims=(64,32),detector_dims=(32,16),wrap_at=(0,1)]                  0.9940
s2/det/pgd/2_layers/[hidden_dims=(64,32),detector_dims=(64,32),wrap_at=(0,)]                   0.9948
s2/det/pgd/2_layers/[hidden_dims=(64,32),detector_dims=(64,32),wrap_at=(1,)]                   0.9894
s2/det/pgd/2_layers/[hidden_dims=(64,32),detector_dims=(64,32),wrap_at=(0,1)]                  0.9938
s2/det/pgd/2_layers/[hidden_dims=(128,64),detector_dims=(32,16),wrap_at=(0,)]                  0.9954
s2/det/pgd/2_layers/[hidden_dims=(128,64),detector_dims=(32,16),wrap_at=(1,)]                  0.9847
s2/det/pgd/2_layers/[hidden_dims=(128,64),detector_dims=(32,16),wrap_at=(0,1)]                 0.9963
s2/det/pgd/2_layers/[hidden_dims=(128,64),detector_dims=(64,32),wrap_at=(0,)]                  0.9958
s2/det/pgd/2_layers/[hidden_dims=(128,64),detector_dims=(64,32),wrap_at=(1,)]                  0.9900
s2/det/pgd/2_layers/[hidden_dims=(128,64),detector_dims=(64,32),wrap_at=(0,1)]                 0.9959
s2/det/pgd/3_layers/[hidden_dims=(128,64,16),detector_dims=(64,32),wrap_at=(0,)]               0.9959
s2/det/pgd/3_layers/[hidden_dims=(128,64,16),detector_dims=(64,32),wrap_at=(2,)]               0.9282
s2/det/pgd/3_layers/[hidden_dims=(128,64,16),detector_dims=(64,32),wrap_at=(0,2)]              0.9953
s2/det/pgd/3_layers/[hidden_dims=(128,64,16),detector_dims=(64,32),wrap_at=(0,1,2)]            0.9926
s2/det/pgd/3_layers/[hidden_dims=(256,128,32),detector_dims=(64,32),wrap_at=(0,)]              0.9959
s2/det/pgd/3_layers/[hidden_dims=(256,128,32),detector_dims=(64,32),wrap_at=(2,)]              0.9455
s2/det/pgd/3_layers/[hidden_dims=(256,128,32),detector_dims=(64,32),wrap_at=(0,2)]             0.9964
s2/det/pgd/3_layers/[hidden_dims=(256,128,32),detector_dims=(64,32),wrap_at=(0,1,2)]           0.9922
s2/det/adaptive/2_layers/[hidden_dims=(32,16),detector_dims=(32,16),wrap_at=(0,)]              0.9340
s2/det/adaptive/2_layers/[hidden_dims=(32,16),detector_dims=(32,16),wrap_at=(1,)]              0.8865
s2/det/adaptive/2_layers/[hidden_dims=(32,16),detector_dims=(32,16),wrap_at=(0,1)]             0.8696
s2/det/adaptive/2_layers/[hidden_dims=(32,16),detector_dims=(64,32),wrap_at=(0,)]              0.8062
s2/det/adaptive/2_layers/[hidden_dims=(32,16),detector_dims=(64,32),wrap_at=(1,)]              0.8968
s2/det/adaptive/2_layers/[hidden_dims=(32,16),detector_dims=(64,32),wrap_at=(0,1)]             0.9197
s2/det/adaptive/2_layers/[hidden_dims=(64,32),detector_dims=(32,16),wrap_at=(0,)]              0.9175
s2/det/adaptive/2_layers/[hidden_dims=(64,32),detector_dims=(32,16),wrap_at=(1,)]              0.9258
s2/det/adaptive/2_layers/[hidden_dims=(64,32),detector_dims=(32,16),wrap_at=(0,1)]             0.8369
s2/det/adaptive/2_layers/[hidden_dims=(64,32),detector_dims=(64,32),wrap_at=(0,)]              0.8904
s2/det/adaptive/2_layers/[hidden_dims=(64,32),detector_dims=(64,32),wrap_at=(1,)]              0.9226
s2/det/adaptive/2_layers/[hidden_dims=(64,32),detector_dims=(64,32),wrap_at=(0,1)]             0.9315
s2/det/adaptive/2_layers/[hidden_dims=(128,64),detector_dims=(32,16),wrap_at=(0,)]             0.9206
s2/det/adaptive/2_layers/[hidden_dims=(128,64),detector_dims=(32,16),wrap_at=(1,)]             0.9186
s2/det/adaptive/2_layers/[hidden_dims=(128,64),detector_dims=(32,16),wrap_at=(0,1)]            0.9354
s2/det/adaptive/2_layers/[hidden_dims=(128,64),detector_dims=(64,32),wrap_at=(0,)]             0.9346
s2/det/adaptive/2_layers/[hidden_dims=(128,64),detector_dims=(64,32),wrap_at=(1,)]             0.9409
s2/det/adaptive/2_layers/[hidden_dims=(128,64),detector_dims=(64,32),wrap_at=(0,1)]            0.9439
s2/det/adaptive/3_layers/[hidden_dims=(128,64,16),detector_dims=(64,32),wrap_at=(0,)]          0.8928
s2/det/adaptive/3_layers/[hidden_dims=(128,64,16),detector_dims=(64,32),wrap_at=(2,)]          0.9298
s2/det/adaptive/3_layers/[hidden_dims=(128,64,16),detector_dims=(64,32),wrap_at=(0,2)]         0.9209
s2/det/adaptive/3_layers/[hidden_dims=(128,64,16),detector_dims=(64,32),wrap_at=(0,1,2)]       0.9276
s2/det/adaptive/3_layers/[hidden_dims=(256,128,32),detector_dims=(64,32),wrap_at=(0,)]         0.9356
s2/det/adaptive/3_layers/[hidden_dims=(256,128,32),detector_dims=(64,32),wrap_at=(2,)]         0.7316
s2/det/adaptive/3_layers/[hidden_dims=(256,128,32),detector_dims=(64,32),wrap_at=(0,2)]        0.9185
s2/det/adaptive/3_layers/[hidden_dims=(256,128,32),detector_dims=(64,32),wrap_at=(0,1,2)]      0.9499
s2/fur/pgd/2_layers/[hidden_dims=(32,16),detector_dims=(32,16),wrap_at=(0,)]                   0.9957
s2/fur/pgd/2_layers/[hidden_dims=(32,16),detector_dims=(32,16),wrap_at=(1,)]                   0.9795
s2/fur/pgd/2_layers/[hidden_dims=(32,16),detector_dims=(32,16),wrap_at=(0,1)]                  0.9949
s2/fur/pgd/2_layers/[hidden_dims=(32,16),detector_dims=(64,32),wrap_at=(0,)]                   0.9960
s2/fur/pgd/2_layers/[hidden_dims=(32,16),detector_dims=(64,32),wrap_at=(1,)]                   0.9915
s2/fur/pgd/2_layers/[hidden_dims=(32,16),detector_dims=(64,32),wrap_at=(0,1)]                  0.9952
s2/fur/pgd/2_layers/[hidden_dims=(64,32),detector_dims=(32,16),wrap_at=(0,)]                   0.9958
s2/fur/pgd/2_layers/[hidden_dims=(64,32),detector_dims=(32,16),wrap_at=(1,)]                   0.9898
s2/fur/pgd/2_layers/[hidden_dims=(64,32),detector_dims=(32,16),wrap_at=(0,1)]                  0.9960
s2/fur/pgd/2_layers/[hidden_dims=(64,32),detector_dims=(64,32),wrap_at=(0,)]                   0.9960
s2/fur/pgd/2_layers/[hidden_dims=(64,32),detector_dims=(64,32),wrap_at=(1,)]                   0.9949
s2/fur/pgd/2_layers/[hidden_dims=(64,32),detector_dims=(64,32),wrap_at=(0,1)]                  0.9949
s2/fur/pgd/2_layers/[hidden_dims=(128,64),detector_dims=(32,16),wrap_at=(0,)]                  0.9965
s2/fur/pgd/2_layers/[hidden_dims=(128,64),detector_dims=(32,16),wrap_at=(1,)]                  0.9946
s2/fur/pgd/2_layers/[hidden_dims=(128,64),detector_dims=(32,16),wrap_at=(0,1)]                 0.9965
s2/fur/pgd/2_layers/[hidden_dims=(128,64),detector_dims=(64,32),wrap_at=(0,)]                  0.9961
s2/fur/pgd/2_layers/[hidden_dims=(128,64),detector_dims=(64,32),wrap_at=(1,)]                  0.9960
s2/fur/pgd/2_layers/[hidden_dims=(128,64),detector_dims=(64,32),wrap_at=(0,1)]                 0.9966
s2/fur/pgd/3_layers/[hidden_dims=(128,64,16),detector_dims=(64,32),wrap_at=(0,)]               0.9966
s2/fur/pgd/3_layers/[hidden_dims=(128,64,16),detector_dims=(64,32),wrap_at=(2,)]               0.9599
s2/fur/pgd/3_layers/[hidden_dims=(128,64,16),detector_dims=(64,32),wrap_at=(0,2)]              0.9962
s2/fur/pgd/3_layers/[hidden_dims=(128,64,16),detector_dims=(64,32),wrap_at=(0,1,2)]            0.9960
s2/fur/pgd/3_layers/[hidden_dims=(256,128,32),detector_dims=(64,32),wrap_at=(0,)]              0.9960
s2/fur/pgd/3_layers/[hidden_dims=(256,128,32),detector_dims=(64,32),wrap_at=(2,)]              0.9863
s2/fur/pgd/3_layers/[hidden_dims=(256,128,32),detector_dims=(64,32),wrap_at=(0,2)]             0.9968
s2/fur/pgd/3_layers/[hidden_dims=(256,128,32),detector_dims=(64,32),wrap_at=(0,1,2)]           0.9963
s2/fur/adaptive/2_layers/[hidden_dims=(32,16),detector_dims=(32,16),wrap_at=(0,)]              0.9420
s2/fur/adaptive/2_layers/[hidden_dims=(32,16),detector_dims=(32,16),wrap_at=(1,)]              0.9891
s2/fur/adaptive/2_layers/[hidden_dims=(32,16),detector_dims=(32,16),wrap_at=(0,1)]             0.9888
s2/fur/adaptive/2_layers/[hidden_dims=(32,16),detector_dims=(64,32),wrap_at=(0,)]              0.9595
s2/fur/adaptive/2_layers/[hidden_dims=(32,16),detector_dims=(64,32),wrap_at=(1,)]              0.9747
s2/fur/adaptive/2_layers/[hidden_dims=(32,16),detector_dims=(64,32),wrap_at=(0,1)]             0.9910
s2/fur/adaptive/2_layers/[hidden_dims=(64,32),detector_dims=(32,16),wrap_at=(0,)]              0.9787
s2/fur/adaptive/2_layers/[hidden_dims=(64,32),detector_dims=(32,16),wrap_at=(1,)]              0.9821
s2/fur/adaptive/2_layers/[hidden_dims=(64,32),detector_dims=(32,16),wrap_at=(0,1)]             0.9913
s2/fur/adaptive/2_layers/[hidden_dims=(64,32),detector_dims=(64,32),wrap_at=(0,)]              0.9859
s2/fur/adaptive/2_layers/[hidden_dims=(64,32),detector_dims=(64,32),wrap_at=(1,)]              0.9830
s2/fur/adaptive/2_layers/[hidden_dims=(64,32),detector_dims=(64,32),wrap_at=(0,1)]             0.9844
s2/fur/adaptive/2_layers/[hidden_dims=(128,64),detector_dims=(32,16),wrap_at=(0,)]             0.9891
s2/fur/adaptive/2_layers/[hidden_dims=(128,64),detector_dims=(32,16),wrap_at=(1,)]             0.9860
s2/fur/adaptive/2_layers/[hidden_dims=(128,64),detector_dims=(32,16),wrap_at=(0,1)]            0.9855
s2/fur/adaptive/2_layers/[hidden_dims=(128,64),detector_dims=(64,32),wrap_at=(0,)]             0.9931
s2/fur/adaptive/2_layers/[hidden_dims=(128,64),detector_dims=(64,32),wrap_at=(1,)]             0.9701
s2/fur/adaptive/2_layers/[hidden_dims=(128,64),detector_dims=(64,32),wrap_at=(0,1)]            0.9929
s2/fur/adaptive/3_layers/[hidden_dims=(128,64,16),detector_dims=(64,32),wrap_at=(0,)]          0.9929
s2/fur/adaptive/3_layers/[hidden_dims=(128,64,16),detector_dims=(64,32),wrap_at=(2,)]          0.9903
s2/fur/adaptive/3_layers/[hidden_dims=(128,64,16),detector_dims=(64,32),wrap_at=(0,2)]         0.9934
s2/fur/adaptive/3_layers/[hidden_dims=(128,64,16),detector_dims=(64,32),wrap_at=(0,1,2)]       0.9891
s2/fur/adaptive/3_layers/[hidden_dims=(256,128,32),detector_dims=(64,32),wrap_at=(0,)]         0.9954
s2/fur/adaptive/3_layers/[hidden_dims=(256,128,32),detector_dims=(64,32),wrap_at=(2,)]         0.9821
s2/fur/adaptive/3_layers/[hidden_dims=(256,128,32),detector_dims=(64,32),wrap_at=(0,2)]        0.9913
s2/fur/adaptive/3_layers/[hidden_dims=(256,128,32),detector_dims=(64,32),wrap_at=(0,1,2)]      0.9901
s2/clo/pgd/2_layers/[hidden_dims=(48,16),wrap_at=(0,)]                                         0.9750
s2/clo/pgd/2_layers/[hidden_dims=(48,16),wrap_at=(1,)]                                         0.9728
s2/clo/pgd/2_layers/[hidden_dims=(48,16),wrap_at=(0,1)]                                        0.9718
s2/clo/pgd/2_layers/[hidden_dims=(80,32),wrap_at=(0,)]                                         0.9797
s2/clo/pgd/2_layers/[hidden_dims=(80,32),wrap_at=(1,)]                                         0.9782
s2/clo/pgd/2_layers/[hidden_dims=(80,32),wrap_at=(0,1)]                                        0.9775
s2/clo/pgd/2_layers/[hidden_dims=(160,64),wrap_at=(0,)]                                        0.9820
s2/clo/pgd/2_layers/[hidden_dims=(160,64),wrap_at=(1,)]                                        0.9825
s2/clo/pgd/2_layers/[hidden_dims=(160,64),wrap_at=(0,1)]                                       0.9823
s2/clo/pgd/3_layers/[hidden_dims=(192,64,16),wrap_at=(0,)]                                     0.9829
s2/clo/pgd/3_layers/[hidden_dims=(192,64,16),wrap_at=(2,)]                                     0.9825
s2/clo/pgd/3_layers/[hidden_dims=(192,64,16),wrap_at=(0,2)]                                    0.9821
s2/clo/pgd/3_layers/[hidden_dims=(192,64,16),wrap_at=(0,1,2)]                                  0.9804
s2/clo/pgd/3_layers/[hidden_dims=(256,128,32),wrap_at=(0,)]                                    0.9835
s2/clo/pgd/3_layers/[hidden_dims=(256,128,32),wrap_at=(2,)]                                    0.9828
s2/clo/pgd/3_layers/[hidden_dims=(256,128,32),wrap_at=(0,2)]                                   0.9823
s2/clo/pgd/3_layers/[hidden_dims=(256,128,32),wrap_at=(0,1,2)]                                 0.9828