All configurations are valid
Dropped the bookkeeping columns ('id', 'source', 'scenario', 'capture', 'attack_cat')

CIC-IDS 2017: 69 columns
  ACK Flag Count
  Active Max
  Active Mean
  Active Min
  Active Std
  Average Packet Size
  Avg Bwd Segment Size
  Avg Fwd Segment Size
  Bwd Header Length
  Bwd IAT Max
  Bwd IAT Mean
  Bwd IAT Min
  Bwd IAT Std
  Bwd IAT Total
  Bwd Packet Length Max
  Bwd Packet Length Mean
  Bwd Packet Length Min
  Bwd Packet Length Std
  Bwd Packets/s
  CWE Flag Count
  Destination Port
  Down/Up Ratio
  ECE Flag Count
  FIN Flag Count
  Flow Bytes/s
  Flow Duration
  Flow IAT Max
  Flow IAT Mean
  Flow IAT Min
  Flow IAT Std
  Flow Packets/s
  Fwd Header Length
  Fwd IAT Max
  Fwd IAT Mean
  Fwd IAT Min
  Fwd IAT Std
  Fwd IAT Total
  Fwd PSH Flags
  Fwd Packet Length Max
  Fwd Packet Length Mean
  Fwd Packet Length Min
  Fwd Packet Length Std
  Fwd Packets/s
  Fwd URG Flags
  Idle Max
  Idle Mean
  Idle Min
  Idle Std
  Init_Win_bytes_backward
  Init_Win_bytes_forward
  Max Packet Length
  Min Packet Length
  PSH Flag Count
  Packet Length Mean
  Packet Length Std
  Packet Length Variance
  RST Flag Count
  SYN Flag Count
  Subflow Bwd Bytes
  Subflow Bwd Packets
  Subflow Fwd Bytes
  Subflow Fwd Packets
  Total Backward Packets
  Total Fwd Packets
  Total Length of Bwd Packets
  Total Length of Fwd Packets
  URG Flag Count
  act_data_pkt_fwd
  min_seg_size_forward
[warn] CIC-IDS 2017: non-attackable columns not found in the features, they will be perturbed by the attack: ['protocol']

== summary (123 run) ==
experiment                                 dataset  model  n  epochs  task_clean_acc   task_adv_acc  det_clean_acc    det_adv_acc  clean_acc_e2e  robust_acc_e2e  threshold_det      val_score       infer_ms   infer_ms_adv  infer_exit_rate_adv  duration_s
--------------------------------------  ----------  -----  -  ------  --------------  -------------  -------------  -------------  -------------  --------------  -------------  -------------  -------------  -------------  -------------------  ----------
s3/fur/pgd/high/mean/[detach=True]      cicids2017    det  3    10±1   0.9940±0.0004  0.0185±0.0087  0.9999±0.0001  0.9998±0.0001  0.9939±0.0005   1.0000±0.0001  0.5000±0.0000  0.9966±0.0003  0.6665±0.0673  0.6650±0.0651        0.0000±0.0000       167±8
s3/det/pgd/high/mean/[detach=False]     cicids2017    det  3    10±1   0.9941±0.0003  0.1013±0.0338  0.9999±0.0001  0.9998±0.0003  0.9940±0.0004   0.9998±0.0002  0.2467±0.0839  0.9966±0.0004  0.7767±0.2169  0.7892±0.2150        0.0000±0.0000       138±8
s3/det/pgd/high/max/[detach=False]      cicids2017    det  3    10±1   0.9941±0.0003  0.1013±0.0338  0.9999±0.0001  0.9997±0.0003  0.9940±0.0004   0.9998±0.0002  0.4633±0.1861  0.9966±0.0004  0.9944±0.2688  0.5608±0.1023        0.9997±0.0006      137±11
s3/fur/pgd/medium/mean/[detach=True]    cicids2017    det  3    10±0   0.9938±0.0002  0.0855±0.0258  0.9999±0.0000  0.9999±0.0001  0.9937±0.0001   1.0000±0.0001  0.3900±0.2287  0.9965±0.0000  0.5005±0.1179  0.4944±0.1183        0.0000±0.0000       130±2
s3/det/pgd/medium/mean/[detach=False]   cicids2017    det  3    10±0   0.9938±0.0003  0.1888±0.0504  0.9999±0.0001  0.9999±0.0001  0.9938±0.0003   0.9999±0.0001  0.3500±0.1323  0.9964±0.0001  0.5166±0.1210  0.5219±0.1361        0.0000±0.0000       108±3
s3/fur/pgd/medium/mean/[detach=False]   cicids2017    det  3    10±1   0.9939±0.0004  0.0215±0.0101  0.9999±0.0000  0.9999±0.0000  0.9938±0.0005   0.9999±0.0001  0.3300±0.1836  0.9963±0.0003  0.5695±0.0720  0.5905±0.0984        0.0000±0.0000       127±7
s3/fur/pgd/high/mean/[detach=False]     cicids2017    det  3     8±2   0.9934±0.0009  0.0005±0.0005  1.0000±0.0001  1.0000±0.0001  0.9934±0.0009   1.0000±0.0001  0.3033±0.2259  0.9962±0.0005  0.6432±0.0855  0.6371±0.0919        0.0000±0.0000      135±36
s3/fur/pgd/high/max/[detach=False]      cicids2017    det  3     8±2   0.9934±0.0009  0.0005±0.0005  1.0000±0.0001  1.0000±0.0001  0.9934±0.0009   1.0000±0.0001  0.4700±0.3559  0.9962±0.0005  1.0565±0.1399  0.6884±0.1250        1.0000±0.0000      131±34
s3/det/pgd/high/mean/[detach=True]      cicids2017    det  3    10±1   0.9940±0.0001  0.5949±0.0476  0.9994±0.0002  0.9995±0.0004  0.9935±0.0003   0.9999±0.0001  0.5000±0.0000  0.9961±0.0003  0.6752±0.0820  0.6744±0.0878        0.0000±0.0000      127±14
s3/fur/pgd/mini/mean/[detach=True]      cicids2017    det  3    10±0   0.9931±0.0005  0.0282±0.0166  0.9998±0.0001  0.9998±0.0001  0.9930±0.0005   0.9998±0.0001  0.4667±0.0306  0.9958±0.0001  0.5633±0.0781  0.5747±0.0888        0.0000±0.0000       134±8
s3/fur/pgd/mini/mean/[detach=False]     cicids2017    det  3    10±0   0.9933±0.0005  0.0044±0.0039  0.9999±0.0001  0.9999±0.0001  0.9932±0.0006   0.9999±0.0000  0.5167±0.4038  0.9958±0.0005  0.4303±0.1158  0.4256±0.1102        0.0000±0.0000       127±1
s3/det/pgd/medium/mean/[detach=True]    cicids2017    det  3    10±1   0.9937±0.0002  0.4310±0.0631  0.9994±0.0003  0.9997±0.0002  0.9931±0.0004   0.9998±0.0002  0.3933±0.0751  0.9958±0.0004  0.5328±0.1433  0.5220±0.1298        0.0000±0.0000       104±7
s3/det/pgd/mini/mean/[detach=False]     cicids2017    det  3    10±0   0.9928±0.0007  0.2118±0.0130  0.9998±0.0002  0.9998±0.0001  0.9927±0.0006   0.9999±0.0001  0.2267±0.0666  0.9956±0.0002  0.5003±0.1457  0.4504±0.1367        0.0000±0.0000       106±1
s3/fur/apgd/high/mean/[detach=True]     cicids2017    det  3    10±0   0.9942±0.0001  0.1812±0.0328  0.9979±0.0003  0.9943±0.0010  0.9922±0.0003   0.9997±0.0001  0.4433±0.0577  0.9948±0.0006  0.5126±0.0917  0.5056±0.0840        0.0000±0.0000       261±6
s3/fur/apgd/high/mean/[detach=False]    cicids2017    det  3    10±0   0.9944±0.0003  0.2225±0.0766  0.9928±0.0017  0.9833±0.0063  0.9873±0.0018   0.9998±0.0001  0.3700±0.0700  0.9932±0.0007  0.5674±0.0866  0.5552±0.0815        0.0000±0.0000       257±8
s3/det/pgd/mini/mean/[detach=True]      cicids2017    det  3    10±0   0.9927±0.0008  0.4271±0.0325  0.9968±0.0017  0.9968±0.0023  0.9898±0.0008   0.9980±0.0020  0.3600±0.1908  0.9922±0.0017  0.4617±0.1277  0.4530±0.1232        0.0000±0.0000       107±1
s3/fur/apgd/medium/mean/[detach=False]  cicids2017    det  3    10±0   0.9927±0.0002  0.0953±0.0303  0.9947±0.0022  0.9883±0.0056  0.9877±0.0023   0.9998±0.0001  0.4333±0.0513  0.9921±0.0016  0.5942±0.0915  0.5820±0.0862        0.0000±0.0000      295±11
s3/fur/apgd/medium/mean/[detach=True]   cicids2017    det  3    10±0   0.9932±0.0008  0.3289±0.0327  0.9944±0.0012  0.9825±0.0028  0.9877±0.0018   0.9999±0.0001  0.4733±0.0058  0.9919±0.0007  0.6301±0.0456  0.6289±0.0457        0.0000±0.0000      299±10
s3/fur/pgd/high/max/[detach=True]       cicids2017    det  3     9±1   0.9939±0.0004  0.0196±0.0072  0.9997±0.0002  0.9997±0.0003  0.9936±0.0006   0.9998±0.0002  0.9900±0.0000  0.9913±0.0036  0.9917±0.2186  0.5903±0.0985        0.9997±0.0006       162±7
s3/fur/apgd/mini/mean/[detach=True]     cicids2017    det  3    10±0   0.9931±0.0003  0.2202±0.0153  0.9740±0.0056  0.8940±0.0459  0.9677±0.0051   0.9991±0.0007  0.3800±0.0529  0.9899±0.0011  0.5911±0.0808  0.6045±0.0914        0.0000±0.0000       292±8
s3/det/apgd/high/mean/[detach=False]    cicids2017    det  3    10±0   0.9930±0.0008  0.3000±0.1021  0.9822±0.0042  0.9647±0.0080  0.9756±0.0049   0.9997±0.0000  0.3733±0.0503  0.9894±0.0022  0.8835±0.0822  0.8918±0.0814        0.0000±0.0000      353±15
s3/fur/apgd/medium/max/[detach=False]   cicids2017    det  3    10±0   0.9921±0.0005  0.0716±0.0211  0.9933±0.0002  0.9886±0.0033  0.9858±0.0006   0.9999±0.0001  0.5267±0.0058  0.9894±0.0013  0.9027±0.1829  0.5355±0.0965        0.9919±0.0024       315±3
s3/fur/apgd/mini/max/[detach=False]     cicids2017    det  3    10±0   0.9893±0.0005  0.0899±0.0528  0.9933±0.0021  0.9833±0.0118  0.9833±0.0015   0.9998±0.0002  0.4700±0.1480  0.9875±0.0024  0.8891±0.1348  0.5841±0.1010        0.9854±0.0146       303±3
s3/fur/apgd/medium/max/[detach=True]    cicids2017    det  3     9±2   0.9935±0.0003  0.0718±0.0241  0.9948±0.0020  0.9880±0.0062  0.9884±0.0023   0.9998±0.0001  0.6733±0.0737  0.9869±0.0019  1.0418±0.0861  0.6076±0.0716        0.9918±0.0020      284±55
s3/fur/apgd/mini/mean/[detach=False]    cicids2017    det  3    10±0   0.9884±0.0025  0.1379±0.0574  0.9907±0.0063  0.9886±0.0063  0.9798±0.0085   0.9999±0.0001  0.4333±0.0603  0.9861±0.0055  0.6398±0.1386  0.6064±0.1094        0.0000±0.0000       298±5
s3/det/apgd/medium/mean/[detach=False]  cicids2017    det  3    10±1   0.9925±0.0007  0.3441±0.0531  0.9784±0.0020  0.9582±0.0034  0.9713±0.0024   0.9995±0.0002  0.3867±0.0231  0.9848±0.0022  0.6493±0.1179  0.6438±0.1254        0.0000±0.0000      266±13
s3/clo/high                             cicids2017    adv  3    10±0   0.9923±0.0004  0.9856±0.0001              -              -  0.9923±0.0004   0.9856±0.0001              -  0.9836±0.0004  0.3186±0.0884  0.3198±0.0862        0.0000±0.0000       127±2
s3/clo/medium                           cicids2017    adv  3    10±0   0.9918±0.0002  0.9830±0.0005              -              -  0.9918±0.0002   0.9830±0.0005              -  0.9817±0.0004  0.2613±0.0759  0.2550±0.0771        0.0000±0.0000       113±4
s3/det/apgd/high/max/[detach=False]     cicids2017    det  3    10±0   0.9932±0.0003  0.1887±0.0391  0.9845±0.0104  0.9727±0.0053  0.9781±0.0104   0.9997±0.0002  0.5567±0.1002  0.9805±0.0072  1.4109±0.1945  0.7105±0.1769        0.9701±0.0085       357±3
s3/det/apgd/medium/max/[detach=False]   cicids2017    det  3    10±1   0.9925±0.0011  0.2562±0.0806  0.9830±0.0077  0.9606±0.0132  0.9759±0.0085   0.9994±0.0001  0.5733±0.0551  0.9760±0.0042  1.0505±0.1634  0.6916±0.1419        0.9632±0.0117      272±23
s3/clo/mini                             cicids2017    adv  3    10±0   0.9899±0.0002  0.9761±0.0016              -              -  0.9899±0.0002   0.9761±0.0016              -  0.9757±0.0013  0.2364±0.0589  0.2581±0.0818        0.0000±0.0000       109±6
s3/fur/apgd/mini/max/[detach=True]      cicids2017    det  3     9±1   0.9923±0.0003  0.2116±0.0363  0.9680±0.0091  0.8945±0.0217  0.9607±0.0088   0.9995±0.0002  0.5100±0.0200  0.9729±0.0072  0.9574±0.1697  0.6201±0.1416        0.8893±0.0265      284±18
s3/det/apgd/mini/mean/[detach=False]    cicids2017    det  3    10±0   0.9888±0.0010  0.5461±0.1029  0.9407±0.0265  0.8904±0.0522  0.9308±0.0258   0.9987±0.0012  0.4367±0.0681  0.9688±0.0084  0.6004±0.0695  0.5975±0.0683        0.0000±0.0000       270±2
s3/det/pgd/high/max/[detach=True]       cicids2017    det  3    10±1   0.9938±0.0005  0.5634±0.0722  0.9981±0.0010  0.9975±0.0008  0.9922±0.0011   0.9994±0.0002  0.9800±0.0000  0.9683±0.0026  1.0831±0.2148  0.6870±0.1381        0.9974±0.0015      137±11
s3/det/apgd/mini/max/[detach=False]     cicids2017    det  3     9±2   0.9886±0.0020  0.4577±0.0969  0.9511±0.0078  0.8803±0.0364  0.9410±0.0095   0.9987±0.0007  0.5300±0.0200  0.9588±0.0028  0.8856±0.1565  0.6285±0.1673        0.8835±0.0329      250±43
s3/det/apgd/high/mean/[detach=True]     cicids2017    det  3     8±3   0.9935±0.0010  0.9411±0.0043  0.8858±0.0925  0.6066±0.0662  0.8798±0.0936   0.9969±0.0017  0.4967±0.0058  0.9424±0.0112  0.7622±0.1405  0.7506±0.1369        0.0000±0.0000     307±107
s3/det/apgd/medium/mean/[detach=True]   cicids2017    det  3     8±0   0.9927±0.0012  0.9209±0.0128  0.5726±0.1207  0.7646±0.0194  0.5660±0.1213   0.9979±0.0013  0.4700±0.0000  0.9272±0.0107  0.6650±0.0834  0.6386±0.0544        0.0000±0.0000       224±4
s3/det/apgd/mini/mean/[detach=True]     cicids2017    det  3     6±2   0.9905±0.0015  0.8905±0.0119  0.8019±0.3273  0.3496±0.4357  0.7937±0.3257   0.9868±0.0128  0.5467±0.0777  0.8992±0.0325  0.6625±0.1158  0.6721±0.1229        0.0000±0.0000      174±43
s3/det/apgd/medium/max/[detach=True]    cicids2017    det  3     8±1   0.9933±0.0003  0.9144±0.0020  0.9770±0.0331  0.1586±0.1353  0.9705±0.0326   0.9954±0.0005  0.6600±0.0872  0.8165±0.0538  0.9622±0.1550  0.9123±0.1864        0.1540±0.1238      217±20
s3/det/apgd/mini/max/[detach=True]      cicids2017    det  3     7±2   0.9894±0.0050  0.8864±0.0194  0.9841±0.0204  0.0952±0.0077  0.9755±0.0224   0.9752±0.0212  0.6667±0.0902  0.7860±0.0225  0.9360±0.1486  0.8851±0.1741        0.1013±0.0145      209±60
s3/det/apgd/high/max/[detach=True]      cicids2017    det  3     8±2   0.9919±0.0023  0.9301±0.0210  0.6625±0.4339  0.5212±0.4172  0.6563±0.4326   0.9914±0.0120  0.6567±0.2627  0.6608±0.0273  1.1080±0.3186  1.0199±0.3905        0.5234±0.4249      267±70

== val_score: esperimento x dataset ==
experiment                                 cicids2017
--------------------------------------  -------------
s3/det/pgd/mini/mean/[detach=True]      0.9922±0.0017
s3/det/pgd/mini/mean/[detach=False]     0.9956±0.0002
s3/det/pgd/medium/mean/[detach=True]    0.9958±0.0004
s3/det/pgd/medium/mean/[detach=False]   0.9964±0.0001
s3/det/pgd/high/mean/[detach=True]      0.9961±0.0003
s3/det/pgd/high/mean/[detach=False]     0.9966±0.0004
s3/det/pgd/high/max/[detach=True]       0.9683±0.0026
s3/det/pgd/high/max/[detach=False]      0.9966±0.0004
s3/det/apgd/mini/mean/[detach=True]     0.8992±0.0325
s3/det/apgd/mini/mean/[detach=False]    0.9688±0.0084
s3/det/apgd/mini/max/[detach=True]      0.7860±0.0225
s3/det/apgd/mini/max/[detach=False]     0.9588±0.0028
s3/det/apgd/medium/mean/[detach=True]   0.9272±0.0107
s3/det/apgd/medium/mean/[detach=False]  0.9848±0.0022
s3/det/apgd/medium/max/[detach=True]    0.8165±0.0538
s3/det/apgd/medium/max/[detach=False]   0.9760±0.0042
s3/det/apgd/high/mean/[detach=True]     0.9424±0.0112
s3/det/apgd/high/mean/[detach=False]    0.9894±0.0022
s3/det/apgd/high/max/[detach=True]      0.6608±0.0273
s3/det/apgd/high/max/[detach=False]     0.9805±0.0072
s3/fur/pgd/mini/mean/[detach=True]      0.9958±0.0001
s3/fur/pgd/mini/mean/[detach=False]     0.9958±0.0005
s3/fur/pgd/medium/mean/[detach=True]    0.9965±0.0000
s3/fur/pgd/medium/mean/[detach=False]   0.9963±0.0003
s3/fur/pgd/high/mean/[detach=True]      0.9966±0.0003
s3/fur/pgd/high/mean/[detach=False]     0.9962±0.0005
s3/fur/pgd/high/max/[detach=True]       0.9913±0.0036
s3/fur/pgd/high/max/[detach=False]      0.9962±0.0005
s3/fur/apgd/mini/mean/[detach=True]     0.9899±0.0011
s3/fur/apgd/mini/mean/[detach=False]    0.9861±0.0055
s3/fur/apgd/mini/max/[detach=True]      0.9729±0.0072
s3/fur/apgd/mini/max/[detach=False]     0.9875±0.0024
s3/fur/apgd/medium/mean/[detach=True]   0.9919±0.0007
s3/fur/apgd/medium/mean/[detach=False]  0.9921±0.0016
s3/fur/apgd/medium/max/[detach=True]    0.9869±0.0019
s3/fur/apgd/medium/max/[detach=False]   0.9894±0.0013
s3/fur/apgd/high/mean/[detach=True]     0.9948±0.0006
s3/fur/apgd/high/mean/[detach=False]    0.9932±0.0007
s3/clo/mini                             0.9757±0.0013
s3/clo/medium                           0.9817±0.0004
s3/clo/high                             0.9836±0.0004

CSV: results/summary_s3_CICIDS2017.csv
