All configurations are valid
Dropped the bookkeeping columns ('id', 'source', 'scenario', 'capture', 'attack_cat')

CSE-CIC-IDS2018: 69 columns
  ACK Flag Count
  Active Max
  Active Mean
  Active Min
  Active Std
  Avg Bwd Segment Size
  Avg Fwd Segment Size
  Avg Packet Size
  Bwd Header Length
  Bwd IAT Max
  Bwd IAT Mean
  Bwd IAT Min
  Bwd IAT Std
  Bwd IAT Total
  Bwd Packet Length Max
  Bwd Packet Length Mean
  Bwd Packet Length Min
  Bwd Packet Length Std
  Bwd Packets Length Total
  Bwd Packets/s
  CWE Flag Count
  Down/Up Ratio
  ECE Flag Count
  FIN Flag Count
  Flow Bytes/s
  Flow Duration
  Flow IAT Max
  Flow IAT Mean
  Flow IAT Min
  Flow IAT Std
  Flow Packets/s
  Fwd Act Data Packets
  Fwd Header Length
  Fwd IAT Max
  Fwd IAT Mean
  Fwd IAT Min
  Fwd IAT Std
  Fwd IAT Total
  Fwd PSH Flags
  Fwd Packet Length Max
  Fwd Packet Length Mean
  Fwd Packet Length Min
  Fwd Packet Length Std
  Fwd Packets Length Total
  Fwd Packets/s
  Fwd Seg Size Min
  Fwd URG Flags
  Idle Max
  Idle Mean
  Idle Min
  Idle Std
  Init Bwd Win Bytes
  Init Fwd Win Bytes
  PSH Flag Count
  Packet Length Max
  Packet Length Mean
  Packet Length Min
  Packet Length Std
  Packet Length Variance
  Protocol
  RST Flag Count
  SYN Flag Count
  Subflow Bwd Bytes
  Subflow Bwd Packets
  Subflow Fwd Bytes
  Subflow Fwd Packets
  Total Backward Packets
  Total Fwd Packets
  URG Flag Count

== summary (123 run) ==
experiment                                     dataset  model  n  epochs  task_clean_acc   task_adv_acc  det_clean_acc    det_adv_acc  clean_acc_e2e  robust_acc_e2e  threshold_det      val_score       infer_ms   infer_ms_adv  infer_exit_rate_adv  duration_s
--------------------------------------  --------------  -----  -  ------  --------------  -------------  -------------  -------------  -------------  --------------  -------------  -------------  -------------  -------------  -------------------  ----------
s3/det/pgd/high/mean/[detach=False]     cseecicids2017    det  3     9±1   0.8959±0.0007  0.0290±0.0285  0.9999±0.0001  0.9996±0.0002  0.8959±0.0007   0.9997±0.0001  0.4733±0.1060  0.9663±0.0003  0.6529±0.1704  0.6358±0.1215        0.0000±0.0000      126±11
s3/det/pgd/high/max/[detach=False]      cseecicids2017    det  3     9±1   0.8961±0.0006  0.0236±0.0191  0.9999±0.0001  0.9997±0.0002  0.8960±0.0006   0.9997±0.0002  0.6833±0.1518  0.9663±0.0003  1.0512±0.2859  0.5995±0.0920        0.9993±0.0006      136±13
s3/fur/pgd/high/max/[detach=False]      cseecicids2017    det  3     9±2   0.8983±0.0031  0.0003±0.0005  0.9999±0.0001  0.9999±0.0001  0.8983±0.0031   0.9999±0.0001  0.4433±0.2610  0.9662±0.0006  0.9249±0.1565  0.5984±0.1032        1.0000±0.0000      157±28
s3/fur/pgd/high/mean/[detach=False]     cseecicids2017    det  3     9±2   0.8983±0.0031  0.0003±0.0005  0.9999±0.0001  0.9999±0.0001  0.8983±0.0031   1.0000±0.0001  0.2100±0.1200  0.9662±0.0007  0.6159±0.0804  0.6033±0.0823        0.0000±0.0000      160±22
s3/fur/pgd/high/mean/[detach=True]      cseecicids2017    det  3     8±2   0.8966±0.0015  0.0013±0.0006  0.9999±0.0001  0.9992±0.0007  0.8965±0.0015   0.9996±0.0002  0.5167±0.0289  0.9661±0.0004  0.7112±0.1527  0.7114±0.1529        0.0000±0.0000      159±27
s3/det/pgd/mini/mean/[detach=False]     cseecicids2017    det  3    10±0   0.8978±0.0040  0.0513±0.0374  0.9999±0.0001  0.9997±0.0001  0.8977±0.0041   0.9997±0.0001  0.4800±0.1992  0.9660±0.0003  0.5112±0.1390  0.5267±0.1569        0.0000±0.0000       111±5
s3/det/pgd/medium/mean/[detach=False]   cseecicids2017    det  3     8±2   0.8946±0.0030  0.0627±0.0149  0.9996±0.0006  0.9996±0.0003  0.8942±0.0031   0.9997±0.0002  0.3133±0.1401  0.9659±0.0005  0.4610±0.1230  0.4558±0.1228        0.0000±0.0000       89±17
s3/det/pgd/high/mean/[detach=True]      cseecicids2017    det  3     8±2   0.8957±0.0047  0.2180±0.0876  0.9991±0.0003  0.9989±0.0002  0.8950±0.0048   0.9991±0.0001  0.5000±0.0000  0.9658±0.0006  0.7253±0.0700  0.7488±0.1289        0.0000±0.0000      121±16
s3/fur/pgd/mini/mean/[detach=True]      cseecicids2017    det  3    10±1   0.8999±0.0016  0.0068±0.0051  0.9997±0.0002  0.9996±0.0001  0.8997±0.0016   0.9997±0.0001  0.4133±0.1793  0.9656±0.0002  0.5747±0.1096  0.5816±0.0917        0.0000±0.0000       129±8
s3/fur/pgd/medium/mean/[detach=True]    cseecicids2017    det  3     8±2   0.8996±0.0093  0.0505±0.0255  0.9998±0.0001  0.9991±0.0001  0.8995±0.0092   0.9993±0.0003  0.3500±0.1652  0.9655±0.0001  0.4484±0.1466  0.4302±0.1224        0.0000±0.0000      114±29
s3/fur/pgd/high/max/[detach=True]       cseecicids2017    det  3     8±3   0.9031±0.0074  0.0030±0.0036  0.9998±0.0002  0.9988±0.0012  0.9029±0.0074   0.9992±0.0007  0.9067±0.0777  0.9653±0.0008  0.9548±0.1544  0.6121±0.1078        0.9987±0.0015      151±51
s3/det/pgd/medium/mean/[detach=True]    cseecicids2017    det  3     9±1   0.8960±0.0053  0.1453±0.0153  0.9990±0.0004  0.9989±0.0003  0.8953±0.0053   0.9991±0.0003  0.3967±0.0929  0.9652±0.0002  0.3855±0.0647  0.4257±0.1121        0.0000±0.0000      106±15
s3/fur/pgd/medium/mean/[detach=False]   cseecicids2017    det  3     9±2   0.8948±0.0047  0.0008±0.0003  0.9999±0.0002  0.9996±0.0003  0.8947±0.0046   0.9998±0.0001  0.3833±0.2281  0.9652±0.0006  0.3605±0.0598  0.3559±0.0587        0.0000±0.0000      125±17
s3/fur/pgd/mini/mean/[detach=False]     cseecicids2017    det  3    10±1   0.8938±0.0046  0.0005±0.0004  0.9995±0.0006  0.9997±0.0003  0.8933±0.0043   0.9998±0.0003  0.3300±0.2022  0.9643±0.0006  0.4342±0.1207  0.4295±0.1199        0.0000±0.0000      131±12
s3/det/pgd/mini/mean/[detach=True]      cseecicids2017    det  3    10±0   0.8970±0.0032  0.1362±0.0362  0.9967±0.0020  0.9966±0.0017  0.8948±0.0046   0.9972±0.0014  0.4400±0.0600  0.9631±0.0014  0.4398±0.1106  0.4506±0.1163        0.0000±0.0000       115±2
s3/fur/apgd/high/mean/[detach=True]     cseecicids2017    det  3     9±1   0.8964±0.0086  0.0916±0.0149  0.9933±0.0019  0.9920±0.0024  0.8916±0.0094   0.9972±0.0008  0.3767±0.1124  0.9619±0.0020  0.4891±0.0904  0.4878±0.0894        0.0000±0.0000      249±34
s3/fur/apgd/medium/mean/[detach=False]  cseecicids2017    det  3    10±0   0.8962±0.0037  0.0481±0.0110  0.9938±0.0020  0.9940±0.0015  0.8915±0.0025   0.9987±0.0007  0.3967±0.0569  0.9618±0.0006  0.6693±0.0639  0.6560±0.0541        0.0000±0.0000       319±8
s3/fur/apgd/high/mean/[detach=False]    cseecicids2017    det  3    10±0   0.9008±0.0068  0.1003±0.0438  0.9920±0.0011  0.9844±0.0106  0.8946±0.0058   0.9965±0.0013  0.3933±0.0681  0.9611±0.0009  0.4972±0.0818  0.5029±0.0770        0.0000±0.0000       263±5
s3/det/apgd/high/mean/[detach=False]    cseecicids2017    det  3    10±0   0.8951±0.0029  0.0886±0.0277  0.9914±0.0006  0.9858±0.0065  0.8885±0.0029   0.9981±0.0006  0.3867±0.0802  0.9607±0.0013  0.8173±0.1468  0.8154±0.1322        0.0000±0.0000       364±3
s3/fur/apgd/medium/max/[detach=False]   cseecicids2017    det  3    10±0   0.8971±0.0037  0.0332±0.0017  0.9918±0.0019  0.9922±0.0007  0.8909±0.0047   0.9980±0.0005  0.4500±0.0361  0.9596±0.0011  0.8370±0.2022  0.5066±0.1078        0.9925±0.0020       336±8
s3/det/apgd/medium/mean/[detach=False]  cseecicids2017    det  3    10±0   0.8963±0.0049  0.1154±0.0367  0.9878±0.0032  0.9862±0.0030  0.8863±0.0029   0.9988±0.0005  0.4133±0.0643  0.9592±0.0014  0.6299±0.0973  0.6223±0.0774        0.0000±0.0000       288±6
s3/fur/apgd/mini/mean/[detach=False]    cseecicids2017    det  3    10±0   0.8884±0.0048  0.0251±0.0049  0.9945±0.0014  0.9954±0.0018  0.8843±0.0041   0.9989±0.0011  0.4400±0.0700  0.9587±0.0010  0.6490±0.0670  0.6662±0.0712        0.0000±0.0000       319±4
s3/fur/apgd/mini/max/[detach=False]     cseecicids2017    det  3    10±0   0.8915±0.0018  0.0182±0.0050  0.9928±0.0021  0.9939±0.0018  0.8866±0.0001   0.9982±0.0004  0.4933±0.0115  0.9582±0.0008  0.9551±0.2294  0.5732±0.1000        0.9925±0.0020       322±4
s3/fur/apgd/mini/mean/[detach=True]     cseecicids2017    det  3    10±1   0.8957±0.0015  0.1565±0.0508  0.9884±0.0027  0.9466±0.0040  0.8851±0.0041   0.9926±0.0005  0.4033±0.0723  0.9573±0.0004  0.6653±0.1218  0.6659±0.1189        0.0000±0.0000      301±20
s3/det/apgd/high/max/[detach=False]     cseecicids2017    det  3    10±0   0.9037±0.0038  0.0731±0.0220  0.9894±0.0004  0.9811±0.0042  0.8960±0.0038   0.9952±0.0026  0.5667±0.0404  0.9553±0.0016  1.3687±0.2019  0.6516±0.1435        0.9808±0.0071       380±6
s3/det/apgd/medium/max/[detach=False]   cseecicids2017    det  3    10±0   0.8984±0.0051  0.1045±0.0696  0.9891±0.0050  0.9741±0.0143  0.8895±0.0036   0.9963±0.0005  0.4800±0.0500  0.9553±0.0039  0.8500±0.1164  0.5580±0.0995        0.9710±0.0165       310±8
s3/fur/apgd/medium/mean/[detach=True]   cseecicids2017    det  3     9±2   0.8921±0.0083  0.1934±0.0619  0.9800±0.0119  0.9591±0.0397  0.8761±0.0160   0.9940±0.0035  0.4467±0.0351  0.9546±0.0031  0.6343±0.0986  0.6136±0.0752        0.0000±0.0000      272±72
s3/fur/apgd/medium/max/[detach=True]    cseecicids2017    det  3    10±0   0.9003±0.0004  0.0720±0.0356  0.9877±0.0035  0.9615±0.0246  0.8907±0.0030   0.9939±0.0019  0.5400±0.0173  0.9525±0.0047  0.9396±0.1605  0.5546±0.1141        0.9606±0.0285       335±9
s3/det/apgd/mini/max/[detach=False]     cseecicids2017    det  3    10±0   0.8881±0.0010  0.0846±0.0053  0.9854±0.0036  0.9838±0.0050  0.8776±0.0013   0.9959±0.0025  0.5033±0.0404  0.9518±0.0018  0.9269±0.1814  0.6320±0.1413        0.9831±0.0040       305±6
s3/fur/apgd/mini/max/[detach=True]      cseecicids2017    det  3    10±0   0.8896±0.0045  0.0758±0.0141  0.9868±0.0037  0.9361±0.0090  0.8787±0.0081   0.9891±0.0045  0.5600±0.0693  0.9509±0.0053  0.9725±0.1855  0.6499±0.1400        0.9359±0.0164       321±6
s3/det/apgd/mini/mean/[detach=False]    cseecicids2017    det  3    10±0   0.8894±0.0016  0.2117±0.0470  0.9779±0.0052  0.9634±0.0129  0.8725±0.0049   0.9946±0.0034  0.4100±0.0346  0.9498±0.0048  0.5686±0.0766  0.5819±0.0947        0.0000±0.0000       284±5
s3/det/pgd/high/max/[detach=True]       cseecicids2017    det  3     8±2   0.9017±0.0024  0.2354±0.0966  0.9960±0.0013  0.9956±0.0012  0.8984±0.0014   0.9973±0.0005  0.9667±0.0058  0.9473±0.0018  1.0395±0.1970  0.6839±0.1417        0.9925±0.0012      125±21
s3/clo/high                             cseecicids2017    adv  3     9±1   0.8848±0.0035  0.8762±0.0051              -              -  0.8848±0.0035   0.8762±0.0051              -  0.9264±0.0008  0.2713±0.0281  0.2731±0.0310        0.0000±0.0000      139±19
s3/clo/medium                           cseecicids2017    adv  3     9±2   0.8882±0.0037  0.8760±0.0046              -              -  0.8882±0.0037   0.8760±0.0046              -  0.9237±0.0018  0.2538±0.0250  0.2544±0.0250        0.0000±0.0000      114±28
s3/clo/mini                             cseecicids2017    adv  3    10±0   0.8833±0.0008  0.8674±0.0010              -              -  0.8833±0.0008   0.8674±0.0010              -  0.9202±0.0011  0.2061±0.0510  0.2169±0.0763        0.0000±0.0000      106±19
s3/det/apgd/high/mean/[detach=True]     cseecicids2017    det  3     7±2   0.9000±0.0062  0.8209±0.0216  0.9132±0.0289  0.6500±0.3270  0.8330±0.0328   0.9548±0.0250  0.4933±0.0115  0.9013±0.0280  0.8121±0.1381  0.8079±0.1396        0.0000±0.0000      287±90
s3/det/apgd/medium/mean/[detach=True]   cseecicids2017    det  3     7±2   0.9000±0.0060  0.8394±0.0126  0.7971±0.0333  0.6334±0.0520  0.7256±0.0236   0.9655±0.0175  0.4667±0.0231  0.8774±0.0169  0.6802±0.1241  0.6575±0.1220        0.0000±0.0000      198±64
s3/det/apgd/mini/mean/[detach=True]     cseecicids2017    det  3     8±3   0.8946±0.0036  0.8131±0.0262  0.8444±0.1596  0.4254±0.2892  0.7603±0.1417   0.9540±0.0410  0.5367±0.0737  0.8496±0.0250  0.6447±0.1164  0.6312±0.1071        0.0000±0.0000      218±66
s3/det/apgd/medium/max/[detach=True]    cseecicids2017    det  3     8±2   0.8978±0.0076  0.8138±0.0149  0.9229±0.0920  0.1886±0.1464  0.8398±0.0696   0.9197±0.0304  0.6000±0.0800  0.7464±0.0477  0.8826±0.1609  0.8472±0.1860        0.1650±0.1285      237±62
s3/det/apgd/mini/max/[detach=True]      cseecicids2017    det  3     7±3   0.8916±0.0070  0.8040±0.0167  0.9838±0.0056  0.0922±0.0141  0.8795±0.0081   0.8945±0.0080  0.7100±0.0300  0.7173±0.0070  0.8856±0.1516  0.8829±0.2050        0.0853±0.0176      218±70
s3/det/apgd/high/max/[detach=True]      cseecicids2017    det  3     6±2   0.8960±0.0092  0.8033±0.0152  0.7148±0.4104  0.3298±0.4015  0.6376±0.3879   0.9145±0.0491  0.6167±0.1457  0.6594±0.0139  1.2761±0.3146  1.2868±0.4140        0.3145±0.3918      223±62

== val_score: esperimento x dataset ==
experiment                              cseecicids2017
--------------------------------------  --------------
s3/det/pgd/mini/mean/[detach=True]       0.9631±0.0014
s3/det/pgd/mini/mean/[detach=False]      0.9660±0.0003
s3/det/pgd/medium/mean/[detach=True]     0.9652±0.0002
s3/det/pgd/medium/mean/[detach=False]    0.9659±0.0005
s3/det/pgd/high/mean/[detach=True]       0.9658±0.0006
s3/det/pgd/high/mean/[detach=False]      0.9663±0.0003
s3/det/pgd/high/max/[detach=True]        0.9473±0.0018
s3/det/pgd/high/max/[detach=False]       0.9663±0.0003
s3/det/apgd/mini/mean/[detach=True]      0.8496±0.0250
s3/det/apgd/mini/mean/[detach=False]     0.9498±0.0048
s3/det/apgd/mini/max/[detach=True]       0.7173±0.0070
s3/det/apgd/mini/max/[detach=False]      0.9518±0.0018
s3/det/apgd/medium/mean/[detach=True]    0.8774±0.0169
s3/det/apgd/medium/mean/[detach=False]   0.9592±0.0014
s3/det/apgd/medium/max/[detach=True]     0.7464±0.0477
s3/det/apgd/medium/max/[detach=False]    0.9553±0.0039
s3/det/apgd/high/mean/[detach=True]      0.9013±0.0280
s3/det/apgd/high/mean/[detach=False]     0.9607±0.0013
s3/det/apgd/high/max/[detach=True]       0.6594±0.0139
s3/det/apgd/high/max/[detach=False]      0.9553±0.0016
s3/fur/pgd/mini/mean/[detach=True]       0.9656±0.0002
s3/fur/pgd/mini/mean/[detach=False]      0.9643±0.0006
s3/fur/pgd/medium/mean/[detach=True]     0.9655±0.0001
s3/fur/pgd/medium/mean/[detach=False]    0.9652±0.0006
s3/fur/pgd/high/mean/[detach=True]       0.9661±0.0004
s3/fur/pgd/high/mean/[detach=False]      0.9662±0.0007
s3/fur/pgd/high/max/[detach=True]        0.9653±0.0008
s3/fur/pgd/high/max/[detach=False]       0.9662±0.0006
s3/fur/apgd/mini/mean/[detach=True]      0.9573±0.0004
s3/fur/apgd/mini/mean/[detach=False]     0.9587±0.0010
s3/fur/apgd/mini/max/[detach=True]       0.9509±0.0053
s3/fur/apgd/mini/max/[detach=False]      0.9582±0.0008
s3/fur/apgd/medium/mean/[detach=True]    0.9546±0.0031
s3/fur/apgd/medium/mean/[detach=False]   0.9618±0.0006
s3/fur/apgd/medium/max/[detach=True]     0.9525±0.0047
s3/fur/apgd/medium/max/[detach=False]    0.9596±0.0011
s3/fur/apgd/high/mean/[detach=True]      0.9619±0.0020
s3/fur/apgd/high/mean/[detach=False]     0.9611±0.0009
s3/clo/mini                              0.9202±0.0011
s3/clo/medium                            0.9237±0.0018
s3/clo/high                              0.9264±0.0008

CSV: results/summary_s3_CSECICIDS2018.csv
