== summary (121 run) ==
experiment                                                                                 dataset  model  n  epochs  task_clean_acc  task_adv_acc  det_clean_acc  det_adv_acc  clean_acc_e2e  robust_acc_e2e  threshold_det  val_score       infer_ms   infer_ms_adv  infer_exit_rate_adv  duration_s
-----------------------------------------------------------------------------------------  -------  -----  -  ------  --------------  ------------  -------------  -----------  -------------  --------------  -------------  ---------  -------------  -------------  -------------------  ----------
s2/fur/pgd/3_layers/[hidden_dims=(256,128,32),detector_dims=(64,32),wrap_at=(0,2)]           ctu13    det  1      10          0.8707        0.0599         0.9942       0.9915         0.8656          0.9938         0.4400     0.9301  0.6609±0.1607  0.6132±0.0887               0.0000         189
s2/fur/pgd/3_layers/[hidden_dims=(256,128,32),detector_dims=(64,32),wrap_at=(0,)]            ctu13    det  1      10          0.8703        0.1910         0.9950       0.9868         0.8660          0.9925         0.5500     0.9289  0.5907±0.0401  0.5872±0.0430               0.0000         171
s2/det/pgd/3_layers/[hidden_dims=(256,128,32),detector_dims=(64,32),wrap_at=(0,2)]           ctu13    det  1      10          0.8635        0.2679         0.9949       0.9925         0.8598          0.9948         0.5000     0.9284  0.6682±0.0521  0.6653±0.0545               0.0000         152
s2/fur/pgd/3_layers/[hidden_dims=(256,128,32),detector_dims=(64,32),wrap_at=(0,1,2)]         ctu13    det  1      10          0.8688        0.1206         0.9940       0.9901         0.8638          0.9931         0.4700     0.9281  0.8850±0.0482  0.8846±0.0525               0.0000         216
s2/fur/pgd/3_layers/[hidden_dims=(128,64,16),detector_dims=(64,32),wrap_at=(0,2)]            ctu13    det  1      10          0.8627        0.0541         0.9938       0.9912         0.8575          0.9926         0.4700     0.9266  0.6580±0.0802  0.6536±0.0762               0.0000         188
s2/det/pgd/3_layers/[hidden_dims=(256,128,32),detector_dims=(64,32),wrap_at=(0,)]            ctu13    det  1      10          0.8606        0.3136         0.9967       0.9933         0.8580          0.9947         0.4800     0.9260  0.6162±0.0644  0.6146±0.0655               0.0000         146
s2/fur/pgd/2_layers/[hidden_dims=(128,64),detector_dims=(64,32),wrap_at=(0,1)]               ctu13    det  1      10          0.8555        0.0689         0.9967       0.9965         0.8529          0.9971         0.5000     0.9253  0.7255±0.1148  0.6934±0.1043               0.0000         183
s2/det/pgd/3_layers/[hidden_dims=(256,128,32),detector_dims=(64,32),wrap_at=(0,1,2)]         ctu13    det  1      10          0.8595        0.2948         0.9942       0.9936         0.8544          0.9952         0.4800     0.9246  0.8839±0.0556  0.8683±0.0500               0.0000         170
s2/fur/pgd/3_layers/[hidden_dims=(128,64,16),detector_dims=(64,32),wrap_at=(0,1,2)]          ctu13    det  1      10          0.8644        0.0964         0.9929       0.9830         0.8583          0.9872         0.5200     0.9232  0.8534±0.1420  0.8912±0.0824               0.0000         223
s2/fur/pgd/2_layers/[hidden_dims=(128,64),detector_dims=(32,16),wrap_at=(0,)]                ctu13    det  1      10          0.8569        0.1421         0.9935       0.9891         0.8518          0.9911         0.5000     0.9220  0.5399±0.0714  0.5491±0.0636               0.0000         142
s2/fur/pgd/3_layers/[hidden_dims=(128,64,16),detector_dims=(64,32),wrap_at=(0,)]             ctu13    det  1      10          0.8569        0.2431         0.9929       0.9819         0.8511          0.9891         0.3800     0.9219  0.6295±0.0735  0.6361±0.0865               0.0000         172
s2/fur/adaptive/3_layers/[hidden_dims=(256,128,32),detector_dims=(64,32),wrap_at=(0,2)]      ctu13    det  1      10          0.8730        0.2203         0.9810       0.9313         0.8557          0.9821         0.4600     0.9207  0.4182±0.0046  0.4177±0.0039               0.0000         414
s2/det/pgd/2_layers/[hidden_dims=(128,64),detector_dims=(64,32),wrap_at=(0,1)]               ctu13    det  1      10          0.8472        0.2455         0.9957       0.9939         0.8436          0.9959         0.4900     0.9203  0.5050±0.0870  0.5000±0.0824               0.0000         123
s2/fur/pgd/2_layers/[hidden_dims=(128,64),detector_dims=(64,32),wrap_at=(0,)]                ctu13    det  1      10          0.8498        0.2203         0.9936       0.9926         0.8449          0.9947         0.4500     0.9202  0.3609±0.0801  0.3491±0.0700               0.0000         144
s2/det/pgd/2_layers/[hidden_dims=(128,64),detector_dims=(64,32),wrap_at=(0,)]                ctu13    det  1      10          0.8475        0.2580         0.9960       0.9939         0.8444          0.9955         0.5100     0.9196  0.6412±0.1391  0.5327±0.1112               0.0000         120
s2/det/pgd/3_layers/[hidden_dims=(128,64,16),detector_dims=(64,32),wrap_at=(0,)]             ctu13    det  1      10          0.8502        0.2460         0.9944       0.9913         0.8458          0.9927         0.2600     0.9196  0.6839±0.1471  0.7057±0.1382               0.0000         140
s2/fur/pgd/2_layers/[hidden_dims=(128,64),detector_dims=(32,16),wrap_at=(0,1)]               ctu13    det  1      10          0.8522        0.0874         0.9928       0.9919         0.8465          0.9937         0.4700     0.9191  0.6527±0.0904  0.6155±0.0578               0.0000         173
s2/det/pgd/2_layers/[hidden_dims=(128,64),detector_dims=(32,16),wrap_at=(0,)]                ctu13    det  1      10          0.8459        0.2309         0.9952       0.9904         0.8431          0.9924         0.4000     0.9183  0.5798±0.1316  0.5542±0.1173               0.0000         124
s2/det/pgd/2_layers/[hidden_dims=(128,64),detector_dims=(32,16),wrap_at=(0,1)]               ctu13    det  1      10          0.8481        0.2407         0.9953       0.9917         0.8444          0.9945         0.4300     0.9183  0.5801±0.1540  0.5130±0.0952               0.0000         133
s2/fur/pgd/2_layers/[hidden_dims=(128,64),detector_dims=(32,16),wrap_at=(1,)]                ctu13    det  1      10          0.8483        0.0981         0.9932       0.9878         0.8428          0.9918         0.5900     0.9176  0.3691±0.0831  0.3634±0.0752               0.0000         148
s2/fur/pgd/2_layers/[hidden_dims=(64,32),detector_dims=(64,32),wrap_at=(0,1)]                ctu13    det  1      10          0.8437        0.0969         0.9953       0.9927         0.8400          0.9943         0.4800     0.9167  0.6042±0.0921  0.5581±0.0801               0.0000         170
s2/fur/pgd/2_layers/[hidden_dims=(128,64),detector_dims=(64,32),wrap_at=(1,)]                ctu13    det  1      10          0.8454        0.1755         0.9932       0.9876         0.8404          0.9918         0.5100     0.9164  0.3920±0.1103  0.3556±0.0723               0.0000         154
s2/det/pgd/3_layers/[hidden_dims=(128,64,16),detector_dims=(64,32),wrap_at=(0,1,2)]          ctu13    det  1      10          0.8493        0.2528         0.9923       0.9926         0.8433          0.9938         0.4100     0.9158  0.6621±0.0516  0.6567±0.0539               0.0000         164
s2/det/pgd/2_layers/[hidden_dims=(128,64),detector_dims=(32,16),wrap_at=(1,)]                ctu13    det  1      10          0.8470        0.2577         0.9932       0.9850         0.8415          0.9896         0.4000     0.9155  0.4106±0.0627  0.6221±0.1340               0.0000         124
s2/fur/pgd/2_layers/[hidden_dims=(64,32),detector_dims=(32,16),wrap_at=(0,1)]                ctu13    det  1      10          0.8449        0.0947         0.9910       0.9916         0.8381          0.9936         0.3900     0.9153  0.5712±0.0829  0.5644±0.0845               0.0000         173
s2/fur/adaptive/3_layers/[hidden_dims=(256,128,32),detector_dims=(64,32),wrap_at=(0,)]       ctu13    det  1      10          0.8710        0.2621         0.9691       0.9394         0.8426          0.9820         0.4100     0.9153  0.5490±0.0074  0.5485±0.0066               0.0000         316
s2/fur/pgd/2_layers/[hidden_dims=(64,32),detector_dims=(64,32),wrap_at=(0,)]                 ctu13    det  1      10          0.8440        0.2189         0.9951       0.9908         0.8406          0.9934         0.6100     0.9152  0.4936±0.1183  0.4160±0.1014               0.0000         144
s2/fur/adaptive/3_layers/[hidden_dims=(128,64,16),detector_dims=(64,32),wrap_at=(0,)]        ctu13    det  1      10          0.8596        0.2444         0.9674       0.9405         0.8318          0.9893         0.3500     0.9151  0.5829±0.1286  0.5812±0.0738               0.0000         263
s2/fur/pgd/2_layers/[hidden_dims=(64,32),detector_dims=(32,16),wrap_at=(0,)]                 ctu13    det  1      10          0.8456        0.2157         0.9928       0.9853         0.8404          0.9886         0.5200     0.9139  0.3698±0.0643  0.3598±0.0578               0.0000         138
s2/det/pgd/3_layers/[hidden_dims=(128,64,16),detector_dims=(64,32),wrap_at=(0,2)]            ctu13    det  1       8          0.8403        0.2993         0.9896       0.9884         0.8323          0.9931         0.5000     0.9130  0.5730±0.1010  0.5903±0.0917               0.0000         123
s2/det/pgd/2_layers/[hidden_dims=(128,64),detector_dims=(64,32),wrap_at=(1,)]                ctu13    det  1      10          0.8465        0.2977         0.9901       0.9809         0.8389          0.9884         0.5600     0.9129  0.4581±0.0795  0.4411±0.0538               0.0000         119
s2/fur/adaptive/3_layers/[hidden_dims=(256,128,32),detector_dims=(64,32),wrap_at=(0,1,2)]    ctu13    det  1      10          0.8712        0.2526         0.9597       0.9306         0.8337          0.9818         0.4000     0.9128  0.5098±0.0037  0.5105±0.0033               0.0000         484
s2/fur/pgd/3_layers/[hidden_dims=(256,128,32),detector_dims=(64,32),wrap_at=(2,)]            ctu13    det  1      10          0.8595        0.1478         0.9773       0.9724         0.8401          0.9822         0.4200     0.9127  0.5101±0.0957  0.5218±0.0966               0.0000         183
s2/det/adaptive/3_layers/[hidden_dims=(256,128,32),detector_dims=(64,32),wrap_at=(0,2)]      ctu13    det  1      10          0.8635        0.3483         0.9481       0.9334         0.8164          0.9850         0.3900     0.9126  0.6865±0.0492  0.6826±0.0478               0.0000         292
s2/det/pgd/2_layers/[hidden_dims=(64,32),detector_dims=(32,16),wrap_at=(0,)]                 ctu13    det  1      10          0.8383        0.3562         0.9925       0.9888         0.8336          0.9936         0.5800     0.9124  0.5064±0.1189  0.5545±0.1439               0.0000         121
s2/det/pgd/2_layers/[hidden_dims=(64,32),detector_dims=(32,16),wrap_at=(0,1)]                ctu13    det  1      10          0.8394        0.3597         0.9917       0.9876         0.8336          0.9909         0.4900     0.9123  0.7999±0.1107  0.7881±0.1122               0.0000         133
s2/det/pgd/2_layers/[hidden_dims=(64,32),detector_dims=(64,32),wrap_at=(0,1)]                ctu13    det  1      10          0.8374        0.3508         0.9905       0.9907         0.8311          0.9942         0.4800     0.9123  0.7702±0.1006  0.7812±0.1105               0.0000         131
s2/fur/pgd/2_layers/[hidden_dims=(64,32),detector_dims=(64,32),wrap_at=(1,)]                 ctu13    det  1      10          0.8426        0.1365         0.9926       0.9847         0.8372          0.9887         0.3600     0.9123  0.5556±0.0691  0.5497±0.0722               0.0000         141
s2/fur/adaptive/3_layers/[hidden_dims=(128,64,16),detector_dims=(64,32),wrap_at=(0,2)]       ctu13    det  1      10          0.8647        0.2568         0.9662       0.9231         0.8351          0.9801         0.4300     0.9123  0.6889±0.0075  0.6910±0.0077               0.0000         402
s2/fur/pgd/2_layers/[hidden_dims=(32,16),detector_dims=(64,32),wrap_at=(0,)]                 ctu13    det  1      10          0.8354        0.2761         0.9978       0.9864         0.8341          0.9912         0.4600     0.9122  0.3596±0.0719  0.3491±0.0654               0.0000         142
s2/fur/pgd/2_layers/[hidden_dims=(32,16),detector_dims=(64,32),wrap_at=(0,1)]                ctu13    det  1      10          0.8349        0.0486         0.9947       0.9928         0.8310          0.9940         0.4500     0.9119  0.6485±0.0446  0.6460±0.0443               0.0000         165
s2/det/pgd/2_layers/[hidden_dims=(64,32),detector_dims=(64,32),wrap_at=(0,)]                 ctu13    det  1      10          0.8359        0.2937         0.9929       0.9890         0.8320          0.9932         0.5700     0.9102  0.5896±0.1770  0.5083±0.1114               0.0000         114
s2/fur/pgd/2_layers/[hidden_dims=(32,16),detector_dims=(32,16),wrap_at=(0,)]                 ctu13    det  1      10          0.8283        0.2341         0.9957       0.9928         0.8256          0.9954         0.2700     0.9101  0.4572±0.1146  0.3664±0.0609               0.0000         145
s2/fur/pgd/2_layers/[hidden_dims=(32,16),detector_dims=(32,16),wrap_at=(0,1)]                ctu13    det  1      10          0.8297        0.0882         0.9947       0.9897         0.8259          0.9916         0.4500     0.9081  0.7150±0.1534  0.6999±0.0822               0.0000         168
s2/fur/pgd/3_layers/[hidden_dims=(128,64,16),detector_dims=(64,32),wrap_at=(2,)]             ctu13    det  1      10          0.8512        0.0845         0.9819       0.9712         0.8358          0.9771         0.4900     0.9075  0.5159±0.0971  0.5148±0.0999               0.0000         163
s2/det/pgd/2_layers/[hidden_dims=(32,16),detector_dims=(32,16),wrap_at=(0,)]                 ctu13    det  1      10          0.8186        0.3212         0.9953       0.9959         0.8155          0.9974         0.4400     0.9062  0.5705±0.1529  0.5947±0.1550               0.0000         116
s2/fur/pgd/2_layers/[hidden_dims=(64,32),detector_dims=(32,16),wrap_at=(1,)]                 ctu13    det  1      10          0.8371        0.1060         0.9848       0.9794         0.8267          0.9852         0.4600     0.9060  0.4593±0.1480  0.3665±0.0624               0.0000         148
s2/det/adaptive/3_layers/[hidden_dims=(256,128,32),detector_dims=(64,32),wrap_at=(0,)]       ctu13    det  1      10          0.8580        0.3793         0.9673       0.9107         0.8299          0.9765         0.4100     0.9059  0.6510±0.1288  0.6253±0.0705               0.0000         249
s2/fur/pgd/2_layers/[hidden_dims=(32,16),detector_dims=(64,32),wrap_at=(1,)]                 ctu13    det  1      10          0.8260        0.1963         0.9930       0.9893         0.8210          0.9934         0.5300     0.9058  0.5676±0.0808  0.5695±0.0794               0.0000         139
s2/det/pgd/2_layers/[hidden_dims=(32,16),detector_dims=(64,32),wrap_at=(0,1)]                ctu13    det  1      10          0.8212        0.3372         0.9941       0.9892         0.8178          0.9942         0.4700     0.9052  0.7810±0.0938  0.7670±0.1026               0.0000         131
s2/fur/adaptive/3_layers/[hidden_dims=(128,64,16),detector_dims=(64,32),wrap_at=(0,1,2)]     ctu13    det  1      10          0.8617        0.2404         0.9577       0.9324         0.8232          0.9791         0.3800     0.9052  0.8401±0.0085  0.8416±0.0089               0.0000         475
s2/det/pgd/2_layers/[hidden_dims=(32,16),detector_dims=(64,32),wrap_at=(0,)]                 ctu13    det  1      10          0.8284        0.3934         0.9927       0.9887         0.8236          0.9914         0.2500     0.9043  0.6685±0.1245  0.6400±0.1227               0.0000         120
s2/det/pgd/2_layers/[hidden_dims=(32,16),detector_dims=(32,16),wrap_at=(0,1)]                ctu13    det  1      10          0.8254        0.2869         0.9942       0.9813         0.8216          0.9869         0.5000     0.9039  0.7833±0.1114  0.7771±0.1123               0.0000         134
s2/fur/adaptive/2_layers/[hidden_dims=(128,64),detector_dims=(64,32),wrap_at=(0,1)]          ctu13    det  1      10          0.8523        0.2252         0.9586       0.9217         0.8181          0.9810         0.4500     0.9025  0.6373±0.0523  0.6462±0.0462               0.0000         328
s2/fur/pgd/2_layers/[hidden_dims=(32,16),detector_dims=(32,16),wrap_at=(1,)]                 ctu13    det  1      10          0.8299        0.1571         0.9893       0.9710         0.8230          0.9800         0.5200     0.9018  0.3659±0.0667  0.3688±0.0671               0.0000         143
s2/det/adaptive/3_layers/[hidden_dims=(128,64,16),detector_dims=(64,32),wrap_at=(0,1,2)]     ctu13    det  1      10          0.8475        0.3912         0.9593       0.8693         0.8137          0.9782         0.4500     0.9013  0.9275±0.0818  0.9193±0.0732               0.0000         362
s2/det/adaptive/3_layers/[hidden_dims=(256,128,32),detector_dims=(64,32),wrap_at=(0,1,2)]    ctu13    det  1      10          0.8558        0.3988         0.9545       0.8777         0.8153          0.9713         0.4500     0.9006  0.8699±0.0917  0.9009±0.0937               0.0000         363
s2/fur/adaptive/2_layers/[hidden_dims=(128,64),detector_dims=(32,16),wrap_at=(0,1)]          ctu13    det  1      10          0.8479        0.2653         0.9631       0.9167         0.8192          0.9773         0.4100     0.9000  0.6289±0.0530  0.6292±0.0520               0.0000         332
s2/fur/adaptive/2_layers/[hidden_dims=(128,64),detector_dims=(64,32),wrap_at=(0,)]           ctu13    det  1      10          0.8535        0.2823         0.9445       0.9295         0.8040          0.9764         0.3200     0.8988  0.4090±0.0582  0.4134±0.0528               0.0000         242
s2/fur/adaptive/2_layers/[hidden_dims=(128,64),detector_dims=(32,16),wrap_at=(0,)]           ctu13    det  1      10          0.8500        0.2529         0.9398       0.9228         0.7986          0.9765         0.3500     0.8952  0.4655±0.0524  0.4768±0.0618               0.0000         248
s2/fur/adaptive/3_layers/[hidden_dims=(256,128,32),detector_dims=(64,32),wrap_at=(2,)]       ctu13    det  1      10          0.8616        0.1989         0.9664       0.8720         0.8336          0.9681         0.5400     0.8942  0.5528±0.0097  0.5534±0.0106               0.0000         305
s2/det/adaptive/2_layers/[hidden_dims=(128,64),detector_dims=(64,32),wrap_at=(0,1)]          ctu13    det  1      10          0.8407        0.3879         0.9685       0.8550         0.8136          0.9696         0.4900     0.8931  0.6777±0.1759  0.5523±0.1460               0.0000         295
s2/det/adaptive/3_layers/[hidden_dims=(128,64,16),detector_dims=(64,32),wrap_at=(0,2)]       ctu13    det  1      10          0.8437        0.3673         0.9505       0.8575         0.7999          0.9710         0.4800     0.8900  0.5602±0.0987  0.5966±0.0955               0.0000         293
s2/det/adaptive/3_layers/[hidden_dims=(128,64,16),detector_dims=(64,32),wrap_at=(0,)]        ctu13    det  1      10          0.8502        0.3232         0.9574       0.8758         0.8133          0.9601         0.3600     0.8886  0.4176±0.1038  0.4086±0.0990               0.0000         245
s2/fur/adaptive/2_layers/[hidden_dims=(64,32),detector_dims=(32,16),wrap_at=(0,1)]           ctu13    det  1      10          0.8418        0.2742         0.9491       0.8941         0.7998          0.9697         0.4800     0.8870  0.4740±0.0677  0.4502±0.0310               0.0000         333
s2/fur/adaptive/2_layers/[hidden_dims=(32,16),detector_dims=(64,32),wrap_at=(0,1)]           ctu13    det  1      10          0.8343        0.3353         0.9583       0.9083         0.8014          0.9759         0.5300     0.8860  0.6787±0.0954  0.6715±0.0556               0.0000         324
s2/det/adaptive/2_layers/[hidden_dims=(128,64),detector_dims=(32,16),wrap_at=(0,)]           ctu13    det  1      10          0.8413        0.3102         0.9360       0.8934         0.7873          0.9650         0.4300     0.8833  0.3659±0.0756  0.3539±0.0655               0.0000         241
s2/det/adaptive/2_layers/[hidden_dims=(64,32),detector_dims=(32,16),wrap_at=(0,1)]           ctu13    det  1      10          0.8394        0.4777         0.9363       0.8358         0.7887          0.9661         0.4500     0.8816  0.5553±0.0792  0.5449±0.0812               0.0000         305
s2/fur/adaptive/2_layers/[hidden_dims=(64,32),detector_dims=(64,32),wrap_at=(0,)]            ctu13    det  1      10          0.8379        0.3714         0.9633       0.8685         0.8086          0.9592         0.5200     0.8806  0.4513±0.0629  0.4213±0.0351               0.0000         269
s2/det/adaptive/2_layers/[hidden_dims=(128,64),detector_dims=(64,32),wrap_at=(0,)]           ctu13    det  1      10          0.8475        0.3657         0.9529       0.8247         0.8071          0.9502         0.4800     0.8804  0.4745±0.1595  0.4038±0.1008               0.0000         224
s2/fur/adaptive/2_layers/[hidden_dims=(32,16),detector_dims=(32,16),wrap_at=(0,1)]           ctu13    det  1      10          0.8336        0.3467         0.9508       0.8854         0.7966          0.9637         0.5000     0.8799  0.6273±0.0445  0.6254±0.0467               0.0000         348
s2/det/adaptive/2_layers/[hidden_dims=(128,64),detector_dims=(32,16),wrap_at=(0,1)]          ctu13    det  1      10          0.8432        0.4128         0.9201       0.8538         0.7762          0.9736         0.4700     0.8798  0.5755±0.0812  0.5750±0.0812               0.0000         301
s2/fur/adaptive/2_layers/[hidden_dims=(128,64),detector_dims=(64,32),wrap_at=(1,)]           ctu13    det  1      10          0.8449        0.2920         0.9094       0.8461         0.7695          0.9609         0.4200     0.8774  0.4956±0.0715  0.4695±0.0536               0.0000         258
s2/fur/adaptive/2_layers/[hidden_dims=(64,32),detector_dims=(64,32),wrap_at=(0,1)]           ctu13    det  1      10          0.8421        0.3482         0.9458       0.8366         0.7982          0.9499         0.4800     0.8766  0.4518±0.0323  0.4500±0.0286               0.0000         330
s2/fur/adaptive/2_layers/[hidden_dims=(32,16),detector_dims=(64,32),wrap_at=(0,)]            ctu13    det  1      10          0.8320        0.3678         0.9293       0.9017         0.7771          0.9741         0.4900     0.8765  0.5728±0.0526  0.5709±0.0507               0.0000         258
s2/fur/adaptive/2_layers/[hidden_dims=(32,16),detector_dims=(32,16),wrap_at=(0,)]            ctu13    det  1      10          0.8286        0.3901         0.9265       0.8730         0.7706          0.9649         0.3800     0.8743  0.5077±0.1372  0.3708±0.0670               0.0000         255
s2/fur/adaptive/2_layers/[hidden_dims=(64,32),detector_dims=(32,16),wrap_at=(0,)]            ctu13    det  1      10          0.8363        0.3638         0.9244       0.9003         0.7730          0.9647         0.3900     0.8742  0.4038±0.0743  0.3561±0.0625               0.0000         257
s2/det/pgd/2_layers/[hidden_dims=(32,16),detector_dims=(64,32),wrap_at=(1,)]                 ctu13    det  1      10          0.8181        0.3468         0.9476       0.9392         0.7772          0.9672         0.4800     0.8724  0.4266±0.0624  0.4185±0.0663               0.0000         124
s2/fur/adaptive/2_layers/[hidden_dims=(128,64),detector_dims=(32,16),wrap_at=(1,)]           ctu13    det  1      10          0.8436        0.2874         0.9349       0.7804         0.7936          0.9487         0.4400     0.8721  0.4211±0.0522  0.4163±0.0484               0.0000         255
s2/fur/adaptive/2_layers/[hidden_dims=(32,16),detector_dims=(64,32),wrap_at=(1,)]            ctu13    det  1      10          0.8260        0.2379         0.9324       0.8315         0.7729          0.9539         0.4500     0.8658  0.5520±0.0824  0.5675±0.0960               0.0000         260
s2/det/pgd/2_layers/[hidden_dims=(64,32),detector_dims=(64,32),wrap_at=(1,)]                 ctu13    det  1       9          0.8263        0.4093         0.9509       0.9143         0.7877          0.9445         0.4000     0.8639  0.4411±0.0881  0.4157±0.0657               0.0000         106
s2/det/adaptive/2_layers/[hidden_dims=(32,16),detector_dims=(32,16),wrap_at=(0,1)]           ctu13    det  1      10          0.8211        0.4409         0.9335       0.8081         0.7675          0.9530         0.4800     0.8639  0.6251±0.0466  0.6220±0.0462               0.0000         304
s2/det/adaptive/2_layers/[hidden_dims=(64,32),detector_dims=(64,32),wrap_at=(0,)]            ctu13    det  1      10          0.8359        0.3833         0.9217       0.8315         0.7742          0.9604         0.5200     0.8626  0.3646±0.0781  0.3493±0.0632               0.0000         239
s2/fur/adaptive/3_layers/[hidden_dims=(128,64,16),detector_dims=(64,32),wrap_at=(2,)]        ctu13    det  1       6          0.8382        0.2488         0.9368       0.7459         0.7860          0.9361         0.4900     0.8609  0.4014±0.0371  0.4019±0.0370               0.0000         164
s2/det/pgd/2_layers/[hidden_dims=(64,32),detector_dims=(32,16),wrap_at=(1,)]                 ctu13    det  1      10          0.8337        0.3218         0.9485       0.9066         0.7909          0.9280         0.4600     0.8589  0.7000±0.1204  0.6490±0.1392               0.0000         121
s2/fur/adaptive/2_layers/[hidden_dims=(64,32),detector_dims=(32,16),wrap_at=(1,)]            ctu13    det  1      10          0.8430        0.2455         0.9440       0.7616         0.7957          0.9214         0.4900     0.8588  0.5457±0.0877  0.5550±0.0744               0.0000         248
s2/det/adaptive/2_layers/[hidden_dims=(64,32),detector_dims=(64,32),wrap_at=(0,1)]           ctu13    det  1      10          0.8375        0.4701         0.8524       0.8207         0.7207          0.9634         0.4200     0.8557  0.6856±0.0687  0.6877±0.0668               0.0000         299
s2/det/pgd/2_layers/[hidden_dims=(32,16),detector_dims=(32,16),wrap_at=(1,)]                 ctu13    det  1      10          0.8117        0.3332         0.9350       0.9145         0.7658          0.9412         0.4400     0.8520  0.6058±0.1464  0.5563±0.1324               0.0000         124
s2/det/adaptive/2_layers/[hidden_dims=(64,32),detector_dims=(32,16),wrap_at=(0,)]            ctu13    det  1      10          0.8370        0.4160         0.9295       0.8105         0.7766          0.9246         0.4900     0.8502  0.5963±0.0676  0.5929±0.0821               0.0000         234
s2/det/adaptive/2_layers/[hidden_dims=(32,16),detector_dims=(64,32),wrap_at=(0,1)]           ctu13    det  1      10          0.8155        0.4940         0.8395       0.7862         0.6887          0.9634         0.4300     0.8494  0.5439±0.0810  0.5479±0.0792               0.0000         301
s2/fur/adaptive/2_layers/[hidden_dims=(32,16),detector_dims=(32,16),wrap_at=(1,)]            ctu13    det  1      10          0.8264        0.2338         0.9227       0.7809         0.7670          0.9231         0.4800     0.8471  0.5471±0.0726  0.5401±0.0753               0.0000         259
s2/fur/adaptive/2_layers/[hidden_dims=(64,32),detector_dims=(64,32),wrap_at=(1,)]            ctu13    det  1      10          0.8378        0.3207         0.9616       0.6885         0.8077          0.9003         0.5600     0.8450  0.5007±0.0567  0.5142±0.0988               0.0000         275
s2/det/adaptive/2_layers/[hidden_dims=(32,16),detector_dims=(32,16),wrap_at=(0,)]            ctu13    det  1      10          0.8130        0.4425         0.9225       0.7542         0.7545          0.9287         0.4900     0.8423  0.3534±0.0628  0.3505±0.0675               0.0000         238
s2/det/pgd/3_layers/[hidden_dims=(128,64,16),detector_dims=(64,32),wrap_at=(2,)]             ctu13    det  1      10          0.8474        0.2728         0.8390       0.8513         0.7199          0.8906         0.4400     0.8094  0.4425±0.0702  0.4366±0.0704               0.0000         140
s2/det/adaptive/2_layers/[hidden_dims=(32,16),detector_dims=(64,32),wrap_at=(0,)]            ctu13    det  1      10          0.8284        0.5075         0.8679       0.5755         0.7261          0.8745         0.4600     0.8067  0.3731±0.0781  0.6096±0.1267               0.0000         239
s2/det/adaptive/2_layers/[hidden_dims=(128,64),detector_dims=(32,16),wrap_at=(1,)]           ctu13    det  1       9          0.8387        0.4274         0.8895       0.4893         0.7470          0.8526         0.4800     0.8050  0.5768±0.0491  0.5773±0.0492               0.0000         204
s2/det/pgd/3_layers/[hidden_dims=(256,128,32),detector_dims=(64,32),wrap_at=(2,)]            ctu13    det  1      10          0.8547        0.3392         0.8636       0.7772         0.7480          0.8512         0.4800     0.8022  0.6059±0.0567  0.6037±0.0545               0.0000         143
s2/det/adaptive/2_layers/[hidden_dims=(128,64),detector_dims=(64,32),wrap_at=(1,)]           ctu13    det  1       9          0.8363        0.4506         0.8235       0.5069         0.6912          0.8588         0.4600     0.7939  0.3547±0.0569  0.3571±0.0570               0.0000         209
s2/det/adaptive/3_layers/[hidden_dims=(256,128,32),detector_dims=(64,32),wrap_at=(2,)]       ctu13    det  1       9          0.8535        0.4071         0.7855       0.5434         0.6823          0.8426         0.4600     0.7763  0.6212±0.0758  0.6203±0.0720               0.0000         214
s2/det/adaptive/2_layers/[hidden_dims=(64,32),detector_dims=(32,16),wrap_at=(1,)]            ctu13    det  1      10          0.8329        0.4340         0.7839       0.5523         0.6542          0.8650         0.4800     0.7721  0.3634±0.0739  0.3658±0.0712               0.0000         236
s2/det/adaptive/3_layers/[hidden_dims=(128,64,16),detector_dims=(64,32),wrap_at=(2,)]        ctu13    det  1      10          0.8466        0.3574         0.8349       0.5090         0.7154          0.8108         0.4900     0.7649  0.4792±0.1062  0.4154±0.0929               0.0000         240
s2/det/adaptive/2_layers/[hidden_dims=(64,32),detector_dims=(64,32),wrap_at=(1,)]            ctu13    det  1       9          0.8263        0.4987         0.7973       0.4732         0.6634          0.8728         0.5100     0.7623  0.6261±0.1334  0.6214±0.1164               0.0000         220
s2/clo/pgd/3_layers/[hidden_dims=(256,128,32),wrap_at=(0,)]                                  ctu13    adv  1      10          0.7953        0.6873              -            -         0.7953          0.6873              -     0.7432  0.1672±0.0062  0.1643±0.0018               0.0000         166
s2/clo/pgd/3_layers/[hidden_dims=(192,64,16),wrap_at=(2,)]                                   ctu13    adv  1      10          0.7916        0.6855              -            -         0.7916          0.6855              -     0.7405  0.2558±0.0049  0.2567±0.0045               0.0000         170
s2/clo/pgd/3_layers/[hidden_dims=(192,64,16),wrap_at=(0,)]                                   ctu13    adv  1      10          0.7951        0.6827              -            -         0.7951          0.6827              -     0.7396  0.1671±0.0065  0.1642±0.0017               0.0000         166
s2/clo/pgd/3_layers/[hidden_dims=(256,128,32),wrap_at=(2,)]                                  ctu13    adv  1       7          0.7956        0.6794              -            -         0.7956          0.6793              -     0.7386  0.1678±0.0065  0.1644±0.0020               0.0000         113
s2/clo/pgd/3_layers/[hidden_dims=(256,128,32),wrap_at=(0,1,2)]                               ctu13    adv  1      10          0.7907        0.6823              -            -         0.7907          0.6822              -     0.7379  0.2556±0.0050  0.2553±0.0043               0.0000         203
s2/clo/pgd/2_layers/[hidden_dims=(160,64),wrap_at=(1,)]                                      ctu13    adv  1      10          0.7998        0.6770              -            -         0.7998          0.6770              -     0.7372  0.2131±0.0048  0.2133±0.0053               0.0000         119
s2/clo/pgd/2_layers/[hidden_dims=(160,64),wrap_at=(0,)]                                      ctu13    adv  1      10          0.7986        0.6773              -            -         0.7986          0.6773              -     0.7368  0.2131±0.0051  0.2131±0.0042               0.0000         128
s2/clo/pgd/3_layers/[hidden_dims=(256,128,32),wrap_at=(0,2)]                                 ctu13    adv  1       7          0.7859        0.6839              -            -         0.7859          0.6840              -     0.7366  0.2539±0.0043  0.2553±0.0043               0.0000         114
s2/clo/pgd/2_layers/[hidden_dims=(160,64),wrap_at=(0,1)]                                     ctu13    adv  1      10          0.7913        0.6773              -            -         0.7912          0.6773              -     0.7345  0.2134±0.0042  0.2144±0.0042               0.0000         160
s2/clo/pgd/2_layers/[hidden_dims=(80,32),wrap_at=(1,)]                                       ctu13    adv  1      10          0.7804        0.6711              -            -         0.7804          0.6711              -     0.7274  0.2120±0.0043  0.2098±0.0041               0.0000         122
s2/clo/pgd/2_layers/[hidden_dims=(80,32),wrap_at=(0,)]                                       ctu13    adv  1      10          0.7879        0.6709              -            -         0.7879          0.6709              -     0.7272  0.2116±0.0047  0.2120±0.0049               0.0000         139
s2/clo/pgd/2_layers/[hidden_dims=(48,16),wrap_at=(0,)]                                       ctu13    adv  1       9          0.7712        0.6778              -            -         0.7712          0.6778              -     0.7259  0.2080±0.0039  0.2104±0.0039               0.0000         117
s2/clo/pgd/2_layers/[hidden_dims=(80,32),wrap_at=(0,1)]                                      ctu13    adv  1      10          0.7796        0.6675              -            -         0.7796          0.6675              -     0.7243  0.2121±0.0042  0.2104±0.0041               0.0000         146
s2/clo/pgd/3_layers/[hidden_dims=(192,64,16),wrap_at=(0,2)]                                  ctu13    adv  1       5          0.7615        0.6809              -            -         0.7615          0.6809              -     0.7230  0.1668±0.0066  0.1645±0.0017               0.0000          81
s2/clo/pgd/2_layers/[hidden_dims=(48,16),wrap_at=(1,)]                                       ctu13    adv  1      10          0.7792        0.6693              -            -         0.7792          0.6693              -     0.7226  0.2094±0.0044  0.2092±0.0038               0.0000         117
s2/clo/pgd/2_layers/[hidden_dims=(48,16),wrap_at=(0,1)]                                      ctu13    adv  1       9          0.7680        0.6735              -            -         0.7680          0.6735              -     0.7216  0.2118±0.0047  0.2110±0.0042               0.0000         117
s2/clo/pgd/3_layers/[hidden_dims=(192,64,16),wrap_at=(0,1,2)]                                ctu13    adv  1       6          0.7726        0.6719              -            -         0.7726          0.6719              -     0.7202  0.2595±0.0050  0.2602±0.0052               0.0000         114
s2/det/adaptive/2_layers/[hidden_dims=(32,16),detector_dims=(32,16),wrap_at=(1,)]            ctu13    det  1       5          0.7771        0.6092         0.6299       0.5253         0.5323          0.8361         0.5000     0.6852  0.3596±0.0697  0.3550±0.0666               0.0000         116
s2/det/adaptive/2_layers/[hidden_dims=(32,16),detector_dims=(64,32),wrap_at=(1,)]            ctu13    det  1       5          0.7724        0.6205         0.8158       0.3132         0.6587          0.7583         0.5300     0.6819  0.5498±0.0683  0.5497±0.0654               0.0000         122

== val_score: esperimento x dataset ==
experiment                                                                                  ctu13
-----------------------------------------------------------------------------------------  ------
s2/det/pgd/2_layers/[hidden_dims=(32,16),detector_dims=(32,16),wrap_at=(0,)]               0.9062
s2/det/pgd/2_layers/[hidden_dims=(32,16),detector_dims=(32,16),wrap_at=(1,)]               0.8520
s2/det/pgd/2_layers/[hidden_dims=(32,16),detector_dims=(32,16),wrap_at=(0,1)]              0.9039
s2/det/pgd/2_layers/[hidden_dims=(32,16),detector_dims=(64,32),wrap_at=(0,)]               0.9043
s2/det/pgd/2_layers/[hidden_dims=(32,16),detector_dims=(64,32),wrap_at=(1,)]               0.8724
s2/det/pgd/2_layers/[hidden_dims=(32,16),detector_dims=(64,32),wrap_at=(0,1)]              0.9052
s2/det/pgd/2_layers/[hidden_dims=(64,32),detector_dims=(32,16),wrap_at=(0,)]               0.9124
s2/det/pgd/2_layers/[hidden_dims=(64,32),detector_dims=(32,16),wrap_at=(1,)]               0.8589
s2/det/pgd/2_layers/[hidden_dims=(64,32),detector_dims=(32,16),wrap_at=(0,1)]              0.9123
s2/det/pgd/2_layers/[hidden_dims=(64,32),detector_dims=(64,32),wrap_at=(0,)]               0.9102
s2/det/pgd/2_layers/[hidden_dims=(64,32),detector_dims=(64,32),wrap_at=(1,)]               0.8639
s2/det/pgd/2_layers/[hidden_dims=(64,32),detector_dims=(64,32),wrap_at=(0,1)]              0.9123
s2/det/pgd/2_layers/[hidden_dims=(128,64),detector_dims=(32,16),wrap_at=(0,)]              0.9183
s2/det/pgd/2_layers/[hidden_dims=(128,64),detector_dims=(32,16),wrap_at=(1,)]              0.9155
s2/det/pgd/2_layers/[hidden_dims=(128,64),detector_dims=(32,16),wrap_at=(0,1)]             0.9183
s2/det/pgd/2_layers/[hidden_dims=(128,64),detector_dims=(64,32),wrap_at=(0,)]              0.9196
s2/det/pgd/2_layers/[hidden_dims=(128,64),detector_dims=(64,32),wrap_at=(1,)]              0.9129
s2/det/pgd/2_layers/[hidden_dims=(128,64),detector_dims=(64,32),wrap_at=(0,1)]             0.9203
s2/det/pgd/3_layers/[hidden_dims=(128,64,16),detector_dims=(64,32),wrap_at=(0,)]           0.9196
s2/det/pgd/3_layers/[hidden_dims=(128,64,16),detector_dims=(64,32),wrap_at=(2,)]           0.8094
s2/det/pgd/3_layers/[hidden_dims=(128,64,16),detector_dims=(64,32),wrap_at=(0,2)]          0.9130
s2/det/pgd/3_layers/[hidden_dims=(128,64,16),detector_dims=(64,32),wrap_at=(0,1,2)]        0.9158
s2/det/pgd/3_layers/[hidden_dims=(256,128,32),detector_dims=(64,32),wrap_at=(0,)]          0.9260
s2/det/pgd/3_layers/[hidden_dims=(256,128,32),detector_dims=(64,32),wrap_at=(2,)]          0.8022
s2/det/pgd/3_layers/[hidden_dims=(256,128,32),detector_dims=(64,32),wrap_at=(0,2)]         0.9284
s2/det/pgd/3_layers/[hidden_dims=(256,128,32),detector_dims=(64,32),wrap_at=(0,1,2)]       0.9246
s2/det/adaptive/2_layers/[hidden_dims=(32,16),detector_dims=(32,16),wrap_at=(0,)]          0.8423
s2/det/adaptive/2_layers/[hidden_dims=(32,16),detector_dims=(32,16),wrap_at=(1,)]          0.6852
s2/det/adaptive/2_layers/[hidden_dims=(32,16),detector_dims=(32,16),wrap_at=(0,1)]         0.8639
s2/det/adaptive/2_layers/[hidden_dims=(32,16),detector_dims=(64,32),wrap_at=(0,)]          0.8067
s2/det/adaptive/2_layers/[hidden_dims=(32,16),detector_dims=(64,32),wrap_at=(1,)]          0.6819
s2/det/adaptive/2_layers/[hidden_dims=(32,16),detector_dims=(64,32),wrap_at=(0,1)]         0.8494
s2/det/adaptive/2_layers/[hidden_dims=(64,32),detector_dims=(32,16),wrap_at=(0,)]          0.8502
s2/det/adaptive/2_layers/[hidden_dims=(64,32),detector_dims=(32,16),wrap_at=(1,)]          0.7721
s2/det/adaptive/2_layers/[hidden_dims=(64,32),detector_dims=(32,16),wrap_at=(0,1)]         0.8816
s2/det/adaptive/2_layers/[hidden_dims=(64,32),detector_dims=(64,32),wrap_at=(0,)]          0.8626
s2/det/adaptive/2_layers/[hidden_dims=(64,32),detector_dims=(64,32),wrap_at=(1,)]          0.7623
s2/det/adaptive/2_layers/[hidden_dims=(64,32),detector_dims=(64,32),wrap_at=(0,1)]         0.8557
s2/det/adaptive/2_layers/[hidden_dims=(128,64),detector_dims=(32,16),wrap_at=(0,)]         0.8833
s2/det/adaptive/2_layers/[hidden_dims=(128,64),detector_dims=(32,16),wrap_at=(1,)]         0.8050
s2/det/adaptive/2_layers/[hidden_dims=(128,64),detector_dims=(32,16),wrap_at=(0,1)]        0.8798
s2/det/adaptive/2_layers/[hidden_dims=(128,64),detector_dims=(64,32),wrap_at=(0,)]         0.8804
s2/det/adaptive/2_layers/[hidden_dims=(128,64),detector_dims=(64,32),wrap_at=(1,)]         0.7939
s2/det/adaptive/2_layers/[hidden_dims=(128,64),detector_dims=(64,32),wrap_at=(0,1)]        0.8931
s2/det/adaptive/3_layers/[hidden_dims=(128,64,16),detector_dims=(64,32),wrap_at=(0,)]      0.8886
s2/det/adaptive/3_layers/[hidden_dims=(128,64,16),detector_dims=(64,32),wrap_at=(2,)]      0.7649
s2/det/adaptive/3_layers/[hidden_dims=(128,64,16),detector_dims=(64,32),wrap_at=(0,2)]     0.8900
s2/det/adaptive/3_layers/[hidden_dims=(128,64,16),detector_dims=(64,32),wrap_at=(0,1,2)]   0.9013
s2/det/adaptive/3_layers/[hidden_dims=(256,128,32),detector_dims=(64,32),wrap_at=(0,)]     0.9059
s2/det/adaptive/3_layers/[hidden_dims=(256,128,32),detector_dims=(64,32),wrap_at=(2,)]     0.7763
s2/det/adaptive/3_layers/[hidden_dims=(256,128,32),detector_dims=(64,32),wrap_at=(0,2)]    0.9126
s2/det/adaptive/3_layers/[hidden_dims=(256,128,32),detector_dims=(64,32),wrap_at=(0,1,2)]  0.9006
s2/fur/pgd/2_layers/[hidden_dims=(32,16),detector_dims=(32,16),wrap_at=(0,)]               0.9101
s2/fur/pgd/2_layers/[hidden_dims=(32,16),detector_dims=(32,16),wrap_at=(1,)]               0.9018
s2/fur/pgd/2_layers/[hidden_dims=(32,16),detector_dims=(32,16),wrap_at=(0,1)]              0.9081
s2/fur/pgd/2_layers/[hidden_dims=(32,16),detector_dims=(64,32),wrap_at=(0,)]               0.9122
s2/fur/pgd/2_layers/[hidden_dims=(32,16),detector_dims=(64,32),wrap_at=(1,)]               0.9058
s2/fur/pgd/2_layers/[hidden_dims=(32,16),detector_dims=(64,32),wrap_at=(0,1)]              0.9119
s2/fur/pgd/2_layers/[hidden_dims=(64,32),detector_dims=(32,16),wrap_at=(0,)]               0.9139
s2/fur/pgd/2_layers/[hidden_dims=(64,32),detector_dims=(32,16),wrap_at=(1,)]               0.9060
s2/fur/pgd/2_layers/[hidden_dims=(64,32),detector_dims=(32,16),wrap_at=(0,1)]              0.9153
s2/fur/pgd/2_layers/[hidden_dims=(64,32),detector_dims=(64,32),wrap_at=(0,)]               0.9152
s2/fur/pgd/2_layers/[hidden_dims=(64,32),detector_dims=(64,32),wrap_at=(1,)]               0.9123
s2/fur/pgd/2_layers/[hidden_dims=(64,32),detector_dims=(64,32),wrap_at=(0,1)]              0.9167
s2/fur/pgd/2_layers/[hidden_dims=(128,64),detector_dims=(32,16),wrap_at=(0,)]              0.9220
s2/fur/pgd/2_layers/[hidden_dims=(128,64),detector_dims=(32,16),wrap_at=(1,)]              0.9176
s2/fur/pgd/2_layers/[hidden_dims=(128,64),detector_dims=(32,16),wrap_at=(0,1)]             0.9191
s2/fur/pgd/2_layers/[hidden_dims=(128,64),detector_dims=(64,32),wrap_at=(0,)]              0.9202
s2/fur/pgd/2_layers/[hidden_dims=(128,64),detector_dims=(64,32),wrap_at=(1,)]              0.9164
s2/fur/pgd/2_layers/[hidden_dims=(128,64),detector_dims=(64,32),wrap_at=(0,1)]             0.9253
s2/fur/pgd/3_layers/[hidden_dims=(128,64,16),detector_dims=(64,32),wrap_at=(0,)]           0.9219
s2/fur/pgd/3_layers/[hidden_dims=(128,64,16),detector_dims=(64,32),wrap_at=(2,)]           0.9075
s2/fur/pgd/3_layers/[hidden_dims=(128,64,16),detector_dims=(64,32),wrap_at=(0,2)]          0.9266
s2/fur/pgd/3_layers/[hidden_dims=(128,64,16),detector_dims=(64,32),wrap_at=(0,1,2)]        0.9232
s2/fur/pgd/3_layers/[hidden_dims=(256,128,32),detector_dims=(64,32),wrap_at=(0,)]          0.9289
s2/fur/pgd/3_layers/[hidden_dims=(256,128,32),detector_dims=(64,32),wrap_at=(2,)]          0.9127
s2/fur/pgd/3_layers/[hidden_dims=(256,128,32),detector_dims=(64,32),wrap_at=(0,2)]         0.9301
s2/fur/pgd/3_layers/[hidden_dims=(256,128,32),detector_dims=(64,32),wrap_at=(0,1,2)]       0.9281
s2/fur/adaptive/2_layers/[hidden_dims=(32,16),detector_dims=(32,16),wrap_at=(0,)]          0.8743
s2/fur/adaptive/2_layers/[hidden_dims=(32,16),detector_dims=(32,16),wrap_at=(1,)]          0.8471
s2/fur/adaptive/2_layers/[hidden_dims=(32,16),detector_dims=(32,16),wrap_at=(0,1)]         0.8799
s2/fur/adaptive/2_layers/[hidden_dims=(32,16),detector_dims=(64,32),wrap_at=(0,)]          0.8765
s2/fur/adaptive/2_layers/[hidden_dims=(32,16),detector_dims=(64,32),wrap_at=(1,)]          0.8658
s2/fur/adaptive/2_layers/[hidden_dims=(32,16),detector_dims=(64,32),wrap_at=(0,1)]         0.8860
s2/fur/adaptive/2_layers/[hidden_dims=(64,32),detector_dims=(32,16),wrap_at=(0,)]          0.8742
s2/fur/adaptive/2_layers/[hidden_dims=(64,32),detector_dims=(32,16),wrap_at=(1,)]          0.8588
s2/fur/adaptive/2_layers/[hidden_dims=(64,32),detector_dims=(32,16),wrap_at=(0,1)]         0.8870
s2/fur/adaptive/2_layers/[hidden_dims=(64,32),detector_dims=(64,32),wrap_at=(0,)]          0.8806
s2/fur/adaptive/2_layers/[hidden_dims=(64,32),detector_dims=(64,32),wrap_at=(1,)]          0.8450
s2/fur/adaptive/2_layers/[hidden_dims=(64,32),detector_dims=(64,32),wrap_at=(0,1)]         0.8766
s2/fur/adaptive/2_layers/[hidden_dims=(128,64),detector_dims=(32,16),wrap_at=(0,)]         0.8952
s2/fur/adaptive/2_layers/[hidden_dims=(128,64),detector_dims=(32,16),wrap_at=(1,)]         0.8721
s2/fur/adaptive/2_layers/[hidden_dims=(128,64),detector_dims=(32,16),wrap_at=(0,1)]        0.9000
s2/fur/adaptive/2_layers/[hidden_dims=(128,64),detector_dims=(64,32),wrap_at=(0,)]         0.8988
s2/fur/adaptive/2_layers/[hidden_dims=(128,64),detector_dims=(64,32),wrap_at=(1,)]         0.8774
s2/fur/adaptive/2_layers/[hidden_dims=(128,64),detector_dims=(64,32),wrap_at=(0,1)]        0.9025
s2/fur/adaptive/3_layers/[hidden_dims=(128,64,16),detector_dims=(64,32),wrap_at=(0,)]      0.9151
s2/fur/adaptive/3_layers/[hidden_dims=(128,64,16),detector_dims=(64,32),wrap_at=(2,)]      0.8609
s2/fur/adaptive/3_layers/[hidden_dims=(128,64,16),detector_dims=(64,32),wrap_at=(0,2)]     0.9123
s2/fur/adaptive/3_layers/[hidden_dims=(128,64,16),detector_dims=(64,32),wrap_at=(0,1,2)]   0.9052
s2/fur/adaptive/3_layers/[hidden_dims=(256,128,32),detector_dims=(64,32),wrap_at=(0,)]     0.9153
s2/fur/adaptive/3_layers/[hidden_dims=(256,128,32),detector_dims=(64,32),wrap_at=(2,)]     0.8942
s2/fur/adaptive/3_layers/[hidden_dims=(256,128,32),detector_dims=(64,32),wrap_at=(0,2)]    0.9207
s2/fur/adaptive/3_layers/[hidden_dims=(256,128,32),detector_dims=(64,32),wrap_at=(0,1,2)]  0.9128
s2/clo/pgd/2_layers/[hidden_dims=(48,16),wrap_at=(0,)]                                     0.7259
s2/clo/pgd/2_layers/[hidden_dims=(48,16),wrap_at=(1,)]                                     0.7226
s2/clo/pgd/2_layers/[hidden_dims=(48,16),wrap_at=(0,1)]                                    0.7216
s2/clo/pgd/2_layers/[hidden_dims=(80,32),wrap_at=(0,)]                                     0.7272
s2/clo/pgd/2_layers/[hidden_dims=(80,32),wrap_at=(1,)]                                     0.7274
s2/clo/pgd/2_layers/[hidden_dims=(80,32),wrap_at=(0,1)]                                    0.7243
s2/clo/pgd/2_layers/[hidden_dims=(160,64),wrap_at=(0,)]                                    0.7368
s2/clo/pgd/2_layers/[hidden_dims=(160,64),wrap_at=(1,)]                                    0.7372
s2/clo/pgd/2_layers/[hidden_dims=(160,64),wrap_at=(0,1)]                                   0.7345
s2/clo/pgd/3_layers/[hidden_dims=(192,64,16),wrap_at=(0,)]                                 0.7396
s2/clo/pgd/3_layers/[hidden_dims=(192,64,16),wrap_at=(2,)]                                 0.7405
s2/clo/pgd/3_layers/[hidden_dims=(192,64,16),wrap_at=(0,2)]                                0.7230
s2/clo/pgd/3_layers/[hidden_dims=(192,64,16),wrap_at=(0,1,2)]                              0.7202
s2/clo/pgd/3_layers/[hidden_dims=(256,128,32),wrap_at=(0,)]                                0.7432
s2/clo/pgd/3_layers/[hidden_dims=(256,128,32),wrap_at=(2,)]                                0.7386
s2/clo/pgd/3_layers/[hidden_dims=(256,128,32),wrap_at=(0,2)]                               0.7366
s2/clo/pgd/3_layers/[hidden_dims=(256,128,32),wrap_at=(0,1,2)]                             0.7379